Indexing opening suite...
Started game 3 of 800 (MeikeChess vs SF_20knodes)
Started game 5 of 800 (MeikeChess vs SF_20knodes)
Started game 4 of 800 (SF_20knodes vs MeikeChess)
Started game 6 of 800 (SF_20knodes vs MeikeChess)
Started game 1 of 800 (MeikeChess vs SF_20knodes)
Started game 2 of 800 (SF_20knodes vs MeikeChess)
Warning; Bestmove does not match beginning of last PV - move e4d5 from MeikeChess
Info; info depth 15 score cp 75 nodes 466644 nps 376022 time 1241 pv e4e5 f6d7 d3d4 a7a5 h2h4 e7h4 f3h4 d8h4 b1d2 c5d4 d2f3 h4g4 c3d4 c8a6 b3c2
Position; startpos
Moves; e2e4 c7c5 g1f3 d7d6 f1c4 g8f6 d2d3 b8c6 c4b3 e7e6 c2c3 f8e7 e1g1 b7b5 f1e1 d6d5
Warning; Bestmove does not match beginning of last PV - move e1f1 from MeikeChess
Info; info depth 15 score cp 101 nodes 134396 nps 409743 time 328 pv c2c3 b4b2 e1g1 f7d8 d4e2 a8c8 f1b1 c8c3 e2c3 b2c3 d3c3 e4c3 b1b3 c3e4 h3f1 f8e7 f1d3 e4c5 e3c5 e7c5 g1g2 e8e7
Position; startpos
Moves; e2e4 c7c6 d2d4 d7d5 e4e5 c8f5 h2h4 b8a6 g2g4 f5d7 h4h5 f7f6 f2f4 g8h6 f1h3 c6c5 b1c3 c5d4 c3e2 d8b6 e2d4 f6e5 f4e5 e7e6 g4g5 h6f7 g1f3 a6c5 a2a4 a7a5 c1e3 c5e4 d1d3 b6b4
Warning; Bestmove does not match beginning of last PV - move a1c1 from MeikeChess
Info; info depth 18 score cp 53 nodes 150423 nps 491578 time 306 pv d2f3 d5b4 e5d4 c6f3 g2f3 b4d3 e1d1 d3c5 b3c4 c5a4 c4b3 a4c5 b3c2 a7a5 d4e3 a8b8 b2b3 f7f5 a1c1 f8c8 a2a3 g8f7
Position; startpos
Moves; e2e4 c7c5 g1f3 d7d6 f1c4 g8f6 d2d3 b8c6 c4b3 e7e6 c2c3 f8e7 e1g1 b7b5 f1e1 d6d5 e4d5 f6d5 c3c4 b5c4 d3c4 d5b6 d1e2 c8b7 c1f4 c6d4 f3d4 c5d4 c4c5 b6d5 f4e5 e8g8 e2b5 d8c8 b1d2 c8c6 b5c6 b7c6
Warning; Bestmove does not match beginning of last PV - move a2a3 from MeikeChess
Info; info depth 15 score cp 33 nodes 526341 nps 379481 time 1387 pv e1d1 f7f6 e5d4 g8f8 g2g3 e6e5 d4c3 d5c3 c1c3 a7a5 b3c2 d8d4 d2f1 d4d1 c2d1 a8b8 b2b3
Position; startpos
Moves; e2e4 c7c5 g1f3 d7d6 f1c4 g8f6 d2d3 b8c6 c4b3 e7e6 c2c3 f8e7 e1g1 b7b5 f1e1 d6d5 e4d5 f6d5 c3c4 b5c4 d3c4 d5b6 d1e2 c8b7 c1f4 c6d4 f3d4 c5d4 c4c5 b6d5 f4e5 e8g8 e2b5 d8c8 b1d2 c8c6 b5c6 b7c6 a1c1 f8d8
Warning; Bestmove does not match beginning of last PV - move d4f2 from MeikeChess
Info; info depth 15 score cp -35 nodes 458145 nps 388587 time 1179 pv b7c7 d6c8 d4c5 c8b6 c7b6 d1b1 f8b8 e1d1 h7h5 h2h3 b8d8 a3b5 a6b5 a4b5 b6b5 b2b4 a5b4 c3b4 c5b4
Position; startpos
Moves; e2e4 c7c5 g1f3 d7d6 f1c4 g8f6 d2d3 b8c6 c4b3 e7e6 c2c3 f8e7 e1g1 b7b5 f1e1 d6d5 e4e5 f6d7 d3d4 a7a5 b3c2 c5d4 f3d4 c6e5 c1f4 e7f6 d4b5 c8a6 a2a4 e8g8 b1a3 d8b6 d1h5 g7g6 h5e2 a8c8 f4e3 b6b7 a1d1 d7b6 e3d4 e5d7 e2f3 f6d4 b5d6
Warning; Bestmove does not match beginning of last PV - move e7c5 from MeikeChess
Info; info depth 14 score cp 330 nodes 118962 nps 347842 time 342 pv c4h4 d2d7 e7c5 g1g3 h4h5 d7b7 c5d4 c3b5 f8c8 c2d2 d4e5 g3e3 a7a5 b7e7 e5b2 e3e6 h5b5 h3f4
Position; startpos
Moves; e2e4 c7c6 d2d4 d7d5 e4e5 c8f5 h2h4 b8a6 g2g4 f5d7 h4h5 f7f6 f2f4 g8h6 f1h3 c6c5 f4f5 e7e6 f5e6 d7e6 g4g5 e6h3 g1h3 f6g5 c2c3 a6c7 c1g5 f8e7 g5h6 g7h6 d1e2 e8g8 b1d2 c5d4 e2g4 g8h8 g4d4 c7e6 d4g4 d8c8 e1c1 d5d4 h1g1 d4c3 d2e4 c3c2 d1d2 c8c4 e4c3 a8c8 g4c4 c8c4 c1c2
Warning; Bestmove does not match beginning of last PV - move d6b8 from MeikeChess
Info; info depth 14 score cp 0 nodes 265272 nps 345406 time 768 pv d7c5 e1f1 f7f5 d1c2 a5a4 a1a2 g8h7 f1d1 c8c7 f2d4 d6g3 d4f2 g3d6
Position; startpos
Moves; e2e4 c7c5 g1f3 d7d6 f1c4 g8f6 d2d3 b8c6 c4b3 e7e6 c2c3 f8e7 e1g1 b7b5 f1e1 d6d5 e4e5 f6d7 d3d4 a7a5 b3c2 c5d4 f3d4 c6e5 c1f4 e7f6 d4b5 c8a6 a2a4 e8g8 b1a3 d8b6 d1h5 g7g6 h5e2 a8c8 f4e3 b6b7 a1d1 d7b6 e3d4 e5d7 e2f3 f6d4 b5d6 d4f2 f3f2 b7c6 d6c8 f8c8 h2h4 h7h5 a3b5 a6b5 a4b5 c6d6 d1a1 b6c4 c2d1
Warning; Bestmove does not match beginning of last PV - move g7h8 from MeikeChess
Info; info depth 17 score cp 100 nodes 270431 nps 607710 time 445 pv g7e5 d2d3 f7f5 g4f5 g6f6 f3e4 e5d4 d3d4 d5e5 e4f3 e5f5 f3g3 d6e6 d1d2 f5e5 g3f2 e5e3 d4d3 e3d3 d2d3
Position; startpos
Moves; e2e4 c7c5 b1c3 b8c6 g2g3 g7g6 f1g2 f8g7 d2d3 e7e5 g1e2 g8e7 e1g1 d7d6 a2a3 e8g8 a1b1 b7b6 f2f4 e5f4 c1f4 h7h6 d1d2 g8h7 f1f2 c8e6 b1f1 d6d5 e4d5 e7d5 c3b5 a7a6 g2d5 e6d5 f4c7 d8d7 b5c3 c6e5 c7e5 g7e5 c3d5 d7d5 c2c3 a8d8 d2e3 e5g7 e3e4 f8e8 e4d5 d8d5 d3d4 c5d4 f1d1 g6g5 e2d4 h7g6 g1g2 e8d8 g3g4 d8d6 f2d2 b6b5 h2h3 h6h5 g2f3
Finished game 5 (MeikeChess vs SF_20knodes): 1/2-1/2 {Draw by 3-fold repetition}
Started game 7 of 800 (MeikeChess vs SF_20knodes)
Warning; Bestmove does not match beginning of last PV - move g6g7 from MeikeChess
Info; info depth 27 score cp 66 nodes 743016 nps 869024 time 855 pv f7f6 c6a6 d4d3 g3f2 d3d2 f2f3 d2b2 a6a7 b2c2 a7b7 c2c5 f3g2 g6h6 g2f3 c5d5 f3g2 h6g6 g2f3 d5e5 b7b6 g6g7 b6b7 g7h6 f3g3 h6g6 g3f3 f6f5 b7b6 g6f7 g4f5 e5f5 f3g3 f5d5 g3f3 f7e7
Position; startpos
Moves; e2e4 c7c5 b1c3 b8c6 g2g3 g7g6 f1g2 f8g7 d2d3 e7e5 g1e2 g8e7 e1g1 d7d6 a2a3 e8g8 a1b1 b7b6 f2f4 e5f4 c1f4 h7h6 d1d2 g8h7 f1f2 c8e6 b1f1 d6d5 e4d5 e7d5 c3b5 a7a6 g2d5 e6d5 f4c7 d8d7 b5c3 c6e5 c7e5 g7e5 c3d5 d7d5 c2c3 a8d8 d2e3 e5g7 e3e4 f8e8 e4d5 d8d5 d3d4 c5d4 f1d1 g6g5 e2d4 h7g6 g1g2 e8d8 g3g4 d8d6 f2d2 b6b5 h2h3 h6h5 g2f3 g7h8 f3e4 d5c5 e4f3 h8d4 c3d4 c5d5 f3g2 h5g4 h3g4 d6e6 g2f3 e6f6 f3g3 f6f4 d2c2 f4d4 d1d4 d5d4 c2c6
Finished game 3 (MeikeChess vs SF_20knodes): 1-0 {White wins by adjudication}
Started game 8 of 800 (SF_20knodes vs MeikeChess)
Finished game 8 (SF_20knodes vs MeikeChess): 1-0 {Black loses on time (11ms overrun)}
Started game 9 of 800 (MeikeChess vs SF_20knodes)
Warning; Bestmove does not match beginning of last PV - move d1g4 from MeikeChess
Info; info depth 11 score cp 158 nodes 60639 nps 48088 time 1261 pv e1d2 c7c5 a5c5 c8c5 d1g4 g7g8 g4d4 c5c2 d2b4 e7b4 d4b4 c2b1 g1h2 b1a2
Position; startpos
Moves; d2d4 d7d5 c2c4 c7c6 e2e3 g8f6 b1c3 e7e6 c1d2 b8d7 a1c1 f8d6 c4d5 e6d5 f1d3 e8g8 g1e2 f8e8 d1c2 a7a6 e1g1 c6c5 d4c5 d7c5 f1d1 h7h6 d2e1 b7b5 d3f5 b5b4 f5c8 a8c8 c3a4 g7g6 a4c5 c8c5 c2a4 d8b6 c1c5 d6c5 e2f4 e8b8 f4d5 f6d5 d1d5 c5e7 a4c2 b6e6 c2d1 b8c8 b2b3 c8c7 h2h3 g8g7 d5a5 e6c8
Finished game 2 (SF_20knodes vs MeikeChess): 0-1 {Black wins by adjudication}
Started game 10 of 800 (SF_20knodes vs MeikeChess)
Finished game 9 (MeikeChess vs SF_20knodes): 0-1 {White loses on time (81ms overrun)}
Started game 11 of 800 (MeikeChess vs SF_20knodes)
Finished game 4 (SF_20knodes vs MeikeChess): 1-0 {Black loses on time (248ms overrun)}
Started game 12 of 800 (SF_20knodes vs MeikeChess)
Finished game 1 (MeikeChess vs SF_20knodes): 0-1 {White loses on time (123ms overrun)}
Started game 13 of 800 (MeikeChess vs SF_20knodes)
Warning; Bestmove does not match beginning of last PV - move f3h4 from MeikeChess
Info; info depth 11 score cp -16 nodes 63351 nps 78501 time 807 pv f1e2 h7h6 f3e5 c6e5 f4e5 f8e7 e5f6 e7f6 e3e4 f5e4 d2e4 d5e4 e2c4
Position; startpos
Moves; d2d4 d7d5 c1f4 g8f6 e2e3 c7c5 c2c3 b8c6 b1d2 c8f5 d1b3 d8d7 g1f3 c5c4 b3d1 e7e6
Finished game 11 (MeikeChess vs SF_20knodes): 0-1 {White loses on time (71ms overrun)}
Started game 14 of 800 (SF_20knodes vs MeikeChess)
Finished game 13 (MeikeChess vs SF_20knodes): 0-1 {White loses on time (152ms overrun)}
Started game 15 of 800 (MeikeChess vs SF_20knodes)
Finished game 10 (SF_20knodes vs MeikeChess): 1-0 {Black loses on time (80ms overrun)}
Started game 16 of 800 (SF_20knodes vs MeikeChess)
Finished game 16 (SF_20knodes vs MeikeChess): 1-0 {Black loses on time (25ms overrun)}
Started game 17 of 800 (MeikeChess vs SF_20knodes)
Finished game 14 (SF_20knodes vs MeikeChess): 1-0 {Black loses on time (18ms overrun)}
Started game 18 of 800 (SF_20knodes vs MeikeChess)
Finished game 17 (MeikeChess vs SF_20knodes): 0-1 {White loses on time (126ms overrun)}
Started game 19 of 800 (MeikeChess vs SF_20knodes)
Finished game 18 (SF_20knodes vs MeikeChess): 1-0 {Black loses on time (114ms overrun)}
Started game 20 of 800 (SF_20knodes vs MeikeChess)
Finished game 12 (SF_20knodes vs MeikeChess): 1-0 {Black loses on time (77ms overrun)}
Started game 21 of 800 (MeikeChess vs SF_20knodes)
Warning; Bestmove does not match beginning of last PV - move b1c3 from MeikeChess
Info; info depth 13 score cp 70 nodes 161301 nps 148939 time 1083 pv b2c3 b6a4 c3a5 e8g8 b1d2 b7c6 e1f3 f8b8 g2h3 b8b2 e4e5 f6d7 e5d6 c6d6
Position; startpos
Moves; c2c4 e7e6 g1f3 g8f6 g2g3 a7a6 f1g2 b7b5 b2b3 c8b7 e1g1 c7c5 d2d3 d7d6 c1b2 b8d7 f3e1 b7g2 g1g2 f8e7 e2e4 d8c7 d1e2 c7b7 f2f4 b5c4 b3c4 d7b6
Finished game 19 (MeikeChess vs SF_20knodes): 0-1 {White loses on time (27ms overrun)}
Started game 22 of 800 (SF_20knodes vs MeikeChess)
Finished game 7 (MeikeChess vs SF_20knodes): 0-1 {White loses on time (161ms overrun)}
--------------------------------------------------
Results of MeikeChess vs SF_20knodes (2/move - 20000 nodes, 1t, 128MB, 8moves_v3.pgn):
Elo: -311.26 +/- nan, nElo: -388.44 +/- 181.99
LOS: 0.00 %, DrawRatio: 28.57 %, PairsRatio: 0.00
Games: 14, Wins: 2, Losses: 12, Draws: 0, Points: 2.0 (14.29 %)
Ptnml(0-2): [5, 0, 2, 0, 0], WL/DD Ratio: inf
--------------------------------------------------
Started game 23 of 800 (MeikeChess vs SF_20knodes)
Finished game 15 (MeikeChess vs SF_20knodes): 0-1 {White loses on time (57ms overrun)}
--------------------------------------------------
Results of MeikeChess vs SF_20knodes (2/move - 20000 nodes, 1t, 128MB, 8moves_v3.pgn):
Elo: -338.04 +/- nan, nElo: -425.52 +/- 170.24
LOS: 0.00 %, DrawRatio: 25.00 %, PairsRatio: 0.00
Games: 16, Wins: 2, Losses: 14, Draws: 0, Points: 2.0 (12.50 %)
Ptnml(0-2): [6, 0, 2, 0, 0], WL/DD Ratio: inf
--------------------------------------------------
Started game 24 of 800 (SF_20knodes vs MeikeChess)
Finished game 22 (SF_20knodes vs MeikeChess): 1-0 {Black loses on time (26ms overrun)}
Started game 25 of 800 (MeikeChess vs SF_20knodes)
Warning; Bestmove does not match beginning of last PV - move f8f7 from MeikeChess
Info; info depth 11 score cp -169 nodes 28810 nps 81384 time 354 pv a5a4 c1e3 e7f6 f3e5 d8c7 f2f4 g5f4 e3f4 a4b3 a2b3 a8a1 f1a1 d7e5 g2e4
Position; startpos
Moves; d2d4 e7e6 g1f3 f7f5 g2g3 g8f6 f1g2 f8e7 e1g1 e8g8 b1d2 c7c6 c2c4 d7d5 f3e5 b8d7 e5d3 f6e4 d1c2 a7a5 d2f3 g7g5 b2b3
Warning; Bestmove does not match beginning of last PV - move g1h1 from MeikeChess
Info; info depth 12 score cp 22 nodes 58287 nps 85214 time 684 pv b2b4 e8g6 c2b3 g6f7 b3c2 f5f4 c2e4 c8e8 e4f3 f4e3 f2e3 f7f3 f1f3 f8f3 g2f3 d5e3 c4a6 g7d4 c1c7
Position; startpos
Moves; d2d4 g8f6 g1f3 g7g6 c1f4 f8g7 e2e3 d7d6 h2h3 e8g8 c2c3 b8d7 f1e2 d8e8 b1a3 e7e5 f4h2 a7a6 a3c4 e5e4 f3d2 b7b5 c4a5 f6d5 d1b3 d7b6 c3c4 b5c4 d2c4 c8e6 c4b6 d5b6 b3c2 b6d5 e1g1 f7f5 e2c4 a8c8 a2a3 g6g5 a1c1 g8h8
Finished game 23 (MeikeChess vs SF_20knodes): 0-1 {White loses on time (1ms overrun)}
Started game 26 of 800 (SF_20knodes vs MeikeChess)
Warning; Bestmove does not match beginning of last PV - move g1h1 from MeikeChess
Info; info depth 14 score cp -74 nodes 226520 nps 203156 time 1115 pv f3e1 e6e5 e1d3 c5d4 b2d4 e5d4 f1e1 e7e2 e1e2 e8d8 d3e5 d7e5 e2e5 h8e8 d1d4 d8c7 f2f4
Position; startpos
Moves; c2c4 c7c6 g1f3 d7d5 e2e3 g8f6 b1c3 a7a6 b2b3 c8f5 c1b2 e7e6 f1e2 h7h6 e1g1 b8d7 d2d3 f5g6 e3e4 d5e4 c3e4 g6e4 d3e4 f6e4 e2d3 e4f6 d3c2 f8c5 d1e2 a6a5 a1d1 d8e7
Warning; Bestmove does not match beginning of last PV - move b5c4 from MeikeChess
Info; info depth 13 score cp -178 nodes 114780 nps 106672 time 1076 pv g5f6 e3f4 h5h4 g2f3 a5a4 g1g2 a4b3 a2b3 b5c4 b3c4 d5c4 e5c4 d6e4 f3e4 f5e4
Position; startpos
Moves; d2d4 e7e6 g1f3 f7f5 g2g3 g8f6 f1g2 f8e7 e1g1 e8g8 b1d2 c7c6 c2c4 d7d5 f3e5 b8d7 e5d3 f6e4 d1c2 a7a5 d2f3 g7g5 b2b3 f8f7 c1e3 f7g7 a1c1 h7h5 c1d1 b7b5 f3e5 d7e5 d3e5 c8b7 h2h4 e4d6 h4g5 e7g5 c2c1
Warning; Bestmove does not match beginning of last PV - move c2b1 from MeikeChess
Info; info depth 12 score cp -128 nodes 121272 nps 106285 time 1141 pv b2c3 c5b4 c3a1 e8g8 g2g3 c8b8 a1b2 b4d6 f4g5 h6g5 h1g2 g5g4
Position; startpos
Moves; c2c4 c7c6 g1f3 d7d5 e2e3 g8f6 b1c3 a7a6 b2b3 c8f5 c1b2 e7e6 f1e2 h7h6 e1g1 b8d7 d2d3 f5g6 e3e4 d5e4 c3e4 g6e4 d3e4 f6e4 e2d3 e4f6 d3c2 f8c5 d1e2 a6a5 a1d1 d8e7 g1h1 e8c8 f3d4 h8e8 f2f4 g7g5
Warning; Bestmove does not match beginning of last PV - move d6f7 from MeikeChess
Info; info depth 13 score cp -157 nodes 39668 nps 88151 time 450 pv d5c4 e3g5 d8g5 c1g5 g7g5 d1b1 h5h4 g3h4 g5g7 g1h2 g7h7 f1d1 h7h4 h2g1 g8h7 e5c4 d6c4 b1b7 h7g6 g2c6
Position; startpos
Moves; d2d4 e7e6 g1f3 f7f5 g2g3 g8f6 f1g2 f8e7 e1g1 e8g8 b1d2 c7c6 c2c4 d7d5 f3e5 b8d7 e5d3 f6e4 d1c2 a7a5 d2f3 g7g5 b2b3 f8f7 c1e3 f7g7 a1c1 h7h5 c1d1 b7b5 f3e5 d7e5 d3e5 c8b7 h2h4 e4d6 h4g5 e7g5 c2c1 b5c4 b3c4
Warning; Bestmove does not match beginning of last PV - move c8a6 from MeikeChess
Info; info depth 15 score cp -227 nodes 259519 nps 251960 time 1030 pv f7d6 c4d5 c6d5 b6a4 b8b1 f1b1 g8f7 a4c5 f7e7 e2e3 g5g8 b1b8 d6c4 b8a8 e7d6 c5b7 d6e7 b7a5 c4a5 a8a5
Position; startpos
Moves; d2d4 e7e6 g1f3 f7f5 g2g3 g8f6 f1g2 f8e7 e1g1 e8g8 b1d2 c7c6 c2c4 d7d5 f3e5 b8d7 e5d3 f6e4 d1c2 a7a5 d2f3 g7g5 b2b3 f8f7 c1e3 f7g7 a1c1 h7h5 c1d1 b7b5 f3e5 d7e5 d3e5 c8b7 h2h4 e4d6 h4g5 e7g5 c2c1 b5c4 b3c4 d6f7 e3g5 d8g5 c1g5 g7g5 e5d7 b7c8 d7b6 a8b8 d1b1
Warning; Bestmove does not match beginning of last PV - move h8g8 from MeikeChess
Info; info depth 15 score cp -208 nodes 286302 nps 273973 time 1045 pv g7g5 f3e5 d7e5 d4e5 f6g8 d1d4 a7a8 h3h4 g8e7 c2c7 e7f5 c7f7 f5d4 f7f6 h8g8 f6g6 g8f8
Position; startpos
Moves; c2c4 c7c6 g1f3 d7d5 e2e3 g8f6 b1c3 a7a6 b2b3 c8f5 c1b2 e7e6 f1e2 h7h6 e1g1 b8d7 d2d4 f8b4 e2d3 f5d3 d1d3 e8g8 f1d1 f8e8 a1c1 d8e7 g2g3 a6a5 d3c2 b4c3 b2c3 b7b5 c4b5 c6b5 c3e1 e7a3 c2b1 e8c8 c1c2 a5a4 b3b4 c8c2 b1c2 a8a7 h2h3 g8h8 g1g2
Warning; Bestmove does not match beginning of last PV - move e1f2 from MeikeChess
Info; info depth 14 score cp -63 nodes 250758 nps 225501 time 1112 pv e1g3 b4e7 g2h1 e7c5 g3e1 h6h5 h1g2 c5b6 b1c2 h5h6 a2a3 f6h5 b3b4 f7f5 b4a5 b6c7 a5a6
Position; startpos
Moves; c2c4 c7c6 g1f3 d7d5 e2e3 g8f6 b1c3 a7a6 b2b3 c8f5 c1b2 e7e6 f1e2 h7h6 e1g1 b8d7 d2d3 f5g6 e3e4 d5e4 c3e4 g6e4 d3e4 f6e4 e2d3 e4f6 d3c2 f8c5 d1e2 a6a5 a1d1 d8e7 g1h1 e8c8 f3d4 h8e8 f2f4 g7g5 c2b1 c5a3 b2c3 a3b4 c3b2 b4d6 b2c1 g5g4 c1d2 d6b4 d2e3 h6h5 e3f2 h5h4 f2h4 e8h8 g2g3 h8h4 g3h4 d8h8 e2f2 e7c5 f2g3 c5h5 d4e2 b4c5 g3e1 h5h6 h1g2 c5b4
Warning; Bestmove does not match beginning of last PV - move g4g1 from MeikeChess
Info; info depth 15 score cp -505 nodes 152028 nps 242468 time 627 pv g4g2 h8h7 b2b4 f5f1 g2g1 f1g1 h1g1 g7f8 h2g3 h7g6 g3e1 f8d6 a3a4 g6f5 b4b5 a6b5 a4b5 f5g4 g1g2 h5h4
Position; startpos
Moves; d2d4 g8f6 g1f3 g7g6 c1f4 f8g7 e2e3 d7d6 h2h3 e8g8 c2c3 b8d7 f1e2 d8e8 b1a3 e7e5 f4h2 a7a6 a3c4 e5e4 f3d2 b7b5 c4a5 f6d5 d1b3 d7b6 c3c4 b5c4 d2c4 c8e6 c4b6 d5b6 b3c2 b6d5 e1g1 f7f5 e2c4 a8c8 a2a3 g6g5 a1c1 g8h8 g1h1 f8f6 c2b3 e8f7 a5c6 f5f4 c6b4 c7c6 c4d5 c6d5 c1c8 e6c8 f1c1 c8e6 b4c6 f4e3 b3b8 g7f8 c6d8 f7e8 f2e3 e6h3 d8c6 e8h5 c6e5 f6f2 c1g1 d6e5 b8e5 f8g7 e5g3 h3g2 g1g2 f2f3 g3b8 f3f8 b8g3 f8f1 g2g1 f1f5 g3g4 h5g4 g1g4 h7h5
Warning; Bestmove does not match beginning of last PV - move d3d1 from MeikeChess
Info; info depth 20 score cp 9 nodes 728082 nps 438867 time 1659 pv d3d4 c2c7 f7e6 g2g3 d4d3 g3g2 e6e5 c7b7 f6f5 g4f5 e5f5 b7b4 d3e3 b4b5 f5g4 b5b4 g4h5 b4d4 e3e5 d4d3 e5e2 g2h1 e2e1 h1h2 e1f1 d3h3 h5g4 h3a3
Position; startpos
Moves; e2e4 c7c5 b1c3 b8c6 g2g3 g7g6 f1g2 f8g7 d2d3 e7e5 g1e2 g8e7 e1g1 d7d6 a2a3 e8g8 a1b1 b7b6 f2f4 e5f4 c1f4 h7h6 d1d2 g8h7 f1f2 c8e6 b1f1 d6d5 e4d5 e7d5 c3b5 a7a6 g2d5 e6d5 f4c7 d8d7 b5c3 c6e5 c7e5 g7e5 c3d5 d7d5 c2c3 a8d8 d2e3 e5g7 e3e4 f8e8 e4d5 d8d5 d3d4 c5d4 f1d1 g6g5 e2d4 h7g6 g1g2 e8d8 g3g4 d8d6 f2d2 b6b5 h2h3 h6h5 g2f3 g7h8 f3e4 d5c5 e4f3 h8d4 c3d4 c5d5 f3g2 h5g4 h3g4 d6e6 g2f3 e6f6 f3g3 f6f4 d2c2 f4d4 d1d4 d5d4 c2c6 g6g7 c6a6 d4d3 g3f2 d3b3 a6b6 b3b2 f2g3 b2b1 g3f3 b1b3 f3g2 g7f8 b6b7 b3b2 g2f3 f8g7 b7b6 b2b1 f3e3 b1b3 e3f2 f7f6 b6b7 g7f8 f2g2 f8e8 g2f2 b3a3 b7b8 e8e7 b8b7 e7e8 b7b8 e8d7 b8b5 a3a4 f2g3 a4a3 g3f2 a3a2 f2g3 a2a4 b5b7 d7c6 b7f7 a4f4 f7a7 c6d5 a7a3 d5d6 a3a6 d6c7 a6e6 c7d7 e6e3 f4d4 g3h3 d7d6 e3e1 d4c4 h3g3 c4c3 g3g2 c3c2 g2g3 c2c4 e1b1 c4c3 g3g2 c3e3 b1b6 d6e7 b6b4 e3d3 g2f2 e7d7 b4b6 d3d6 b6b3 d6d4 f2f3 d7e7 f3g3 e7e6 g3f3 e6e5 b3b6 d4f4 f3g3 f4e4 b6c6 e4e3 g3f2 e3b3 c6a6 b3d3 a6a1 e5e6 a1b1 d3d4 f2f3 e6e7 f3g3 d4f4 g3h3 e7f7 b1b3 f4f1 b3b4 f7e7 h3g2 f1c1 b4b6 c1c7 g2f2 e7f7 b6b2 c7d7 f2f3 d7d6 b2c2 d6d3 f3g2
Warning; Bestmove does not match beginning of last PV - move f2g3 from MeikeChess
Info; info depth 15 score cp -110 nodes 115818 nps 204625 time 566 pv f2e1 c5b4 e1f2 h8h6 e2g3 g7h8 f4f5 e6e5 h4h5 f6h5 g3h5 h6h5 f5f6 d7f6 a2a3 b4a3
Position; startpos
Moves; c2c4 c7c6 g1f3 d7d5 e2e3 g8f6 b1c3 a7a6 b2b3 c8f5 c1b2 e7e6 f1e2 h7h6 e1g1 b8d7 d2d3 f5g6 e3e4 d5e4 c3e4 g6e4 d3e4 f6e4 e2d3 e4f6 d3c2 f8c5 d1e2 a6a5 a1d1 d8e7 g1h1 e8c8 f3d4 h8e8 f2f4 g7g5 c2b1 c5a3 b2c3 a3b4 c3b2 b4d6 b2c1 g5g4 c1d2 d6b4 d2e3 h6h5 e3f2 h5h4 f2h4 e8h8 g2g3 h8h4 g3h4 d8h8 e2f2 e7c5 f2g3 c5h5 d4e2 b4c5 g3e1 h5h6 h1g2 c5b4 e1f2 b4e7 g2h1 h6g7 b1c2 e7c5
Finished game 6 (SF_20knodes vs MeikeChess): 1/2-1/2 {Draw by fifty moves rule}
Started game 27 of 800 (MeikeChess vs SF_20knodes)
Finished game 20 (SF_20knodes vs MeikeChess): 1/2-1/2 {Draw by adjudication}
Started game 28 of 800 (SF_20knodes vs MeikeChess)
Finished game 28 (SF_20knodes vs MeikeChess): 1/2-1/2 {Draw by 3-fold repetition}
Started game 29 of 800 (MeikeChess vs SF_20knodes)
Warning; Bestmove does not match beginning of last PV - move f7b3 from MeikeChess
Info; info depth 19 score cp -976 nodes 173136 nps 199235 time 869 pv f7h5 e4c2 g5h6 c2d3 h6g5 e5e6 g5h6 e6e7 h6g5 f6f7 h5f7 e7f7 g5g4 f7g6 g4g3 g6f5 g3f2 f5e4 f2e1 e4d4
Position; startpos
Moves; d2d4 e7e6 g1f3 f7f5 g2g3 g8f6 f1g2 f8e7 e1g1 e8g8 b1d2 c7c6 c2c4 d7d5 f3e5 b8d7 e5d3 f6e4 d1c2 a7a5 d2f3 g7g5 b2b3 f8f7 c1e3 f7g7 a1c1 h7h5 c1d1 b7b5 f3e5 d7e5 d3e5 c8b7 h2h4 e4d6 h4g5 e7g5 c2c1 b5c4 b3c4 d6f7 e3g5 d8g5 c1g5 g7g5 e5d7 b7c8 d7b6 a8b8 d1b1 c8a6 b6d7 b8b1 f1b1 a6c4 b1b8 g8g7 d7f8 g7h8 f8e6 g5g8 b8b7 f7d8 e6d8 g8d8 g2f3 c4a2 b7a7 a2c4 f3h5 d8c8 a7a5 h8g7 f2f4 g7f6 g1f2 c8h8 h5f3 h8c8 a5a7 c6c5 d4c5 c8c5 g3g4 f5g4 f3g4 c5c6 a7b7 c6a6 b7b4 a6a2 b4b6 f6g7 b6d6 a2a4 f4f5 a4a6 f5f6 g7h6 d6a6 c4a6 g4f5 d5d4 f2f3 a6c4 f5d3 c4b3 f3f4 b3f7 f4e5 h6g5 d3e4
Finished game 26 (SF_20knodes vs MeikeChess): 0-1 {Black wins by adjudication}
Started game 30 of 800 (SF_20knodes vs MeikeChess)
Warning; Bestmove does not match beginning of last PV - move e8g8 from MeikeChess
Info; info depth 11 score cp 3 nodes 55388 nps 62303 time 889 pv f6d7 e1g1 e8g8 d2e3 g7c3 b2c3 c8a6 e3h6 f8e8 f2f4 d7f6 d1d3 d8c7
Position; startpos
Moves; c2c4 c7c5 b1c3 g7g6 g1f3 f8g7 d2d4 c5d4 f3d4 b8c6 d4b3 b7b6 e2e4 d7d6 c1d2 g8f6 f1e2
Warning; Bestmove does not match beginning of last PV - move e2d1 from MeikeChess
Info; info depth 15 score cp -1370 nodes 254765 nps 196729 time 1295 pv e2f3 d4d3 c2e2 d5d4 e2e1 b3b2 e1d1 b2d2 d1f1 d2h2 f1d1 d3c3 d1f1 e3e2 f1a1 d4d3 a1a3 c3d2 a3a2 d2d1
Position; startpos
Moves; d2d4 g8f6 g1f3 g7g6 c1f4 f8g7 e2e3 d7d6 h2h3 e8g8 c2c3 b8d7 f1e2 d8e8 b1a3 e7e5 f4h2 a7a6 a3c4 e5e4 f3d2 b7b5 c4a5 f6d5 d1b3 d7b6 c3c4 b5c4 d2c4 c8e6 c4b6 d5b6 b3c2 b6d5 e1g1 f7f5 e2c4 a8c8 a2a3 g6g5 a1c1 g8h8 g1h1 f8f6 c2b3 e8f7 a5c6 f5f4 c6b4 c7c6 c4d5 c6d5 c1c8 e6c8 f1c1 c8e6 b4c6 f4e3 b3b8 g7f8 c6d8 f7e8 f2e3 e6h3 d8c6 e8h5 c6e5 f6f2 c1g1 d6e5 b8e5 f8g7 e5g3 h3g2 g1g2 f2f3 g3b8 f3f8 b8g3 f8f1 g2g1 f1f5 g3g4 h5g4 g1g4 h7h5 g4g1 g7h6 g1b1 g5g4 h2g1 h8h7 b2b4 h5h4 a3a4 f5f6 b4b5 a6b5 a4b5 f6b6 b1b3 h7g6 g1h2 g4g3 h2g3 h4g3 h1g2 g6f5 g2g3 h6e3 b3e3 b6b5 e3a3 b5b4 a3a8 b4d4 a8f8 f5e6 f8e8 e6d6 g3f2 d4d3 f2e2 d3b3 e8a8 d6c5 e2d2 b3f3 a8b8 f3a3 d2e2 c5d4 b8b4 d4e5 b4b5 a3a2 e2e3 a2c2 b5a5 c2b2 a5c5 b2b3 e3e2 e5d4 c5c2 e4e3
Warning; Bestmove does not match beginning of last PV - move g3h3 from MeikeChess
Info; info depth 11 score cp 180 nodes 71288 nps 57816 time 1233 pv g3f3 g8g7 g2g3 g7f7 f3c3 f8b8 f2f3 b6b5 c3b4 c6b6 h4g5 h6g5
Position; startpos
Moves; g1f3 g8f6 c2c4 c7c5 b1c3 b7b6 e2e4 b8c6 d2d4 c5d4 f3d4 c8b7 f1e2 e7e6 c1f4 c6d4 d1d4 f8c5 d4d3 e8g8 e1g1 d7d6 a2a3 a7a5 a1d1 e6e5 f4e3 a5a4 e2f3 b7c6 d1d2 f8e8 f1d1 e8e6 g2g3 h7h6 h2h4 d8e7 f3g2 e7b7 e3c5 d6c5 d3e2 a8b8 g2h3 e6e8 c3d5 f6d5 c4d5 c6d7 h3d7 b7d7 d5d6 b8c8 e2a6 c8b8 d2d5 f7f6 a6c4 g8h8 c4e2 b8c8 e2a6 c8b8 a6d3 h8g8 d3f3 e8d8 d1d2 c5c4 g3g4 d8f8 f3g3 b8c8 g1f1 c8c6 f1g2 g7g5
Warning; Bestmove does not match beginning of last PV - move e2f1 from MeikeChess
Info; info depth 17 score cp -5012 nodes 39025 nps 198096 time 197 pv e2d1 e4d3 d1c1 d3c4 c1b2 c4d3 b2a2 e3e2 a2a3 e2e1q a3b3 e1d2 b3a4 d2e1 a4b3 e1e3 b3b4
Position; startpos
Moves; d2d4 g8f6 g1f3 g7g6 c1f4 f8g7 e2e3 d7d6 h2h3 e8g8 c2c3 b8d7 f1e2 d8e8 b1a3 e7e5 f4h2 a7a6 a3c4 e5e4 f3d2 b7b5 c4a5 f6d5 d1b3 d7b6 c3c4 b5c4 d2c4 c8e6 c4b6 d5b6 b3c2 b6d5 e1g1 f7f5 e2c4 a8c8 a2a3 g6g5 a1c1 g8h8 g1h1 f8f6 c2b3 e8f7 a5c6 f5f4 c6b4 c7c6 c4d5 c6d5 c1c8 e6c8 f1c1 c8e6 b4c6 f4e3 b3b8 g7f8 c6d8 f7e8 f2e3 e6h3 d8c6 e8h5 c6e5 f6f2 c1g1 d6e5 b8e5 f8g7 e5g3 h3g2 g1g2 f2f3 g3b8 f3f8 b8g3 f8f1 g2g1 f1f5 g3g4 h5g4 g1g4 h7h5 g4g1 g7h6 g1b1 g5g4 h2g1 h8h7 b2b4 h5h4 a3a4 f5f6 b4b5 a6b5 a4b5 f6b6 b1b3 h7g6 g1h2 g4g3 h2g3 h4g3 h1g2 g6f5 g2g3 h6e3 b3e3 b6b5 e3a3 b5b4 a3a8 b4d4 a8f8 f5e6 f8e8 e6d6 g3f2 d4d3 f2e2 d3b3 e8a8 d6c5 e2d2 b3f3 a8b8 f3a3 d2e2 c5d4 b8b4 d4e5 b4b5 a3a2 e2e3 a2c2 b5a5 c2b2 a5c5 b2b3 e3e2 e5d4 c5c2 e4e3 e2d1 b3b1 d1e2 d4e4 c2a2 d5d4 a2a4 b1h1 a4b4 h1c1 b4a4 c1b1 a4c4 b1b2
Finished game 21 (MeikeChess vs SF_20knodes): 0-1 {Black wins by adjudication}
Started game 31 of 800 (MeikeChess vs SF_20knodes)
Warning; Bestmove does not match beginning of last PV - move d2d1 from MeikeChess
Info; info depth 14 score cp 152 nodes 161693 nps 125929 time 1284 pv h3f3 f8c8 h4h5 c4c3 b2c3 c6c3 d2d3 c3c4 g2h2 b6b5 f3f5 d7f5 g4f5 c8d8 d5b5 c4e4
Position; startpos
Moves; g1f3 g8f6 c2c4 c7c5 b1c3 b7b6 e2e4 b8c6 d2d4 c5d4 f3d4 c8b7 f1e2 e7e6 c1f4 c6d4 d1d4 f8c5 d4d3 e8g8 e1g1 d7d6 a2a3 a7a5 a1d1 e6e5 f4e3 a5a4 e2f3 b7c6 d1d2 f8e8 f1d1 e8e6 g2g3 h7h6 h2h4 d8e7 f3g2 e7b7 e3c5 d6c5 d3e2 a8b8 g2h3 e6e8 c3d5 f6d5 c4d5 c6d7 h3d7 b7d7 d5d6 b8c8 e2a6 c8b8 d2d5 f7f6 a6c4 g8h8 c4e2 b8c8 e2a6 c8b8 a6d3 h8g8 d3f3 e8d8 d1d2 c5c4 g3g4 d8f8 f3g3 b8c8 g1f1 c8c6 f1g2 g7g5 g3h3 g8g7
Finished game 25 (MeikeChess vs SF_20knodes): 1-0 {White wins by adjudication}
Started game 32 of 800 (SF_20knodes vs MeikeChess)
Warning; Bestmove does not match beginning of last PV - move a1b1 from MeikeChess
Info; info depth 14 score cp 124 nodes 57465 nps 198155 time 290 pv f1g1 g8h8 a1b1 g7g6 c1d2 b6c4 d2c3 f8g8 d1e1 d8f8 e1g3 b7b5 b1f1 f8h6 g3h2 c4e3 f1f2
Position; startpos
Moves; d2d4 e7e6 e2e4 d7d5 b1d2 g8f6 e4e5 f6d7 f2f4 c7c5 c2c3 b8c6 d2f3 f7f5 f1d3 f8e7 a2a3 c5d4 c3d4 d7b6 g1e2 c8d7 h2h3 a7a5 e1g1 e8g8 g1h1 a5a4 g2g4 c6a5
Warning; Bestmove does not match beginning of last PV - move c1e1 from MeikeChess
Info; info depth 13 score cp 104 nodes 188778 nps 204526 time 923 pv g1g2 g8h8 g4f5 e6f5 c1g1 f8g8 f3g5 d8f8 g1f2 a8a6 f2f3 a6h6 e2c3
Position; startpos
Moves; d2d4 e7e6 e2e4 d7d5 b1d2 g8f6 e4e5 f6d7 f2f4 c7c5 c2c3 b8c6 d2f3 f7f5 f1d3 f8e7 a2a3 c5d4 c3d4 d7b6 g1e2 c8d7 h2h3 a7a5 e1g1 e8g8 g1h1 a5a4 g2g4 c6a5 a1b1 b6c4 f1g1 a5b3 d1f1 b3c1 f1c1 b7b5
Finished game 24 (SF_20knodes vs MeikeChess): 1-0 {White wins by adjudication}
--------------------------------------------------
Results of MeikeChess vs SF_20knodes (2/move - 20000 nodes, 1t, 128MB, 8moves_v3.pgn):
Elo: -228.56 +/- 223.86, nElo: -230.32 +/- 133.55
LOS: 0.04 %, DrawRatio: 23.08 %, PairsRatio: 0.11
Games: 26, Wins: 4, Losses: 19, Draws: 3, Points: 5.5 (21.15 %)
Ptnml(0-2): [8, 1, 3, 0, 1], WL/DD Ratio: 2.00
--------------------------------------------------
Started game 33 of 800 (MeikeChess vs SF_20knodes)
Warning; Bestmove does not match beginning of last PV - move d5e4 from MeikeChess
Info; info depth 15 score cp 156 nodes 99350 nps 188519 time 527 pv f5e4 e1g1 b4c3 b2c3 c8a6 f1f2 a6d3 h2h3 a8c8 e3d4 h7h6 d1g4 e4e3 f2b2 e7f7 g4g3 f7f4 g3f4 f8f4 d4e3
Position; startpos
Moves; d2d4 e7e6 e2e4 d7d5 b1d2 g8f6 e4e5 f6d7 f2f4 c7c5 c2c3 b8c6 d2f3 f7f5 f1d3 f8e7 c1e3 c5d4 f3d4 d7c5 g1f3 e8g8 d3c2 c5e4 d4b3 b7b5 f3d4 c6d4 b3d4 b5b4 d4c6 d8c7 c6e7 c7e7 c2e4
Warning; Bestmove does not match beginning of last PV - move f5f6 from MeikeChess
Info; info depth 14 score cp 439 nodes 301203 nps 226638 time 1329 pv e6d5 b8b2 f5f6 g7g5 f6f7 g8f8 d5d6 d2b4 d6h6 g5h6 c6h6 h8g7 h6f6 b4e7 f6f4 a4a3 f4g4 g7h8
Position; startpos
Moves; d2d4 e7e6 e2e4 d7d5 b1d2 g8f6 e4e5 f6d7 f2f4 c7c5 c2c3 b8c6 d2f3 f7f5 f1d3 f8e7 a2a3 c5d4 c3d4 d7b6 g1e2 c8d7 h2h3 a7a5 e1g1 e8g8 g1h1 a5a4 g2g4 c6a5 a1b1 b6c4 f1g1 a5b3 d1f1 b3c1 f1c1 b7b5 c1e1 g8h8 g4f5 e6f5 e1g3 g7g6 h3h4 f8g8 g3h3 h7h6 h4h5 g6g5 d3f5 d7f5 h3f5 c4e3 f5e6 d8f8 f3h2 b5b4 a3b4 e7b4 b1c1 b4d2 c1c6 e3f5 h2f1 a8b8 f1g3 f5h4 f4f5 g5g4 g1f1 f8g7
Finished game 27 (MeikeChess vs SF_20knodes): 1-0 {White wins by adjudication}
Started game 34 of 800 (SF_20knodes vs MeikeChess)
Warning; Bestmove does not match beginning of last PV - move f6d5 from MeikeChess
Info; info depth 15 score cp 9 nodes 259246 nps 279963 time 926 pv c3c4 d5d4 e3f5 e7f5 f6e4 d6e5 e2f3 f7c4 h1h5 c4d5 h5f5 e5f5 d1d4 d5a2 e4g3 f5e5 d4e4 e5d6 e4h4 h6h5 h4h5 h8h5 g3h5 a2f7 h5g3
Position; startpos
Moves; e2e4 c7c5 g1f3 d7d6 d2d4 c5d4 f3d4 g8f6 b1c3 a7a6 f1e2 e7e5 d4b3 f8e7 g2g4 h7h6 h2h4 c8e6 g4g5 h6g5 c1g5 b8c6 d1d2 a6a5 e2b5 a5a4 b5a4 a8a4 c3a4 f6e4 g5e7 d8a8 a4b6 e4d2 b6a8 d2f3 e1e2 e8e7 a8b6 e5e4 h4h5 f7f5 c2c3 e6f7 a1d1 e7e6 h5h6 g7h6 b6c4 d6d5 b3c5 e6e7 c4e3 e7d6 b2b4 d6e5 c5d7 e5d6 d7f6 c6e7
Warning; Bestmove does not match beginning of last PV - move c4d2 from MeikeChess
Info; info depth 12 score cp -44 nodes 159435 nps 135804 time 1174 pv c4b6 h4h3 a2a4 f6g5 c3c4 f3e5 e3d4 e5g4 d1f1 g5f4 a4a5 f4f3 b4b5 f5f4 a5a6 b7a6 b5a6 g4f2
Position; startpos
Moves; e2e4 c7c5 g1f3 d7d6 d2d4 c5d4 f3d4 g8f6 b1c3 a7a6 f1e2 e7e5 d4b3 f8e7 g2g4 h7h6 h2h4 c8e6 g4g5 h6g5 c1g5 b8c6 d1d2 a6a5 e2b5 a5a4 b5a4 a8a4 c3a4 f6e4 g5e7 d8a8 a4b6 e4d2 b6a8 d2f3 e1e2 e8e7 a8b6 e5e4 h4h5 f7f5 c2c3 e6f7 a1d1 e7e6 h5h6 g7h6 b6c4 d6d5 b3c5 e6e7 c4e3 e7d6 b2b4 d6e5 c5d7 e5d6 d7f6 c6e7 f6d5 e7d5 e3d5 h6h5 d5e3 d6e6 e3c4 h5h4 e2e3 e6f6
Warning; Bestmove does not match beginning of last PV - move f5f4 from MeikeChess
Info; info depth 13 score cp -2951 nodes 471104 nps 306708 time 1536 pv b1b4 e5e7 b7c8 e7b4 c8d8 c2c3 h5h4 g3h4 d8d7 b4b5 d7e6 c3d3 f5f4 d3e4 f4f3 b5h5
Position; startpos
Moves; c2c4 c7c5 b1c3 g7g6 g1f3 f8g7 d2d4 c5d4 f3d4 b8c6 d4b3 b7b6 e2e4 d7d6 c1d2 g8f6 f1e2 e8g8 d2e3 c8b7 e1g1 a8c8 f2f4 f6d7 d1c2 b7a6 a1d1 c6b4 c2d2 a6c4 e2c4 c8c4 e4e5 d8b8 a2a3 b4c6 d2d3 b6b5 b3d2 d7b6 c3b5 c4a4 b2b3 a4a5 b3b4 b6d5 d3d5 b8b5 d5c4 d6d5 c4b5 a5b5 d2f3 d5d4 e3f2 f7f6 d1c1 c6d8 f3d4 b5d5 e5e6 f6f5 d4c6 g7f6 c6a7 d8e6 f1d1 e6f4 d1d5 f4d5 b4b5 d5c3 g1h1 f8d8 b5b6 d8d2 f2c5 d2b2 c5b4 c3a2 b6b7 f6e5 a7c6 e5c7 c1e1 a2b4 a3b4 h7h5 c6e7 g8g7 e7c6 g6g5 g2g3 g7f6 e1e7 b2b1 h1g2 b1b2 g2f1 b2b1 f1e2 c7b8 c6b8 f6e7 b8c6 e7d6 b7b8q d6c6 b8c8 c6b6 c8c3 g5g4 e2d2 b6b7 c3d4 b7b8 d4e5 b8b7 d2c2
Warning; Bestmove does not match beginning of last PV - move f4f3 from MeikeChess
Info; info depth 11 score cp -3346 nodes 131233 nps 136416 time 962 pv f4g3 h2g3 b7c8 e5h5 c8d8 h5h8 d8e7 b1c2 e7f7 h8h7 f7f8 c2c3
Position; startpos
Moves; c2c4 c7c5 b1c3 g7g6 g1f3 f8g7 d2d4 c5d4 f3d4 b8c6 d4b3 b7b6 e2e4 d7d6 c1d2 g8f6 f1e2 e8g8 d2e3 c8b7 e1g1 a8c8 f2f4 f6d7 d1c2 b7a6 a1d1 c6b4 c2d2 a6c4 e2c4 c8c4 e4e5 d8b8 a2a3 b4c6 d2d3 b6b5 b3d2 d7b6 c3b5 c4a4 b2b3 a4a5 b3b4 b6d5 d3d5 b8b5 d5c4 d6d5 c4b5 a5b5 d2f3 d5d4 e3f2 f7f6 d1c1 c6d8 f3d4 b5d5 e5e6 f6f5 d4c6 g7f6 c6a7 d8e6 f1d1 e6f4 d1d5 f4d5 b4b5 d5c3 g1h1 f8d8 b5b6 d8d2 f2c5 d2b2 c5b4 c3a2 b6b7 f6e5 a7c6 e5c7 c1e1 a2b4 a3b4 h7h5 c6e7 g8g7 e7c6 g6g5 g2g3 g7f6 e1e7 b2b1 h1g2 b1b2 g2f1 b2b1 f1e2 c7b8 c6b8 f6e7 b8c6 e7d6 b7b8q d6c6 b8c8 c6b6 c8c3 g5g4 e2d2 b6b7 c3d4 b7b8 d4e5 b8b7 d2c2 f5f4 c2b1
Warning; Bestmove does not match beginning of last PV - move d7c7 from MeikeChess
Info; info depth 17 score cp 236 nodes 111880 nps 202681 time 552 pv a8e4 g1h2 d7c7 e2f2 e4g2 a5a6 c7c6 e1a1 c6c3 a1a2 g2a8 a6a7 c3d3 f2e2 d3b3 e2f2 b3f3 f2e2 f3c3 e2f2
Position; startpos
Moves; d2d4 e7e6 e2e4 d7d5 b1d2 g8f6 e4e5 f6d7 f2f4 c7c5 c2c3 b8c6 d2f3 f7f5 f1d3 f8e7 c1e3 c5d4 f3d4 d7c5 g1f3 e8g8 d3c2 c5e4 d4b3 b7b5 f3d4 c6d4 b3d4 b5b4 d4c6 d8c7 c6e7 c7e7 c2e4 d5e4 d1d6 e7d6 e5d6 b4c3 b2c3 f8d8 e1f2 c8a6 e3c5 a8c8 c5b4 a6d3 h2h4 g8f7 a2a4 e6e5 g2g3 e5f4 g3f4 a7a5 b4a5 d8d6 a5b4 e4e3 f2e3 c8e8 e3f2 e8e2 f2f3 d6e6 b4c5 e2c2 h1c1 d3e4 f3e3 c2h2 c5d4 h2h4 c1g1 h4h3 e3d2 g7g6 a4a5 e6a6 a1a4 h7h5 d4b6 h3d3 d2e2 h5h4 a4c4 d3d7 c4c8 a6a8 c8a8 e4a8 g1e1 h4h3 b6g1
Warning; Bestmove does not match beginning of last PV - move f3f2 from MeikeChess
Info; info depth 15 score cp -4055 nodes 238640 nps 357245 time 668 pv c7c8 c1c2 c8b7 f6e5 h5h4 e5e4 b7a7 e4d4 a7b7 d4g4 f3f2 g4f3 b7a6 f3f2 h4g3 f2g3 a6b7 g3f3 b7b8 c2c3
Position; startpos
Moves; c2c4 c7c5 b1c3 g7g6 g1f3 f8g7 d2d4 c5d4 f3d4 b8c6 d4b3 b7b6 e2e4 d7d6 c1d2 g8f6 f1e2 e8g8 d2e3 c8b7 e1g1 a8c8 f2f4 f6d7 d1c2 b7a6 a1d1 c6b4 c2d2 a6c4 e2c4 c8c4 e4e5 d8b8 a2a3 b4c6 d2d3 b6b5 b3d2 d7b6 c3b5 c4a4 b2b3 a4a5 b3b4 b6d5 d3d5 b8b5 d5c4 d6d5 c4b5 a5b5 d2f3 d5d4 e3f2 f7f6 d1c1 c6d8 f3d4 b5d5 e5e6 f6f5 d4c6 g7f6 c6a7 d8e6 f1d1 e6f4 d1d5 f4d5 b4b5 d5c3 g1h1 f8d8 b5b6 d8d2 f2c5 d2b2 c5b4 c3a2 b6b7 f6e5 a7c6 e5c7 c1e1 a2b4 a3b4 h7h5 c6e7 g8g7 e7c6 g6g5 g2g3 g7f6 e1e7 b2b1 h1g2 b1b2 g2f1 b2b1 f1e2 c7b8 c6b8 f6e7 b8c6 e7d6 b7b8q d6c6 b8c8 c6b6 c8c3 g5g4 e2d2 b6b7 c3d4 b7b8 d4e5 b8b7 d2c2 f5f4 c2b1 f4f3 e5f6 b7c7 b1c1
Finished game 30 (SF_20knodes vs MeikeChess): 1-0 {White wins by adjudication}
Started game 35 of 800 (MeikeChess vs SF_20knodes)
Finished game 31 (MeikeChess vs SF_20knodes): 1-0 {White wins by adjudication}
Started game 36 of 800 (SF_20knodes vs MeikeChess)
Warning; Bestmove does not match beginning of last PV - move e1g1 from MeikeChess
Info; info depth 14 score cp 4 nodes 351277 nps 314482 time 1117 pv a4b5 c6c5 d4d5 c5c4 e4c4 b4d5 e1g1 d5c3 d2e3 d7c5 b2c3 b6b5 c4b5 a6b5 a1a8 b7a8 b3c2 e8g8 f1a1
Position; startpos
Moves; d2d4 d7d5 c2c4 c7c6 b1c3 g8f6 e2e3 a7a6 c1d2 e7e6 g1f3 b8d7 d1c2 f8e7 f1e2 d5c4 a2a4 b7b6 e3e4 c8b7 e4e5 f6d5 e2c4 d5b4 c2e4 b6b5 c4b3 d8b6
Finished game 29 (MeikeChess vs SF_20knodes): 1/2-1/2 {Draw by 3-fold repetition}
Started game 37 of 800 (MeikeChess vs SF_20knodes)
Warning; Bestmove does not match beginning of last PV - move d2c3 from MeikeChess
Info; info depth 14 score cp -32 nodes 166664 nps 236402 time 705 pv e4c5 b6c5 f1c1 b7f3 g2f3 c5e7 f3f4 d7f8 a1a3 a6a5 a3g3 e7d7 d2c3 b4d5 c4d5 d7d5 e2g4
Position; startpos
Moves; d2d4 d7d5 c2c4 c7c6 b1c3 g8f6 e2e3 a7a6 c1d2 e7e6 g1f3 b8d7 d1c2 f8e7 f1e2 d5c4 a2a4 b7b6 e3e4 c8b7 e4e5 f6d5 e2c4 d5b4 c2e4 b6b5 c4b3 d8b6 e1g1 c6c5 d4c5 e7c5 e4e2 e8g8 c3e4 f8d8 a4b5 b6b5 b3c4 b5b6
Finished game 34 (SF_20knodes vs MeikeChess): 1/2-1/2 {Draw by 3-fold repetition}
Started game 38 of 800 (SF_20knodes vs MeikeChess)
Finished game 33 (MeikeChess vs SF_20knodes): 1/2-1/2 {Draw by 3-fold repetition}
Started game 39 of 800 (MeikeChess vs SF_20knodes)
Finished game 38 (SF_20knodes vs MeikeChess): 1-0 {Black loses on time (21ms overrun)}
Started game 40 of 800 (SF_20knodes vs MeikeChess)
Finished game 32 (SF_20knodes vs MeikeChess): 0-1 {Black mates}
--------------------------------------------------
Results of MeikeChess vs SF_20knodes (2/move - 20000 nodes, 1t, 128MB, 8moves_v3.pgn):
Elo: -139.95 +/- 146.61, nElo: -134.72 +/- 116.78
LOS: 1.19 %, DrawRatio: 23.53 %, PairsRatio: 0.30
Games: 34, Wins: 7, Losses: 20, Draws: 7, Points: 10.5 (30.88 %)
Ptnml(0-2): [8, 2, 4, 1, 2], WL/DD Ratio: 1.00
--------------------------------------------------
Started game 41 of 800 (MeikeChess vs SF_20knodes)
Warning; Bestmove does not match beginning of last PV - move a4d4 from MeikeChess
Info; info depth 15 score cp -46 nodes 195562 nps 204135 time 958 pv a4b4 f8b8 b3c5 b7c8 b4d4 b6b2 e1g1 b2b6 h2h4 b6c7 f1b1 f6e8 d4a4 b8b5 b1b5 c6b5 a4b5 e8d6 b5c6 c7c6 e5c6
Position; startpos
Moves; d2d4 g8f6 g1f3 c7c5 c2c3 d7d5 c1f4 e7e6 e2e3 f8d6 f1b5 b8c6 d1a4 d6f4 e3f4 d8b6 b5c6 b7c6 d4c5 b6c5 f3e5 c8b7 b1d2 e8g8 d2b3 c5b6
Finished game 41 (MeikeChess vs SF_20knodes): 0-1 {White loses on time (71ms overrun)}
Started game 42 of 800 (SF_20knodes vs MeikeChess)
Finished game 40 (SF_20knodes vs MeikeChess): 1/2-1/2 {Draw by 3-fold repetition}
Started game 43 of 800 (MeikeChess vs SF_20knodes)
Warning; Bestmove does not match beginning of last PV - move d3b3 from MeikeChess
Info; info depth 13 score cp 250 nodes 129016 nps 123578 time 1044 pv c2c4 d5e7 a1b1 b7b1 c1b1 e8f7 d3a3 a5d8 c4c5 d8d7 b1b8 a7a6 d6e7 d7e7
Position; startpos
Moves; e2e4 c7c5 b1c3 e7e6 g1f3 b8c6 d2d4 c5d4 f3d4 g8f6 g2g3 f8b4 f1g2 d7d5 e4d5 f6d5 e1g1 b4c3 d4c6 b7c6 b2c3 d8f6 c1a3 f6c3 d1c1 a8b8 f1d1 f7f6 d1d3 c3a5 a3d6 b8b7
Warning; Bestmove does not match beginning of last PV - move a1b1 from MeikeChess
Info; info depth 13 score cp 208 nodes 275067 nps 180017 time 1528 pv d6e7 b7e7 g2c6 h8d8 c6g2 e6e5 c5c6 e5e4 b3a3 a5d2 c6c7 d8d4 a3a7 e4e3 f2e3 e7e3 c1d2 d4d2
Position; startpos
Moves; e2e4 c7c5 b1c3 e7e6 g1f3 b8c6 d2d4 c5d4 f3d4 g8f6 g2g3 f8b4 f1g2 d7d5 e4d5 f6d5 e1g1 b4c3 d4c6 b7c6 b2c3 d8f6 c1a3 f6c3 d1c1 a8b8 f1d1 f7f6 d1d3 c3a5 a3d6 b8b7 d3b3 e8f7 c2c4 d5e7 c4c5 h7h6
Finished game 36 (SF_20knodes vs MeikeChess): 0-1 {Black wins by adjudication}
Started game 44 of 800 (SF_20knodes vs MeikeChess)
Warning; Bestmove does not match beginning of last PV - move d2e2 from MeikeChess
Info; info depth 14 score cp 50 nodes 255754 nps 275300 time 929 pv b4b5 e6g5 d2b2 h7h6 f3f4 g5e4 d6c6 b6c6 b5c6 g8f8 b2b8 f8e7 c5b7 e4c3 d3c5 c3e4 c6c7
Position; startpos
Moves; d2d4 g8f6 g1f3 c7c5 c2c3 d7d5 c1f4 e7e6 e2e3 f8d6 f1b5 b8c6 d1a4 d6f4 e3f4 d8b6 b5c6 b7c6 d4c5 b6c5 f3e5 c8b7 b1d2 e8g8 d2b3 c5b6 a4d4 f8d8 f2f3 f6e8 e1c1 e8d6 h1e1 a8c8 b3c5 c8c7 g2g4 b7a6 d4b4 a6c8 a2a3 d8e8 d1d2 d6b5 e5d3 a7a5 b4a4 c7e7 g4g5 c8a6 f4f5 e6f5 e1e7 e8e7 a4f4 a6c8 a3a4 b5c7 f4d6 e7e8 b2b4 c7e6
Finished game 35 (MeikeChess vs SF_20knodes): 1-0 {White wins by adjudication}
Started game 45 of 800 (MeikeChess vs SF_20knodes)
Warning; Bestmove does not match beginning of last PV - move c7b6 from MeikeChess
Info; info depth 13 score cp 92 nodes 210715 nps 223451 time 943 pv g7g5 h4f3 d5d4 c3d2 c7c2 c1c2 e6d5 f3h2 b8d6 h2g4 g8g7 g4f6 d7f6 g2d5 f6d5
Position; startpos
Moves; g1f3 d7d5 g2g3 c7c6 f1g2 c8g4 b2b3 b8d7 c1b2 e7e6 e1g1 g8f6 d2d3 f8b4 a2a3 b4a5 h2h3 g4h5 b3b4 a5c7 b1d2 e8g8 c2c4 a7a5 d1c2 h7h6 e2e4 h5g6 f1e1 a5b4 a3b4 a8a1 b2a1 f8e8 e4e5 f6h7 a1d4 f7f6 e5f6 h7f6 f3h4 g6f7 d4c3 e6e5 g1h2 b7b5 c4b5 c6b5 d2f3 c7b8 h2g1 d8c7 e1c1 f7e6 f3e1
Warning; Bestmove does not match beginning of last PV - move g2g3 from MeikeChess
Info; info depth 16 score cp 129 nodes 79645 nps 353977 time 225 pv g2h3 f8c5 h3d7 e8d7 d4b3 c5e7 f1g2 a7a5 c3a4 d7e8 a1c1 g6e4 e1g1 e4g2 g1g2 h7h5 d2c3 h5h4 g2h1 f6e4 c3g7
Position; startpos
Moves; d2d4 d7d5 c2c4 c7c6 e2e3 e7e6 b1c3 f7f5 g2g4 f5g4 d1g4 g8f6 g4g2 c6c5 c4d5 e6d5 g1f3 b8c6 c1d2 c8f5 d4c5 d8d7 f3d4 f5g6
Warning; Bestmove does not match beginning of last PV - move a1e1 from MeikeChess
Info; info depth 18 score cp 242 nodes 155581 nps 322113 time 483 pv c3b5 c7e5 d2c3 f6e4 g2e4 d5e4 c3e5 e7e5 f4d5 e5g3 f2g3 f7d5 b5c7 e8d7 c7d5 d8c6 d5c3 a8d8 f1f7 d7c8 a1f1 g7g6 f7g7 d8g8 f1f7 g8g7 f7g7 h8d8 c3e4
Position; startpos
Moves; d2d4 d7d5 c2c4 c7c6 e2e3 e7e6 b1c3 f7f5 g2g4 f5g4 d1g4 g8f6 g4g2 c6c5 c4d5 e6d5 g1f3 b8c6 c1d2 c8f5 d4c5 d8d7 f3d4 f5g6 g2g3 f8c5 f1h3 d7e7 d4e6 c5b6 e1g1 c6d8 e6f4 g6f7 h3g2 b6c7
Finished game 37 (MeikeChess vs SF_20knodes): 1-0 {White wins by adjudication}
Started game 46 of 800 (SF_20knodes vs MeikeChess)
Warning; Bestmove does not match beginning of last PV - move c6b4 from MeikeChess
Info; info depth 14 score cp -97 nodes 336350 nps 286499 time 1174 pv c5d4 e2d4 f8b4 g2g7 h8g8 g7h6 c6d4 e3d4 d8e7 f1e2 c8g4 h6e3 e7e3 f2e3 b4c3 d2c3 g4e2 e1e2
Position; startpos
Moves; d2d4 d7d5 c2c4 c7c6 e2e3 e7e6 b1c3 f7f5 g2g4 f5g4 d1g4 g8f6 g4g2 c6c5 c4d5 e6d5 g1e2 b8c6 c1d2
Warning; Bestmove does not match beginning of last PV - move b4a2 from MeikeChess
Info; info depth 13 score cp 28 nodes 291137 nps 279134 time 1043 pv f5g6 h2h4 h7h5 a2a3 b4a2 c1d1 a2c3 e3c3 c8d7 h1g1 a8e8 g3e2 g6f5 e2g3 f6e4 g3e4 e8e4
Position; startpos
Moves; d2d4 d7d5 c2c4 c7c6 e2e3 e7e6 b1c3 f7f5 g2g4 f5g4 d1g4 g8f6 g4g2 c6c5 c4d5 e6d5 g1e2 b8c6 c1d2 c6b4 e1c1 c8f5 e2g3 c5d4 e3d4 d8c8 d1e1 e8f7 e1e3
Warning; Bestmove does not match beginning of last PV - move e4e5 from MeikeChess
Info; info depth 19 score cp 3490 nodes 330332 nps 466570 time 708 pv e4e8 g4g8 e8e5 h8h7 g2h3 h6h5 e5h5 h7g7 h5e5 g7f7 h3h4 g8e8 e5d5 f7f6 d5d6 f6f7 d6d7 e8e7 d7d5 f7g7 h4g5 e7e1 g3g4 e1e7 d5d4 g7h7 d4d3 h7g7 f4f5 e7f7 d3d4 g7h7 d4e5
Position; startpos
Moves; e2e4 c7c5 b1c3 e7e6 g1f3 b8c6 d2d4 c5d4 f3d4 g8f6 g2g3 f8b4 f1g2 d7d5 e4d5 f6d5 e1g1 b4c3 d4c6 b7c6 b2c3 d8f6 c1a3 f6c3 d1c1 a8b8 f1d1 f7f6 d1d3 c3a5 a3d6 b8b7 d3b3 e8f7 c2c4 d5e7 c4c5 h7h6 a1b1 b7b3 b1b3 a7a6 d6e7 f7e7 g2c6 a5a2 b3b8 a2e2 g1g2 e2e5 b8a8 e5c7 c6f3 e6e5 g2g1 h8d8 c5c6 c7b6 c6c7 d8f8 a8b8 b6d6 c1c3 f6f5 b8b1 e7f7 b1d1 d6e7 f3b7 f7g6 b7c8 f8c8 c3c6 g6h7 d1d7 e7f8 c6b6 f8a3 b6f6 a3c1 g1g2 c8g8 d7g7 g8g7 f6f5 g7g6 c7c8q c1c8 f5c8 a6a5 c8c7 h7g8 c7a5 g6g5 a5b6 g8g7 b6e6 g7h7 e6f7 h7h8 g2h3 e5e4 f7f8 h8h7 f8e7 h7h8 e7e4 g5h5 h3g2 h5g5 f2f4 g5g4
Finished game 43 (MeikeChess vs SF_20knodes): 1-0 {White wins by adjudication}
Started game 47 of 800 (MeikeChess vs SF_20knodes)
Finished game 42 (SF_20knodes vs MeikeChess): 0-1 {Black mates}
Started game 48 of 800 (SF_20knodes vs MeikeChess)
Finished game 45 (MeikeChess vs SF_20knodes): 1-0 {White wins by adjudication}
Started game 49 of 800 (MeikeChess vs SF_20knodes)
Finished game 39 (MeikeChess vs SF_20knodes): 1-0 {White wins by adjudication}
--------------------------------------------------
Results of MeikeChess vs SF_20knodes (2/move - 20000 nodes, 1t, 128MB, 8moves_v3.pgn):
Elo: -84.34 +/- 118.13, nElo: -81.53 +/- 105.07
LOS: 6.42 %, DrawRatio: 28.57 %, PairsRatio: 0.50
Games: 42, Wins: 12, Losses: 22, Draws: 8, Points: 16.0 (38.10 %)
Ptnml(0-2): [8, 2, 6, 2, 3], WL/DD Ratio: 2.00
--------------------------------------------------
Started game 50 of 800 (SF_20knodes vs MeikeChess)
Warning; Bestmove does not match beginning of last PV - move d4b6 from MeikeChess
Info; info depth 16 score cp 45 nodes 146022 nps 168811 time 865 pv c1e3 b6d4 e3d4 b4a3 b2a3 b8c6 e5c6 b7c6 c2c4 d5c4 f1c1 e8g8 c1c4 c6d5 c4a4 f8c8 a4a7 a8a7 d4a7 c8a8 a7d4
Position; startpos
Moves; g1f3 e7e6 g2g3 b7b5 f1g2 c8b7 d2d4 g8f6 e1g1 c7c5 b1a3 b5b4 a3c4 c5d4 d1d4 d7d5 c4e5 f8d6 a2a3 d8b6
Finished game 44 (SF_20knodes vs MeikeChess): 1/2-1/2 {Draw by adjudication}
Started game 51 of 800 (MeikeChess vs SF_20knodes)
Warning; Bestmove does not match beginning of last PV - move b8d7 from MeikeChess
Info; info depth 15 score cp -127 nodes 434993 nps 358313 time 1214 pv e8g8 a1c1 c5e7 f3g5 b8d7 e5d7 f6d7 c4d5 b7d5 g2d5 e6d5 c1c7 e7g5 f4g5 a6e6 g5e3 f8c8 c7c8 a8c8 e3a7
Position; startpos
Moves; g1f3 e7e6 g2g3 b7b5 f1g2 c8b7 d2d4 g8f6 e1g1 c7c5 b1a3 b5b4 a3c4 c5d4 d1d4 d7d5 c4e5 f8d6 a2a3 d8b6 c1f4 d6c5 d4d1 b4a3 b2a3 b6a6 c2c4
Warning; Bestmove does not match beginning of last PV - move d2d3 from MeikeChess
Info; info depth 18 score cp 96 nodes 331519 nps 292861 time 1132 pv f1f2 f8e8 c3a5 e8a8 a5c3 a8a3 d2d3 c6d6 c3b2 d6a6 b2d2 a6d6 f2e2 e7e2 d1e2 a3b3 d3b3 d4b3 d2e3 b3d4 e2d3
Position; startpos
Moves; g1f3 g8f6 c2c4 g7g6 g2g3 f8g7 f1g2 e8g8 e1g1 d7d6 b1c3 e7e5 d2d3 h7h6 a1b1 a7a5 e2e4 b8c6 b2b3 b7b6 h2h3 c8b7 c1e3 c6e7 d1d2 g8h7 a2a3 f6d7 d3d4 f7f5 e4f5 e7f5 d4e5 d7c5 e3c5 b6c5 e5d6 b7f3 g2f3 g7c3 d2c3 f5d4 f3d1 d8d6 b1b2 d6f6 g1g2 f6c6 f2f3 a8e8 b2d2 h6h5 h3h4 e8e7
Finished game 51 (MeikeChess vs SF_20knodes): 0-1 {White loses on time (36ms overrun)}
Started game 52 of 800 (SF_20knodes vs MeikeChess)
Warning; Bestmove does not match beginning of last PV - move h5h4 from MeikeChess
Info; info depth 17 score cp 49 nodes 428520 nps 476133 time 900 pv g5g4 b1c2 h5h4 c2c3 b4f4 a7d4 g7g6 d4e5 f4f2 c3d3 g4g3 e5g3 h4g3 e3g3 g6h6 g3h3 h6g5 h3h8 d8a5 h8a8 f2d2 d3e3 a5b4 d6d7 f6d7 e6d7 g5f6 a8a6 f6e5
Position; startpos
Moves; d2d4 d7d5 c2c4 c7c6 e2e3 e7e6 b1c3 f7f5 g2g4 f5g4 d1g4 g8f6 g4g2 c6c5 c4d5 e6d5 g1e2 b8c6 c1d2 c6b4 e1c1 c8f5 e2g3 c5d4 e3d4 d8c8 d1e1 e8f7 e1e3 b4a2 c1d1 a2b4 g3f5 c8f5 f1b5 f8d6 b5a4 b4d3 h1g1 f5g4 g2g4 d3f2 d1c1 f2g4 e3f3 g4h2 f3f2 h7h5 c3d5 h2g4 f2f1 a8f8 g1g2 f7g8 a4b3 f6d5 b3d5 g8h7 f1h1 h7g6 h1g1 f8f6 c1b1 h8e8 d5b7 d6c7 b7d5 c7b6 d5b3 e8f8 b1a2 f8d8 g1h1 d8c8 d4d5 f6f2 g2f2 g4f2 h1h4 f2g4 h4h3 b6d8 d5d6 c8c6 h3d3 g4f6 a2b1 g6f5 b3c2 f5e6 c2b3 e6f5 b3c2 f5e6 d2b4 g7g5 c2a4 c6b6 b4c5 b6b8 d3e3 e6f7 c5a7 b8b4 a4b3 f7g7 b3e6
Finished game 50 (SF_20knodes vs MeikeChess): 1/2-1/2 {Draw by 3-fold repetition}
Started game 53 of 800 (MeikeChess vs SF_20knodes)
Warning; Bestmove does not match beginning of last PV - move h5h4 from MeikeChess
Info; info depth 14 score cp 0 nodes 492684 nps 516440 time 954 pv g4g3 e2e5 h5h4 b5b6 h3h2 b6b7 h2h1q b7b8q h1g2 c2b3 g2f1 b3c2 f1g2 c2b3
Position; startpos
Moves; d2d4 d7d5 c2c4 c7c6 e2e3 e7e6 b1c3 f7f5 g2g4 f5g4 d1g4 g8f6 g4g2 c6c5 c4d5 e6d5 g1e2 b8c6 c1d2 c6b4 e1c1 c8f5 e2g3 c5d4 e3d4 d8c8 d1e1 e8f7 e1e3 b4a2 c1d1 a2b4 g3f5 c8f5 f1b5 f8d6 b5a4 b4d3 h1g1 f5g4 g2g4 d3f2 d1c1 f2g4 e3f3 g4h2 f3f2 h7h5 c3d5 h2g4 f2f1 a8f8 g1g2 f7g8 a4b3 f6d5 b3d5 g8h7 f1h1 h7g6 h1g1 f8f6 c1b1 h8e8 d5b7 d6c7 b7d5 c7b6 d5b3 e8f8 b1a2 f8d8 g1h1 d8c8 d4d5 f6f2 g2f2 g4f2 h1h4 f2g4 h4h3 b6d8 d5d6 c8c6 h3d3 g4f6 a2b1 g6f5 b3c2 f5e6 c2b3 e6f5 b3c2 f5e6 d2b4 g7g5 c2a4 c6b6 b4c5 b6b8 d3e3 e6f7 c5a7 b8b4 a4b3 f7g7 b3e6 h5h4 a7c5 b4f4 d6d7 g5g4 e3e2 g7g6 b1c2 h4h3 b2b4 g6h5 b4b5
Warning; Bestmove does not match beginning of last PV - move d1d3 from MeikeChess
Info; info depth 14 score cp -44 nodes 318176 nps 359927 time 884 pv b1a2 c6a5 f3d4 a5c4 b3c4 c7c4 a2b1 b5b4 a3b4 c4b4 e4e5 f6e7 d1d3 e7c5
Position; startpos
Moves; e2e4 c7c5 g1f3 d7d6 d2d4 c5d4 d1d4 a7a6 f1c4 e7e6 b1c3 g8f6 c1g5 f8e7 c4b3 b8c6 d4d3 e8g8 e1c1 b7b5 h1e1 c8b7 g5f6 e7f6 d3d6 d8a5 d6d2 a8d8 d2e3 a5c7 a2a3 d8d1 e1d1 f8c8 c1b1 h7h6 g2g3 b7a8
Finished game 46 (SF_20knodes vs MeikeChess): 1/2-1/2 {Draw by 3-fold repetition}
Started game 54 of 800 (SF_20knodes vs MeikeChess)
Warning; Bestmove does not match beginning of last PV - move e2d2 from MeikeChess
Info; info depth 20 score cp -366 nodes 464788 nps 519897 time 894 pv e5d7 c5d4 f4f5 e4f5 e2d3 d4f2 d3c4 f5e6 d7b8 e7g8 c4b5 e6d6 b8c6 f2e3 c6a7 e3g1 a7c6 g1c5 c6d8 c5d4 d8c6 d4f2 c6b4 f2e3 b4c6
Position; startpos
Moves; g1f3 e7e6 g2g3 b7b5 f1g2 c8b7 d2d4 g8f6 e1g1 c7c5 b1a3 b5b4 a3c4 c5d4 d1d4 d7d5 c4e5 f8d6 a2a3 d8b6 d4b6 a7b6 c1f4 b4a3 e5f7 d6f4 f7h8 f4d6 f3g5 a3b2 a1a8 b7a8 h8f7 d6a3 f7e5 b8c6 e5c6 a8c6 g5e6 e8d7 g2h3 d7d6 e6g7 f6e4 h3f5 e4c3 h2h4 c3e2 g1h2 h7h6 c2c3 e2c3 g3g4 c6d7 f2f4 d7f5 g7f5 d6e6 f1e1 e6d7 g4g5 b2b1q e1b1 c3b1 f5h6 d5d4 h6g4 d7e6 h4h5 d4d3 h5h6 d3d2 h6h7 d2d1q h7h8q d1c2 h2g3 c2c3 h8c3 b1c3 g3f3 a3c5 g4e5 c3d5 e5g4 d5c3 g4e5 e6f5 g5g6 c3d5 g6g7 d5e7 f3e2 f5e4
Warning; Bestmove does not match beginning of last PV - move c5e5 from MeikeChess
Info; info depth 16 score cp 138 nodes 493101 nps 405510 time 1216 pv b5c4 e2e4 c5e5 f8d6 c4c3 a1e1 c3e1 d6e5 e1b4 h3g5 h7g8 e5e8 b4f8 e8b5 f8d6 e4e5 d6d4 e5e6 d4f2 h2h3 g8f8 b5b4 f8g7 e6f7 f2f1 h3h2 f1f2 h2h3
Position; startpos
Moves; g1f3 g8f6 c2c4 e7e6 g2g3 a7a6 f1g2 b7b5 b2b3 c8b7 e1g1 d7d6 d2d4 b8d7 b1c3 b5b4 c3a4 f8e7 d4d5 e6d5 f3h4 e8g8 c4d5 f8e8 c1b2 g7g6 f1e1 e7f8 a1c1 a8c8 d1d3 f8g7 c1c2 a6a5 e1c1 d7b6 b2d4 b6a4 b3a4 d8d7 d3b3 f6e4 d4g7 g8g7 g2e4 e8e4 h4g2 c7c5 d5c6 c8c6 c2c6 b7c6 g2f4 e4e5 b3b2 g7g8 a2a3 b4a3 b2a3 c6a4 a3f3 d7b5 h2h4 e5c5 c1a1 h7h5 g1h2 a4b3 f3a8 g8h7 a8f8 a5a4 f4h3 b3e6 a1a3 e6b3 a3a1
Warning; Bestmove does not match beginning of last PV - move d1d4 from MeikeChess
Info; info depth 22 score cp 0 nodes 138889 nps 453885 time 306 pv d1d2 c8c5 d2d8 g8h7 e5d7 e4c2 b1a1 c5f5 d7f8 h7g8 f8e6 g8h7 e6f8 h7g8 f8e6 g8h7 e6f8
Position; startpos
Moves; e2e4 c7c5 g1f3 d7d6 d2d4 c5d4 d1d4 a7a6 f1c4 e7e6 b1c3 g8f6 c1g5 f8e7 c4b3 b8c6 d4d3 e8g8 e1c1 b7b5 h1e1 c8b7 g5f6 e7f6 d3d6 d8a5 d6d2 a8d8 d2e3 a5c7 a2a3 d8d1 e1d1 f8c8 c1b1 h7h6 g2g3 b7a8 d1d3 b5b4 a3b4 c6b4 d3d1 c8b8 f3d2 a6a5 d2c4 f6c3 e3c3 a8e4 c3e5 c7e5 c4e5 b8c8
Finished game 52 (SF_20knodes vs MeikeChess): 0-1 {Black wins by adjudication}
Started game 55 of 800 (MeikeChess vs SF_20knodes)
Warning; Bestmove does not match beginning of last PV - move e4f2 from MeikeChess
Info; info depth 16 score cp -809 nodes 580877 nps 516794 time 1124 pv e4d2 b3a2 d3c2 h6g4 f6f7 g4e5 d2b3 e5f7 b3c1 a2a3 c1d3 b4b3 c2b1 f7d6 d3c1 d6e4 c1b3 a3b3 b1c1 f8b4 c1d1 b3c3
Position; startpos
Moves; g1f3 e7e6 g2g3 b7b5 f1g2 c8b7 d2d4 g8f6 e1g1 c7c5 b1a3 b5b4 a3c4 c5d4 d1d4 d7d5 c4e5 f8d6 a2a3 d8b6 d4b6 a7b6 c1f4 b4a3 e5f7 d6f4 f7h8 f4d6 f3g5 a3b2 a1a8 b7a8 h8f7 d6a3 f7e5 b8c6 e5c6 a8c6 g5e6 e8d7 g2h3 d7d6 e6g7 f6e4 h3f5 e4c3 h2h4 c3e2 g1h2 h7h6 c2c3 e2c3 g3g4 c6d7 f2f4 d7f5 g7f5 d6e6 f1e1 e6d7 g4g5 b2b1q e1b1 c3b1 f5h6 d5d4 h6g4 d7e6 h4h5 d4d3 h5h6 d3d2 h6h7 d2d1q h7h8q d1c2 h2g3 c2c3 h8c3 b1c3 g3f3 a3c5 g4e5 c3d5 e5g4 d5c3 g4e5 e6f5 g5g6 c3d5 g6g7 d5e7 f3e2 f5e4 e2d2 c5d4 e5c4 e7g8 d2c2 e4d5 c2d3 g8h6 f4f5 h6g8 c4e3 d5c5 e3g2 d4g7 g2f4 g7f6 f4g6 b6b5 g6f8 c5b4 f8e6 b4a3 e6c5 f6e7 c5e4 b5b4 d3d4 a3b3 d4d3 g8h6 f5f6 e7f8
Finished game 53 (MeikeChess vs SF_20knodes): 1/2-1/2 {Draw by 3-fold repetition}
Started game 56 of 800 (SF_20knodes vs MeikeChess)
Warning; Bestmove does not match beginning of last PV - move d5e6 from MeikeChess
Info; info depth 18 score cp -754 nodes 429732 nps 512195 time 839 pv b2d1 b4a3 d5e6 a3a2 e6d7 f8b4 d7e6 a2b1 d1e3 b4c5 e3c4 b1c2 e6d5 c5b4 d5e6 b4f8 c4e3 c2d2 e3c4 d2c3 c4b6 c3b4 b6d5 b4c4 d5e3 c4d3 e3d1
Position; startpos
Moves; g1f3 e7e6 g2g3 b7b5 f1g2 c8b7 d2d4 g8f6 e1g1 c7c5 b1a3 b5b4 a3c4 c5d4 d1d4 d7d5 c4e5 f8d6 a2a3 d8b6 d4b6 a7b6 c1f4 b4a3 e5f7 d6f4 f7h8 f4d6 f3g5 a3b2 a1a8 b7a8 h8f7 d6a3 f7e5 b8c6 e5c6 a8c6 g5e6 e8d7 g2h3 d7d6 e6g7 f6e4 h3f5 e4c3 h2h4 c3e2 g1h2 h7h6 c2c3 e2c3 g3g4 c6d7 f2f4 d7f5 g7f5 d6e6 f1e1 e6d7 g4g5 b2b1q e1b1 c3b1 f5h6 d5d4 h6g4 d7e6 h4h5 d4d3 h5h6 d3d2 h6h7 d2d1q h7h8q d1c2 h2g3 c2c3 h8c3 b1c3 g3f3 a3c5 g4e5 c3d5 e5g4 d5c3 g4e5 e6f5 g5g6 c3d5 g6g7 d5e7 f3e2 f5e4 e2d2 c5d4 e5c4 e7g8 d2c2 e4d5 c2d3 g8h6 f4f5 h6g8 c4e3 d5c5 e3g2 d4g7 g2f4 g7f6 f4g6 b6b5 g6f8 c5b4 f8e6 b4a3 e6c5 f6e7 c5e4 b5b4 d3d4 a3b3 d4d3 g8h6 f5f6 e7f8 e4f2 b3b2 d3c4 b2c2 f2d3 b4b3 d3e1 c2b2 e1d3 b2c2 d3e1 c2b2 e1d3 b2a3 c4d5 a3a4 d3b2 a4b4
Warning; Bestmove does not match beginning of last PV - move a4b6 from MeikeChess
Info; info depth 16 score cp -2730 nodes 869170 nps 574847 time 1512 pv f7f6 c4b4 a4b6 b3b2 b6c8 b2b1q c8d6 a3b2 f6e7 b1e1 e7f8 e1f2 d6f7 f2c5 f8e8 c5d5 e8f8 b4c5 f8g8 b2d4
Position; startpos
Moves; g1f3 e7e6 g2g3 b7b5 f1g2 c8b7 d2d4 g8f6 e1g1 c7c5 b1a3 b5b4 a3c4 c5d4 d1d4 d7d5 c4e5 f8d6 a2a3 d8b6 d4b6 a7b6 c1f4 b4a3 e5f7 d6f4 f7h8 f4d6 f3g5 a3b2 a1a8 b7a8 h8f7 d6a3 f7e5 b8c6 e5c6 a8c6 g5e6 e8d7 g2h3 d7d6 e6g7 f6e4 h3f5 e4c3 h2h4 c3e2 g1h2 h7h6 c2c3 e2c3 g3g4 c6d7 f2f4 d7f5 g7f5 d6e6 f1e1 e6d7 g4g5 b2b1q e1b1 c3b1 f5h6 d5d4 h6g4 d7e6 h4h5 d4d3 h5h6 d3d2 h6h7 d2d1q h7h8q d1c2 h2g3 c2c3 h8c3 b1c3 g3f3 a3c5 g4e5 c3d5 e5g4 d5c3 g4e5 e6f5 g5g6 c3d5 g6g7 d5e7 f3e2 f5e4 e2d2 c5d4 e5c4 e7g8 d2c2 e4d5 c2d3 g8h6 f4f5 h6g8 c4e3 d5c5 e3g2 d4g7 g2f4 g7f6 f4g6 b6b5 g6f8 c5b4 f8e6 b4a3 e6c5 f6e7 c5e4 b5b4 d3d4 a3b3 d4d3 g8h6 f5f6 e7f8 e4f2 b3b2 d3c4 b2c2 f2d3 b4b3 d3e1 c2b2 e1d3 b2c2 d3e1 c2b2 e1d3 b2a3 c4d5 a3a4 d3b2 a4b4 d5e6 b4c3 b2a4 c3d4 f6f7 f8a3 e6f6 h6f7 f6f7 d4c4
Warning; Bestmove does not match beginning of last PV - move c4d5 from MeikeChess
Info; info depth 29 score cp 163 nodes 1268448 nps 981770 time 1292 pv e4a8 g1f2 c4d4 d1c2 a8d5 c2d1 d5e4 d1b3 d4c5 b3d1 e4a8 d1b3 c5d6 b3c2 a8b7 c2g6 d6c5 g6c2 b7d5 c2g6 d5b3 f2f3 b3a4 f3f4 a4b5 f4e4 c5c4 e4e5 c4c5 g6b1 b5c4 e5e4 c5b4 e4d4 b6b5 b1g6 c4b3
Position; startpos
Moves; g1f3 g8f6 c2c4 g7g6 g2g3 f8g7 f1g2 e8g8 e1g1 d7d6 b1c3 e7e5 d2d3 h7h6 a1b1 a7a5 e2e4 b8c6 h2h3 f6h7 b2b3 h7g5 f3g5 h6g5 c1e3 c6d4 c3b5 d4e6 d3d4 e5d4 b5d4 e6d4 e3d4 a5a4 b3b4 c8e6 f1e1 g7e5 b1c1 d8f6 d4e3 a4a3 c1c2 a8a4 d1d2 g5g4 h3g4 e6g4 e1b1 f8e8 f2f4 e5b2 g1f2 b7b6 b4b5 e8e5 c2b2 a3b2 e3d4 g6g5 f2g1 g5f4 g3f4 f6h6 d4e5 d6e5 b1b2 e5f4 d2d8 g8g7 d8d4 f7f6 d4d8 f4f3 d8c7 g7g6 c7g3 h6c1 g2f1 c1g5 g1h1 a4a8 c4c5 a8h8 b2h2 h8h2 h1h2 g5h5 h2g1 h5c5 g3f2 c5g5 g1h1 g5h6 h1g1 h6f4 e4e5 f4e5 a2a4 e5f4 f2h2 g6g5 h2f4 g5f4 g1f2 g4f5 f1c4 f5e4 c4b3 f4f5 f2e3 f5e5 b3d1 f6f5 d1b3 e5d6 e3f2 d6e5 f2e3 e4d5 b3c2 e5e6 e3f2 d5e4 c2d1 e6d5 f2e3 d5c4 e3f2 c4d4 d1b3 d4c3 b3d1 c3b4 f2e3 e4d5 e3f2 d5b7 d1c2 b7e4 c2d1 b4c5 f2g1 c5d4 g1f2 d4e5 f2e3 e4a8 d1b3 f5f4 e3f2 e5d4 b3d1 a8b7 d1b3 b7e4 b3d1 d4c5 f2f1 c5d6 f1e1 e4d5 e1f2 d6c5 d1c2 c5c4 c2d1 c4d4 d1c2 d4c3 c2d1 c3c4 f2e1 c4b4 e1f1 d5a8 f1f2 a8e4 f2e1 e4d3 e1f2 d3g6 f2g1 b4a5 g1f2 g6e4 f2e1 a5b4 e1f2 b4c4 f2g1
Finished game 55 (MeikeChess vs SF_20knodes): 1/2-1/2 {Draw by 3-fold repetition}
Started game 57 of 800 (MeikeChess vs SF_20knodes)
Warning; Bestmove does not match beginning of last PV - move d6e5 from MeikeChess
Info; info depth 28 score cp 127 nodes 1112256 nps 832526 time 1336 pv d5c4 e1f2 c4e2 c2b3 d6c5 b3c2 c5b4 f2g1 b4c3 c2g6 c3d4 g1f2 d4d5 g6c2 d5e5 c2b3 e5d6 f2e1 e2d3 e1f2 d3e4 b3d1 e4d5 f2e1 d6c5 e1f2 d5f7 d1c2 c5d6 f2f3
Position; startpos
Moves; g1f3 g8f6 c2c4 g7g6 g2g3 f8g7 f1g2 e8g8 e1g1 d7d6 b1c3 e7e5 d2d3 h7h6 a1b1 a7a5 e2e4 b8c6 h2h3 f6h7 b2b3 h7g5 f3g5 h6g5 c1e3 c6d4 c3b5 d4e6 d3d4 e5d4 b5d4 e6d4 e3d4 a5a4 b3b4 c8e6 f1e1 g7e5 b1c1 d8f6 d4e3 a4a3 c1c2 a8a4 d1d2 g5g4 h3g4 e6g4 e1b1 f8e8 f2f4 e5b2 g1f2 b7b6 b4b5 e8e5 c2b2 a3b2 e3d4 g6g5 f2g1 g5f4 g3f4 f6h6 d4e5 d6e5 b1b2 e5f4 d2d8 g8g7 d8d4 f7f6 d4d8 f4f3 d8c7 g7g6 c7g3 h6c1 g2f1 c1g5 g1h1 a4a8 c4c5 a8h8 b2h2 h8h2 h1h2 g5h5 h2g1 h5c5 g3f2 c5g5 g1h1 g5h6 h1g1 h6f4 e4e5 f4e5 a2a4 e5f4 f2h2 g6g5 h2f4 g5f4 g1f2 g4f5 f1c4 f5e4 c4b3 f4f5 f2e3 f5e5 b3d1 f6f5 d1b3 e5d6 e3f2 d6e5 f2e3 e4d5 b3c2 e5e6 e3f2 d5e4 c2d1 e6d5 f2e3 d5c4 e3f2 c4d4 d1b3 d4c3 b3d1 c3b4 f2e3 e4d5 e3f2 d5b7 d1c2 b7e4 c2d1 b4c5 f2g1 c5d4 g1f2 d4e5 f2e3 e4a8 d1b3 f5f4 e3f2 e5d4 b3d1 a8b7 d1b3 b7e4 b3d1 d4c5 f2f1 c5d6 f1e1 e4d5 e1f2 d6c5 d1c2 c5c4 c2d1 c4d4 d1c2 d4c3 c2d1 c3c4 f2e1 c4b4 e1f1 d5a8 f1f2 a8e4 f2e1 e4d3 e1f2 d3g6 f2g1 b4a5 g1f2 g6e4 f2e1 a5b4 e1f2 b4c4 f2g1 c4d5 d1b3 d5d6 g1f2 d6c5 b3d1 c5d4 d1b3 e4b7 b3d1 d4c5 d1b3 c5d6 f2e1 b7d5 b3c2
Warning; Bestmove does not match beginning of last PV - move h6h5 from MeikeChess
Info; info depth 16 score cp -3464 nodes 1443970 nps 883702 time 1634 pv h6g5 b2b1q g5f4 b1d3 f4g5 d3g3 g5h5 g3h3 h5g5 d6d5 g5g6 h3g3 g6h6 g3f4 h6g6 f4e5 g6h6 e5f6 h6h5 f6d6 h5h4 d5d4 h4h3
Position; startpos
Moves; g1f3 e7e6 g2g3 b7b5 f1g2 c8b7 d2d4 g8f6 e1g1 c7c5 b1a3 b5b4 a3c4 c5d4 d1d4 d7d5 c4e5 f8d6 a2a3 d8b6 d4b6 a7b6 c1f4 b4a3 e5f7 d6f4 f7h8 f4d6 f3g5 a3b2 a1a8 b7a8 h8f7 d6a3 f7e5 b8c6 e5c6 a8c6 g5e6 e8d7 g2h3 d7d6 e6g7 f6e4 h3f5 e4c3 h2h4 c3e2 g1h2 h7h6 c2c3 e2c3 g3g4 c6d7 f2f4 d7f5 g7f5 d6e6 f1e1 e6d7 g4g5 b2b1q e1b1 c3b1 f5h6 d5d4 h6g4 d7e6 h4h5 d4d3 h5h6 d3d2 h6h7 d2d1q h7h8q d1c2 h2g3 c2c3 h8c3 b1c3 g3f3 a3c5 g4e5 c3d5 e5g4 d5c3 g4e5 e6f5 g5g6 c3d5 g6g7 d5e7 f3e2 f5e4 e2d2 c5d4 e5c4 e7g8 d2c2 e4d5 c2d3 g8h6 f4f5 h6g8 c4e3 d5c5 e3g2 d4g7 g2f4 g7f6 f4g6 b6b5 g6f8 c5b4 f8e6 b4a3 e6c5 f6e7 c5e4 b5b4 d3d4 a3b3 d4d3 g8h6 f5f6 e7f8 e4f2 b3b2 d3c4 b2c2 f2d3 b4b3 d3e1 c2b2 e1d3 b2c2 d3e1 c2b2 e1d3 b2a3 c4d5 a3a4 d3b2 a4b4 d5e6 b4c3 b2a4 c3d4 f6f7 f8a3 e6f6 h6f7 f6f7 d4c4 a4b6 c4b5 b6d5 b3b2 d5c3 b5c4 c3b1 a3b4 f7e6 c4b3 e6d5 b3a2 d5c4 b4a5 c4b5 a2b1 b5a5 b1c2 a5b6 c2d2 b6c6 d2c2 c6b6 c2d2 b6c6 d2e3 c6d6 e3d4 d6e7 d4c3 e7f8 c3c4 f8g7 c4d5 g7h6 d5d6
Warning; Bestmove does not match beginning of last PV - move e6d5 from MeikeChess
Info; info depth 22 score cp -1148 nodes 632930 nps 816683 time 775 pv d6f4 f3f4 e6d5 f4e3 d5e5 e3d3 e5d5 f2f4 d5e6 d3c4 e6f5 c4b5 f5f4 b5a5 f4e5 a5b6 e5f5 b3b4 f5f4 b4b5 f4f3 b6b7 f3g3 b5b6 g3f4 b7c6 f4f3
Position; startpos
Moves; e2e4 c7c5 g1f3 d7d6 d2d4 c5d4 d1d4 a7a6 f1c4 e7e6 b1c3 g8f6 c1g5 f8e7 c4b3 b8c6 d4d3 b7b5 e1c1 e8g8 g5f6 e7f6 d3d6 d8b6 c3d5 e6d5 e4d5 c8g4 d5c6 g4f3 g2f3 a8d8 d6f4 b6c6 c2c3 g7g6 h2h4 h7h5 d1d8 f6d8 f4h6 f8e8 h1g1 e8e6 b3e6 c6e6 h6h5 b5b4 h5c5 e6a2 g1g4 a2a1 c1c2 a1a4 c2d2 b4c3 c5c3 a4b5 g4e4 g8h7 d2e1 b5f5 b2b3 d8f6 c3d3 h7g7 e1e2 a6a5 d3c4 g7f8 e4f4 f5b1 f4e4 f8g7 c4d5 b1a1 h4h5 g6g5 d5d1 a1d1 e2d1 g7h6 e4c4 h6h5 d1e2 f6e7 c4c7 e7b4 c7f7 h5g6 f7d7 g6f5 d7d4 f5e5 d4c4 b4d6 c4e4 e5f5 e4c4 f5e5 c4e4 e5f5 e2f1 d6b4 f1g2 b4c5 e4c4 c5a3 f3f4 g5f4 g2f3 a3d6 c4d4 f5e6 d4f4
Finished game 49 (MeikeChess vs SF_20knodes): 0-1 {Black mates}
Started game 58 of 800 (SF_20knodes vs MeikeChess)
Warning; Bestmove does not match beginning of last PV - move f6f5 from MeikeChess
Info; info depth 21 score cp -2806 nodes 779509 nps 860385 time 906 pv f6g5 b5a5 g5f5 b3b4 f5e4 b4b5 e4f5 b5b6 f5e6 a5a6 e6d7 a6a7 d7c6 b6b7 c6d7 b7b8q d7e7 b8c7 e7f8 c7c5 f8g8 c5c4 g8f8 a7b6 f8g7 c4g4 g7f8 g4d4 f8g8 b6c6 g8f7 d4e5
Position; startpos
Moves; e2e4 c7c5 g1f3 d7d6 d2d4 c5d4 d1d4 a7a6 f1c4 e7e6 b1c3 g8f6 c1g5 f8e7 c4b3 b8c6 d4d3 b7b5 e1c1 e8g8 g5f6 e7f6 d3d6 d8b6 c3d5 e6d5 e4d5 c8g4 d5c6 g4f3 g2f3 a8d8 d6f4 b6c6 c2c3 g7g6 h2h4 h7h5 d1d8 f6d8 f4h6 f8e8 h1g1 e8e6 b3e6 c6e6 h6h5 b5b4 h5c5 e6a2 g1g4 a2a1 c1c2 a1a4 c2d2 b4c3 c5c3 a4b5 g4e4 g8h7 d2e1 b5f5 b2b3 d8f6 c3d3 h7g7 e1e2 a6a5 d3c4 g7f8 e4f4 f5b1 f4e4 f8g7 c4d5 b1a1 h4h5 g6g5 d5d1 a1d1 e2d1 g7h6 e4c4 h6h5 d1e2 f6e7 c4c7 e7b4 c7f7 h5g6 f7d7 g6f5 d7d4 f5e5 d4c4 b4d6 c4e4 e5f5 e4c4 f5e5 c4e4 e5f5 e2f1 d6b4 f1g2 b4c5 e4c4 c5a3 f3f4 g5f4 g2f3 a3d6 c4d4 f5e6 d4f4 e6d5 f4f5 d6e5 f5e5 d5e5 f3e3 e5d5 f2f4 d5c6 f4f5 c6d7 e3d3 d7e7 d3c4 e7f6 c4b5
Warning; Bestmove does not match beginning of last PV - move a7a6 from MeikeChess
Info; info depth 16 score cp 20 nodes 403030 nps 400228 time 1007 pv c6b6 a1b1 c5c4 e3c1 e7a3 h3g2 d7f8 f3d2 f8g6 h4h5 g6e7 g3g4 e7c6 f2f4 a3e7 g2h2
Position; startpos
Moves; d2d4 e7e6 g1f3 c7c5 c2c3 g8f6 e2e3 b7b6 b1d2 f8e7 a2a4 e8g8 f1d3 c8a6 d3a6 b8a6 e1g1 d7d5 d1e2 a6b8 e3e4 d8c7 e4e5 f6d7 d2b3 f8c8 c1f4 b8c6 g2g3 c6a5 b3a5 b6a5 h2h4 a8b8 f1c1 c7b6 c1c2 h7h6 f4e3 b6b7 g1h2 c8c6 h2h3
Finished game 57 (MeikeChess vs SF_20knodes): 1/2-1/2 {Draw by 3-fold repetition}
Started game 59 of 800 (MeikeChess vs SF_20knodes)
Warning; Bestmove does not match beginning of last PV - move c5d4 from MeikeChess
Info; info depth 15 score cp 59 nodes 304618 nps 385592 time 790 pv d7e5 d4e6 f7e6 e3c5 c7c5 e2e5 e6f5 c2f2 b8f8 b1e1 b7c8 f2f3 f5f4 e5e6 g8h8 e6c8 f8c8 f3f4 c5c3 e1e6 c8c6 e6e5 c6d6
Position; startpos
Moves; d2d4 e7e6 g1f3 c7c5 c2c3 g8f6 e2e3 b7b6 b1d2 f8e7 a2a4 e8g8 f1d3 c8a6 d3a6 b8a6 e1g1 d7d5 d1e2 a6b8 e3e4 d8c7 e4e5 f6d7 d2b3 f8c8 c1f4 b8c6 g2g3 c6a5 b3a5 b6a5 h2h4 a8b8 f1c1 c7b6 c1c2 h7h6 f4e3 b6b7 g1h2 c8c6 h2h3 a7a6 a1b1 c5d4 f3d4 c6c4 b2b3 c4c7 f2f4 e7c5 f4f5
Finished game 56 (SF_20knodes vs MeikeChess): 1/2-1/2 {Draw by 3-fold repetition}
--------------------------------------------------
Results of MeikeChess vs SF_20knodes (2/move - 20000 nodes, 1t, 128MB, 8moves_v3.pgn):
Elo: -60.74 +/- 96.01, nElo: -62.66 +/- 94.43
LOS: 9.67 %, DrawRatio: 30.77 %, PairsRatio: 0.64
Games: 52, Wins: 15, Losses: 24, Draws: 13, Points: 21.5 (41.35 %)
Ptnml(0-2): [8, 3, 8, 4, 3], WL/DD Ratio: 1.67
--------------------------------------------------
Started game 60 of 800 (SF_20knodes vs MeikeChess)
Finished game 54 (SF_20knodes vs MeikeChess): 1-0 {White wins by adjudication}
Started game 61 of 800 (MeikeChess vs SF_20knodes)
Warning; Bestmove does not match beginning of last PV - move d1d2 from MeikeChess
Info; info depth 14 score cp 125 nodes 339883 nps 352941 time 963 pv e2g4 c8c2 b2d4 b7a8 d1c1 c2c1 a1c1 g7g6 h2h4 h7h5 g4d1 d5c7 d4c5 d8d1 c1d1 e7c5 e4c5 a8g2 g1g2
Position; startpos
Moves; g1f3 c7c5 g2g3 b7b6 f1g2 c8b7 e1g1 e7e6 c2c4 g8f6 b1c3 a7a6 b2b3 d7d6 c1b2 f8e7 e2e3 e8g8 d2d4 c5d4 e3d4 d6d5 f3e5 b8c6 c4d5 c6e5 d4e5 f6d5 c3e4 a8c8 d1e2 b6b5 f1d1 b5b4
Warning; Bestmove does not match beginning of last PV - move d3d2 from MeikeChess
Info; info depth 16 score cp 95 nodes 510234 nps 399556 time 1277 pv e2g4 c8c2 d3d2 c2d2 d1d2 g7g6 g4f3 a5a4 b3a4 d8a8 e4d6 b7c6 f3b3 a8a4 d2c2 c6d7 h2h4
Position; startpos
Moves; g1f3 c7c5 g2g3 b7b6 f1g2 c8b7 e1g1 e7e6 c2c4 g8f6 b1c3 a7a6 b2b3 d7d6 c1b2 f8e7 e2e3 e8g8 d2d4 c5d4 e3d4 d6d5 f3e5 b8c6 c4d5 c6e5 d4e5 f6d5 c3e4 a8c8 d1e2 b6b5 f1d1 b5b4 d1d2 e7g5 d2d3 g5e7 a1d1 a6a5
Warning; Bestmove does not match beginning of last PV - move e4d3 from MeikeChess
Info; info depth 22 score cp 69 nodes 1946244 nps 1153671 time 1687 pv c3b2 g7h8 b2b3 h8g7 b3c3 g7h8 c3d4 h8g7 d4c5 g7h8 c5d6 h8g7 e4d3 g7h8 d3b1 h8g7 d6c5 g7h8 c5d4 h8g7 b1c2 g7h8 d4e3 h8g7 c2f5 g7h8 e3d3 h8g7 d3d4 g7h8 d4e3 h8g7 f5e4 g7h8
Position; startpos
Moves; g1f3 g8f6 c2c4 g7g6 g2g3 f8g7 f1g2 e8g8 e1g1 d7d6 b1c3 e7e5 d2d3 h7h6 a1b1 a7a5 e2e4 b8c6 b2b3 b7b6 h2h3 c8b7 c1e3 c6e7 d1d2 g8h7 a2a3 f6d7 d3d4 f7f5 e4f5 e7f5 d4e5 d7c5 e3c5 b6c5 e5d6 b7f3 g2f3 g7c3 d2c3 f5d4 f3d1 d8d6 b1b2 d6f6 g1g2 f6c6 f2f3 a8e8 b2d2 h6h5 h3h4 e8e7 d2d3 f8e8 c3a5 e8a8 a5d2 a8a3 f1e1 e7e1 d2e1 a3a2 g2h3 c6f6 d3e3 d4c6 e3e2 a2e2 e1e2 c6d4 e2e3 f6d6 e3e1 d6f6 f3f4 f6c6 h3h2 c6f6 h2h3 h7g7 e1e8 f6d6 e8e4 d6f6 h3g2 d4f5 d1e2 f6b2 e4e5 b2e5 f4e5 g7f7 e2d3 f7e6 g2h3 e6e5 g3g4 h5g4 h3g4 f5d4 d3g6 e5f6 g6d3 d4b3 g4f4 b3d2 f4e3 d2b3 e3e4 b3a5 e4d5 a5c4 d5c4 f6g7 d3c2 g7h6 c2d1 h6g6 d1f3 g6h7 f3c6 h7g6 c6e8 g6g7 h4h5 g7h6 c4c5 h6g7 c5c6 g7h7 e8g6 h7h8 h5h6 h8g8 c6c5 g8h8 g6d3 h8g8 d3c2 g8f7 c5b5 c7c5 b5c5 f7g8 c2d3 g8h8 d3g6 h8g8 g6e4 g8h8 c5d5 h8g8 d5c6 g8f7 c6d7 f7g8 d7e7 g8h8 e4c2 h8g8 e7d8 g8f7 c2b1 f7g8 b1d3 g8f7 d8c7 f7g8 c7d6 g8h8 d6c5 h8g8 d3g6 g8h8 g6e4 h8g8 c5b6 g8f7 b6c6 f7g8 c6d7 g8f8 e4g6 f8g8 d7d8 g8f8 g6f5 f8f7 f5d3 f7f8 d3g6 f8g8 d8d7 g8f8 g6h7 f8f7 d7d8 f7f6 h7e4 f6f7 e4f5 f7f8 d8d7 f8f7 d7d6 f7g8 d6e6 g8h8 f5c2 h8g8 e6e5 g8h8 c2g6 h8g8 g6e4 g8h8 e5d6 h8g8 e4f5 g8h8 d6d5 h8g8 d5e4 g8h8 e4d4 h8g8 h6h7 g8h8 d4c5 h8g7 f5c2 g7h8 c2d3 h8g7 c5c6 g7h8 c6d6 h8g7 d6c5 g7h8 c5d5 h8g7 d5c4 g7h8 c4b4 h8g7 b4b5 g7h8 b5c6 h8g7 c6d5 g7h8 d5c4 h8g7 d3g6 g7h8 c4b5 h8g7 b5c5 g7h8 c5b4 h8g7 g6d3 g7h8 b4a3 h8g7 d3e4 g7h8 a3b4 h8g7 b4b3 g7h8 b3c4 h8g7 c4b5 g7h8 b5a5 h8g7 a5b4 g7h8 b4c5 h8g7 c5d4 g7h8 d4c3 h8g7
