SPRT: dev=/Users/titojr/Documents/closed testing/Nature(v2)/engine-src/build/carelesschess
      base=/Users/titojr/Documents/closed testing/Nature(v2)/engine-src/tools/baselines/cc-nonpawn-base
      tc=8+0.08  bounds=[0, 10]  alpha=0.05  beta=0.05
      rounds<=2000  concurrency=4  hash=64MB  threads=1

Indexing opening suite...
Started game 1 of 4000 (dev vs base)
Started game 3 of 4000 (dev vs base)
Started game 4 of 4000 (base vs dev)
Started game 2 of 4000 (base vs dev)
Finished game 1 (dev vs base): 1/2-1/2 {Draw by 3-fold repetition}
Started game 5 of 4000 (dev vs base)
Warning; Bestmove does not match beginning of last PV - move g8c8 from dev
Info; info depth 14 score cp 610 nodes 28300 nps 1048148 time 27 pv f3e2 c6b7 g6g7 e5g5 e2e3 g5g1 e3f3 g1g5 f3f4 g5g1 f4f5 g1f1 f5g5 f1g1 g5f6 g1f1 f6e7 f1e1 e7f7 e1f1 f7e6
Position; startpos
Moves; e2e4 e7e5 g1f3 b8c6 f1b5 g8f6 d2d3 f8c5 b1c3 d7d6 c3a4 c5b6 a4b6 a7b6 c2c3 c8d7 e1g1 e8g8 c1g5 h7h6 g5h4 c6e7 b5d7 f6d7 d3d4 f8e8 a2a3 g7g5 h4g3 e7g6 f1e1 d7f6 f3d2 h6h5 h2h3 b6b5 d1f3 a8a4 f3f5 f6h7 d4e5 g6e5 e1e3 d8f6 g3e5 d6e5 a1e1 a4a6 e3d3 f6f5 e4f5 h7f6 d3g3 g5g4 h3g4 h5g4 f2f3 a6a4 b2b4 a4a3 f3g4 e8d8 d2e4 f6e4 e1e4 f7f6 g4g5 g8g7 g5g6 a3a1 g1h2 a1f1 e4h4 f1f5 h4h7 g7g8 h7c7 e5e4 g6g7 f5h5 h2g1 d8d1 g1f2 d1d2 f2e1 h5d5 g3g6 d5d7 c7c8 d7d8 c8d8 d2d8 g6f6 d8d3 f6e6 e4e3 e1e2 d3c3 e6e5 g8g7 e5b5 c3b3 b5b7 g7f6 e2f3 f6e5 g2g4 e5f6 b7b8 f6e6 b4b5 e6d7 b5b6 d7c6 g4g5 b3b5 g5g6 b5g5 b8g8 g5e5
Finished game 3 (dev vs base): 1-0 {White wins by adjudication}
Started game 6 of 4000 (base vs dev)
Finished game 5 (dev vs base): 1-0 {White wins by adjudication}
Started game 7 of 4000 (dev vs base)
Finished game 4 (base vs dev): 1/2-1/2 {Draw by 3-fold repetition}
Started game 8 of 4000 (base vs dev)
Finished game 6 (base vs dev): 0-1 {Black wins by adjudication}
Started game 9 of 4000 (dev vs base)
Finished game 8 (base vs dev): 1/2-1/2 {Draw by 3-fold repetition}
Started game 10 of 4000 (base vs dev)
Finished game 7 (dev vs base): 1/2-1/2 {Draw by 3-fold repetition}
Started game 11 of 4000 (dev vs base)
Finished game 2 (base vs dev): 1/2-1/2 {Draw by fifty moves rule}
Started game 12 of 4000 (base vs dev)
Finished game 9 (dev vs base): 0-1 {Black wins by adjudication}
Started game 13 of 4000 (dev vs base)
Finished game 11 (dev vs base): 1/2-1/2 {Draw by 3-fold repetition}
Started game 14 of 4000 (base vs dev)
Finished game 10 (base vs dev): 1/2-1/2 {Draw by 3-fold repetition}
Started game 15 of 4000 (dev vs base)
Finished game 12 (base vs dev): 1/2-1/2 {Draw by 3-fold repetition}
Started game 16 of 4000 (base vs dev)
Finished game 15 (dev vs base): 0-1 {Black wins by adjudication}
Started game 17 of 4000 (dev vs base)
Finished game 14 (base vs dev): 0-1 {Black wins by adjudication}
Started game 18 of 4000 (base vs dev)
Finished game 13 (dev vs base): 1/2-1/2 {Draw by insufficient mating material}
Started game 19 of 4000 (dev vs base)
Finished game 18 (base vs dev): 1/2-1/2 {Draw by 3-fold repetition}
Started game 20 of 4000 (base vs dev)
Finished game 17 (dev vs base): 1/2-1/2 {Draw by 3-fold repetition}
Started game 21 of 4000 (dev vs base)
Finished game 16 (base vs dev): 1/2-1/2 {Draw by adjudication}
Started game 22 of 4000 (base vs dev)
Finished game 19 (dev vs base): 0-1 {Black wins by adjudication}
Started game 23 of 4000 (dev vs base)
Finished game 20 (base vs dev): 1/2-1/2 {Draw by adjudication}
--------------------------------------------------
Results of dev vs base (8+0.08, 1t, 64MB, 8moves_v3.pgn):
Elo: 17.39 +/- 104.93, nElo: 26.04 +/- 152.27
LOS: 63.13 %, DrawRatio: 40.00 %, PairsRatio: 1.00
Games: 20, Wins: 4, Losses: 3, Draws: 13, Points: 10.5 (52.50 %)
Ptnml(0-2): [0, 3, 4, 2, 1], WL/DD Ratio: 0.00
LLR: 0.04 (1.2%) (-2.94, 2.94) [0.00, 10.00]
--------------------------------------------------
Started game 24 of 4000 (base vs dev)
Finished game 21 (dev vs base): 1-0 {White wins by adjudication}
Started game 25 of 4000 (dev vs base)
Finished game 22 (base vs dev): 1-0 {White wins by adjudication}
Started game 26 of 4000 (base vs dev)
Finished game 23 (dev vs base): 1/2-1/2 {Draw by 3-fold repetition}
Started game 27 of 4000 (dev vs base)
Finished game 25 (dev vs base): 1-0 {White wins by adjudication}
Started game 28 of 4000 (base vs dev)
Finished game 26 (base vs dev): 1/2-1/2 {Draw by 3-fold repetition}
Started game 29 of 4000 (dev vs base)
Finished game 24 (base vs dev): 1-0 {White wins by adjudication}
Started game 30 of 4000 (base vs dev)
Finished game 27 (dev vs base): 1/2-1/2 {Draw by adjudication}
Started game 31 of 4000 (dev vs base)
Warning; Bestmove does not match beginning of last PV - move c8d8 from base
Info; info depth 15 score cp 0 nodes 3735 nps 155625 time 24 pv c8d7
Position; startpos
Moves; e2e4 d7d6 d2d4 g7g6 b1c3 f8g7 c1e3 a7a6 g1f3 b7b5 f1d3 b8d7 e4e5 c8b7 e5e6 f7e6 a2a4 b5b4 c3e2 b7f3 g2f3 c7c5 e2f4 e8f7 c2c3 b4c3 b2c3 g7h6 e1g1 h6f4 e3f4 c5d4 c3d4 d7b6 d1e2 d8d7 a4a5 b6d5 f4d2 d5c7 f1b1 g8f6 b1b7 f6d5 a1c1 d7c8 b7b6 c8d7 b6b7 d7c8 b7b6
Finished game 29 (dev vs base): 1/2-1/2 {Draw by 3-fold repetition}
Started game 32 of 4000 (base vs dev)
Finished game 30 (base vs dev): 1/2-1/2 {Draw by 3-fold repetition}
Started game 33 of 4000 (dev vs base)
Finished game 31 (dev vs base): 1/2-1/2 {Draw by 3-fold repetition}
Started game 34 of 4000 (base vs dev)
Finished game 28 (base vs dev): 1/2-1/2 {Draw by 3-fold repetition}
Started game 35 of 4000 (dev vs base)
Finished game 32 (base vs dev): 1/2-1/2 {Draw by 3-fold repetition}
Started game 36 of 4000 (base vs dev)
Finished game 35 (dev vs base): 1/2-1/2 {Draw by 3-fold repetition}
Started game 37 of 4000 (dev vs base)
Finished game 34 (base vs dev): 0-1 {Black wins by adjudication}
Started game 38 of 4000 (base vs dev)
Finished game 33 (dev vs base): 1/2-1/2 {Draw by adjudication}
Started game 39 of 4000 (dev vs base)
Finished game 36 (base vs dev): 1-0 {White wins by adjudication}
Started game 40 of 4000 (base vs dev)
Finished game 39 (dev vs base): 1/2-1/2 {Draw by 3-fold repetition}
Started game 41 of 4000 (dev vs base)
Warning; Bestmove does not match beginning of last PV - move e5c5 from base
Info; info depth 14 score cp 206 nodes 17200 nps 477777 time 36 pv e1e3 d8a8 g7g6 a8a7 g6f6 a7a6 e3e4 f1d3 e4d4 d3c4 f5f4 c4e6 e5e6 a6a5 d4d8
Position; startpos
Moves; e2e4 b8c6 g1f3 d7d6 d2d4 g8f6 b1c3 g7g6 d4d5 c6b8 c1e3 f8g7 d1d2 c7c6 h2h3 b8d7 e1c1 h7h6 g2g4 c6d5 e4d5 d7c5 c1b1 c8d7 f1g2 b7b5 e3c5 d6c5 d5d6 b5b4 c3d5 f6d5 d2d5 e8g8 f3e5 e7d6 d5d6 d7e6 d6c5 a8c8 c5b4 d8f6 f2f4 c8b8 b4a4 f6e7 a4a5 f8c8 c2c3 c8c5 a5a6 c5c3 a6d6 e7d6 d1d6 c3e3 d6d2 g7e5 f4e5 b8b5 b2b3 b5e5 b1b2 g8g7 h1c1 h6h5 g4h5 e5h5 c1c7 a7a5 c7a7 h5e5 g2f1 e5f5 f1g2 g7h6 a7e7 f5e5 g2f1 g6g5 b2a3 h6g7 e7a7 g7g6 a7a6 g6h5 a6a8 f7f5 a3a4 e3e4 a4a3 e4e1 a8h8 h5g6 d2f2 e1e3 h8a8 g6f6 a8f8 f6g7 f8d8 e3e4 f2c2 e4e1 c2f2
Finished game 40 (base vs dev): 1/2-1/2 {Draw by 3-fold repetition}
--------------------------------------------------
Results of dev vs base (8+0.08, 1t, 64MB, 8moves_v3.pgn):
Elo: 9.15 +/- 65.28, nElo: 15.66 +/- 110.47
LOS: 60.95 %, DrawRatio: 47.37 %, PairsRatio: 1.00
Games: 38, Wins: 7, Losses: 6, Draws: 25, Points: 19.5 (51.32 %)
Ptnml(0-2): [0, 5, 9, 4, 1], WL/DD Ratio: 0.12
LLR: 0.03 (1.2%) (-2.94, 2.94) [0.00, 10.00]
--------------------------------------------------
Started game 42 of 4000 (base vs dev)
Finished game 37 (dev vs base): 0-1 {Black wins by adjudication}
Started game 43 of 4000 (dev vs base)
Finished game 41 (dev vs base): 1/2-1/2 {Draw by 3-fold repetition}
Started game 44 of 4000 (base vs dev)
Finished game 38 (base vs dev): 1/2-1/2 {Draw by fifty moves rule}
Started game 45 of 4000 (dev vs base)
Finished game 43 (dev vs base): 1-0 {White wins by adjudication}
Started game 46 of 4000 (base vs dev)
Finished game 45 (dev vs base): 0-1 {Black wins by adjudication}
Started game 47 of 4000 (dev vs base)
Finished game 42 (base vs dev): 1/2-1/2 {Draw by fifty moves rule}
Started game 48 of 4000 (base vs dev)
Finished game 44 (base vs dev): 1/2-1/2 {Draw by adjudication}
Started game 49 of 4000 (dev vs base)
Finished game 47 (dev vs base): 1-0 {White wins by adjudication}
Started game 50 of 4000 (base vs dev)
Finished game 46 (base vs dev): 1/2-1/2 {Draw by fifty moves rule}
Started game 51 of 4000 (dev vs base)
Finished game 49 (dev vs base): 1/2-1/2 {Draw by 3-fold repetition}
Started game 52 of 4000 (base vs dev)
Finished game 48 (base vs dev): 1/2-1/2 {Draw by 3-fold repetition}
Started game 53 of 4000 (dev vs base)
Warning; Bestmove does not match beginning of last PV - move c7c8 from base
Info; info depth 11 score cp -116 nodes 18494 nps 298290 time 62 pv b8d8 b2c1 c7c8 c1d2 d7f8 c3d5 f8e6 f3d4 e6d4 d5c3 c6d7
Position; startpos
Moves; d2d4 g8f6 g1f3 c7c5 e2e3 g7g6 f1e2 f8g7 e1g1 e8g8 b1d2 b7b6 c2c3 c8b7 b2b3 d7d6 c1b2 d8c7 c3c4 e7e6 d1c2 b8c6 a1d1 a8d8 c2b1 f8e8 h2h3 a7a5 f1e1 c6a7 e2f1 f6d7 b1a1 c7b8 a2a3 d8c8 e3e4 c5d4 f3d4 e6e5 d4e2 a7c6 a1b1 h7h5 e2c3 c6d4 b3b4 b7c6 b1d3 c8c7 d2f3
Finished game 52 (base vs dev): 0-1 {Black wins by adjudication}
Started game 54 of 4000 (base vs dev)
Finished game 50 (base vs dev): 1/2-1/2 {Draw by 3-fold repetition}
Started game 55 of 4000 (dev vs base)
Finished game 53 (dev vs base): 1/2-1/2 {Draw by 3-fold repetition}
Started game 56 of 4000 (base vs dev)
Finished game 54 (base vs dev): 1-0 {White wins by adjudication}
Started game 57 of 4000 (dev vs base)
Finished game 55 (dev vs base): 0-1 {Black wins by adjudication}
Started game 58 of 4000 (base vs dev)
Finished game 51 (dev vs base): 1/2-1/2 {Draw by 3-fold repetition}
Started game 59 of 4000 (dev vs base)
Warning; Bestmove does not match beginning of last PV - move e1f1 from base
Info; info depth 16 score cp -17 nodes 18250 nps 912500 time 20 pv e1f2 h4h2 f2g1 h2a2 d4d3 a2c2 d3d8 h5h4 d8h8 e6d5 h8h6 d5c4 h6d6 h4h3 d6f6 h3h2 g1h1 c4d3
Position; startpos
Moves; g1f3 g8f6 c2c4 e7e6 d2d4 b7b6 e2e3 c8b7 f1d3 d7d5 b1c3 b8d7 e1g1 f8b4 c1d2 d5c4 d3c4 e8g8 d1e2 c7c5 c4a6 b7a6 e2a6 d8c8 a6e2 c5d4 f3d4 c8b7 a2a3 b4c5 d4f3 c5d6 f1d1 a8c8 d2e1 d6b8 h2h3 h7h6 a1c1 d7e5 c3b5 e5f3 e2f3 b7f3 g2f3 a7a6 b5c3 b6b5 b2b3 g7g5 c3a2 b8e5 c1c8 f8c8 a2b4 a6a5 b4d3 e5d6 e1a5 d6a3 a5d2 a3e7 g1f1 c8a8 d1c1 a8a3 c1b1 f6d7 f1e2 e7d6 d2c1 a3a2 c1d2 f7f6 b1c1 g8f7 f3f4 g5f4 e3f4 f6f5 c1c6 f7e7 d3c1 a2b2 e2d1 d7c5 d2b4 c5e4 c6c7 e7d8 b4d6 b2d2 d1e1 d2d6 c7c2 d6d4 f2f3 e4f6 c1e2 d4d6 c2c5 b5b4 e2c1 f6d5 c1d3 d8e7 e1f2 d6a6 c5c4 a6a2 f2g3 a2a3 d3b4 a3b3 b4d5 e6d5 c4c7 e7d6 c7f7 d6e6 f7f8 d5d4 f8d8 b3d3 g3f2 h6h5 h3h4 d3d2 f2e1 d2h2 d8d4 h2h4
Finished game 57 (dev vs base): 1/2-1/2 {Draw by 3-fold repetition}
Started game 60 of 4000 (base vs dev)
Finished game 56 (base vs dev): 1/2-1/2 {Draw by 3-fold repetition}
Started game 61 of 4000 (dev vs base)
Finished game 58 (base vs dev): 1-0 {White wins by adjudication}
Started game 62 of 4000 (base vs dev)
Finished game 60 (base vs dev): 1/2-1/2 {Draw by 3-fold repetition}
Started game 63 of 4000 (dev vs base)
Finished game 59 (dev vs base): 1-0 {White wins by adjudication}
--------------------------------------------------
Results of dev vs base (8+0.08, 1t, 64MB, 8moves_v3.pgn):
Elo: -0.00 +/- 53.66, nElo: -0.00 +/- 87.91
LOS: 50.00 %, DrawRatio: 36.67 %, PairsRatio: 0.90
Games: 60, Wins: 11, Losses: 11, Draws: 38, Points: 30.0 (50.00 %)
Ptnml(0-2): [0, 10, 11, 8, 1], WL/DD Ratio: 0.10
LLR: -0.03 (-0.9%) (-2.94, 2.94) [0.00, 10.00]
--------------------------------------------------
Started game 64 of 4000 (base vs dev)
Warning; Bestmove does not match beginning of last PV - move f6g5 from dev
Info; info depth 10 score cp 209 nodes 21595 nps 654393 time 33 pv d5d6 c5d5 f7e7 d5e4 e7f8 e4a8 f8f7 a8b7 f7g6 b7e4 g6g7 e4b7 g7h8 b7c8 h8h7 a4a3 f6e5 g3h3
Position; startpos
Moves; d2d4 g8f6 c2c4 e7e6 g1f3 b7b6 g2g3 c8a6 b2b3 d7d5 c4d5 e6d5 f1g2 f8e7 e1g1 e8g8 f3e5 f8e8 c1b2 a6b7 b1d2 e7f8 a1c1 a7a5 e2e3 b8a6 d2b1 f6e4 a2a3 c7c5 f1e1 a8c8 b1d2 c5d4 c1c8 d8c8 e3d4 a6c7 d2e4 d5e4 e5c4 c8e6 f2f3 f7f5 f3e4 f5e4 c4d2 e6f5 d1b1 f5b5 g2e4 b7e4 e1e4 c7d5 a3a4 b5d7 e4e8 d7e8 b1e4 e8f7 d2c4 f8b4 b2a3 b4a3 c4a3 h7h6 a3c4 d5f6 e4f5 g8h8 h2h4 f7c7 g1f2 c7f7 f2e2 f7e8 c4e5 b6b5 f5c2 b5a4 b3a4 e8e6 e2d2 e6b6 e5g6 h8h7 g6e7 h7h8 d2d3 g7g5 h4g5 h6g5 e7g6 h8g7 g6e5 f6d5 d3e2 b6h6 c2d3 h6h5 e2f1 g5g4 f1g2 h5g5 d3e2 d5f6 e2a2 g5h5 a2b3 g7h6 b3a3 h5f5 a3f8 h6h5 f8h8 f6h7 g2g1 h5h6 d4d5 f5b1 g1f2 b1b2 f2e3 b2c1 e3d4 c1b2 d4c5 b2b4 c5c6 b4a4 c6d6 a4b4 d6e6 b4f8 e5g4 h6g5 h8h7 f8c8 e6d6 g5g4 h7h4 g4f3 h4f4 f3e2 f4e4 e2f2 e4d4 f2g3 d4e3 g3g2 e3d2 g2f3 d2d1 f3f2 d1d4 f2g3 d4e5 g3f3 d6e7 c8c5 e7f7 a5a4 e5f6 f3g3
Warning; Bestmove does not match beginning of last PV - move f8e7 from dev
Info; info depth 16 score cp 0 nodes 20971 nps 487697 time 43 pv c8d8 f3e4 d8a5 e4f3 a5d8 f3e4
Position; startpos
Moves; d2d4 g8f6 c2c4 e7e6 g1f3 b7b6 g2g3 c8a6 b2b3 d7d5 c4d5 e6d5 f1g2 f8e7 e1g1 e8g8 f3e5 f8e8 c1b2 a6b7 b1d2 e7f8 a1c1 a7a5 e2e3 b8a6 a2a3 c7c5 d4c5 a6c5 b3b4 a5b4 a3b4 c5a4 b2d4 f8b4 e5c6 b7c6 c1c6 b4e7 d1b3 d8d7 d4f6 e7f6 g2d5 a4c5 c6c5 b6c5 d5a8 e8a8 d2e4 d7c6 b3c4 f6e7 e4c3 a8d8 f1c1 e7f8 c4e4 c6a6 c1c2 a6a3 c3d5 a3a8 c2d2 h7h5 g1g2 h5h4 d2d1 f8d6 g3h4 d6f8 h4h5 a8a6 e4f3 d8d6 h2h4 c5c4 d1d4 a6c8 d5c3 d6d4 e3d4
Warning; Bestmove does not match beginning of last PV - move g8f8 from dev
Info; info depth 14 score cp 0 nodes 4994 nps 713428 time 7 pv g8h7 g3f3 h7g8 f3g3
Position; startpos
Moves; d2d4 g8f6 c2c4 e7e6 g1f3 b7b6 g2g3 c8a6 b2b3 d7d5 c4d5 e6d5 f1g2 f8e7 e1g1 e8g8 f3e5 f8e8 c1b2 a6b7 b1d2 e7f8 a1c1 a7a5 e2e3 b8a6 a2a3 c7c5 d4c5 a6c5 b3b4 a5b4 a3b4 c5a4 b2d4 f8b4 e5c6 b7c6 c1c6 b4e7 d1b3 d8d7 d4f6 e7f6 g2d5 a4c5 c6c5 b6c5 d5a8 e8a8 d2e4 d7c6 b3c4 f6e7 e4c3 a8d8 f1c1 e7f8 c4e4 c6a6 c1c2 a6a3 c3d5 a3a8 c2d2 h7h5 g1g2 h5h4 d2d1 f8d6 g3h4 d6f8 h4h5 a8a6 e4f3 d8d6 h2h4 c5c4 d1d4 a6c8 d5c3 d6d4 e3d4 f8e7 c3e4 c8d7 d4d5 e7h4 h5h6 g7h6 f3f4 h4d8 f4g3
Finished game 63 (dev vs base): 1/2-1/2 {Draw by 3-fold repetition}
Started game 65 of 4000 (dev vs base)
Finished game 61 (dev vs base): 1/2-1/2 {Draw by 3-fold repetition}
Started game 66 of 4000 (base vs dev)
Finished game 62 (base vs dev): 1/2-1/2 {Draw by 3-fold repetition}
Started game 67 of 4000 (dev vs base)
Finished game 64 (base vs dev): 1/2-1/2 {Draw by 3-fold repetition}
Started game 68 of 4000 (base vs dev)
Warning; Bestmove does not match beginning of last PV - move f6f5 from dev
Info; info depth 14 score cp 12 nodes 29201 nps 730025 time 40 pv e6f7 g3h2 f7g6 f4b4 f6f5 b4b6 g6h5 b6f6 g5h7 f6f5 a5f5 e3f5 h5g4 f5d4 g4h4 d4e2
Position; startpos
Moves; e2e4 c7c5 g1f3 b8c6 d2d4 c5d4 f3d4 g8f6 b1c3 d7d6 f1e2 e7e6 e1g1 f8e7 d4c6 b7c6 e2d3 f6d7 b2b3 e8g8 c3a4 c6c5 c1b2 c8b7 d3b5 a8c8 f1e1 d8c7 d1g4 d7f6 g4g3 f8d8 a1d1 f6h5 g3f3 h5f6 h2h3 c8b8 b5c4 b7c6 a4c3 c7b7 a2a4 h7h6 b2c1 d6d5 e4d5 e6d5 c4b5 c6b5 c3b5 d8d7 b5c3 b8c8 e1e5 d5d4 f3b7 d7b7 c3b5 c8d8 b5a3 f6d5 c1d2 f7f6 e5f5 g8f7 f5f3 e7d6 g1f1 g7g5 d1e1 d6f4 d2f4 d5f4 g2g3 f4h3 f3f5 d4d3 f5c5 d3c2 a3c2 d8d2 e1e2 d2e2 f1e2 b7b3 c5c7 f7g6 c7a7 h6h5 a7a8 h3g1 e2e1 g1f3 e1e2 h5h4 g3h4 g5h4 c2e3 f3d4 e2d2 g6f7 a8a7 f7e6 a7h7 b3a3 a4a5 a3a5 d2d3 d4f3 d3e2 f3g1 e2f1 a5a1 f1g2 h4h3 g2g3 a1a5 g3h2 g1f3 h2g3 f3g5 h7h4 a5a3 h4f4 e6f7 g3h2 a3a6 e3f5 f7e6 f5e3 a6a5 h2g3
Finished game 66 (base vs dev): 1/2-1/2 {Draw by 3-fold repetition}
Started game 69 of 4000 (dev vs base)
Finished game 65 (dev vs base): 1-0 {White wins by adjudication}
Started game 70 of 4000 (base vs dev)
Finished game 67 (dev vs base): 1-0 {White wins by adjudication}
Started game 71 of 4000 (dev vs base)
Finished game 69 (dev vs base): 1/2-1/2 {Draw by 3-fold repetition}
Started game 72 of 4000 (base vs dev)
Finished game 71 (dev vs base): 1/2-1/2 {Draw by 3-fold repetition}
Started game 73 of 4000 (dev vs base)
Finished game 68 (base vs dev): 1/2-1/2 {Draw by 3-fold repetition}
Started game 74 of 4000 (base vs dev)
Finished game 72 (base vs dev): 0-1 {Black wins by adjudication}
Started game 75 of 4000 (dev vs base)
Finished game 70 (base vs dev): 1/2-1/2 {Draw by fifty moves rule}
Started game 76 of 4000 (base vs dev)
Finished game 74 (base vs dev): 1-0 {White wins by adjudication}
Started game 77 of 4000 (dev vs base)
Finished game 73 (dev vs base): 1-0 {White wins by adjudication}
Started game 78 of 4000 (base vs dev)
Finished game 76 (base vs dev): 0-1 {Black wins by adjudication}
Started game 79 of 4000 (dev vs base)
Finished game 75 (dev vs base): 1/2-1/2 {Draw by adjudication}
Started game 80 of 4000 (base vs dev)
Finished game 77 (dev vs base): 1/2-1/2 {Draw by 3-fold repetition}
Started game 81 of 4000 (dev vs base)
Finished game 78 (base vs dev): 1/2-1/2 {Draw by adjudication}
Started game 82 of 4000 (base vs dev)
Finished game 80 (base vs dev): 1/2-1/2 {Draw by 3-fold repetition}
Started game 83 of 4000 (dev vs base)
Warning; Bestmove does not match beginning of last PV - move d4c5 from base
Info; info depth 17 score cp -103 nodes 51840 nps 656202 time 79 pv f5f4 g3f4 g5f4 e2f3 b6a7 d3f1 a7a8 f1c4 a8a7 c4d3 a7a8 d3f1 a8b8 f3g2 b8a7 f1e2 a7b6 g2f3
Position; startpos
Moves; c2c4 g8f6 g1f3 e7e6 g2g3 d7d5 d2d4 a7a6 c4d5 e6d5 f1g2 f8d6 b1c3 e8g8 e1g1 f8e8 c1g5 c7c6 g5f6 d8f6 f1e1 c8f5 d1b3 b8d7 e2e4 d5e4 f3h4 a8b8 h4f5 f6f5 e1e4 d7f6 e4e8 f6e8 c3e4 f5b5 b3b5 a6b5 a1c1 b8a8 d4d5 d6e5 d5c6 b7c6 c1c6 a8a2 b2b3 g8f8 c6c5 e5d4 c5b5 e8f6 b5b8 f8e7 b8b7 e7d8 b7b4 d4a7 b4a4 a2a4 b3a4 f6e4 g2e4 h7h6 a4a5 a7d4 e4d5 f7f6 a5a6 d8c7 d5c4 c7b6 c4e2 b6c6 e2d3 c6b6 d3c4 d4c5 g1g2 c5b4 c4d3 b4c3 d3e2 c3d4 h2h4 g7g5 g2f3 d4c5 e2d3 c5d4 h4h5 f6f5 f3e2
Finished game 79 (dev vs base): 1-0 {White wins by adjudication}
--------------------------------------------------
Results of dev vs base (8+0.08, 1t, 64MB, 8moves_v3.pgn):
Elo: 21.74 +/- 44.12, nElo: 37.82 +/- 76.13
LOS: 83.49 %, DrawRatio: 40.00 %, PairsRatio: 1.40
Games: 80, Wins: 17, Losses: 12, Draws: 51, Points: 42.5 (53.12 %)
Ptnml(0-2): [0, 10, 16, 13, 1], WL/DD Ratio: 0.14
LLR: 0.22 (7.4%) (-2.94, 2.94) [0.00, 10.00]
--------------------------------------------------
Started game 84 of 4000 (base vs dev)
Finished game 81 (dev vs base): 1/2-1/2 {Draw by 3-fold repetition}
Started game 85 of 4000 (dev vs base)
Finished game 82 (base vs dev): 1/2-1/2 {Draw by 3-fold repetition}
Started game 86 of 4000 (base vs dev)
Finished game 83 (dev vs base): 0-1 {Black wins by adjudication}
Started game 87 of 4000 (dev vs base)
Finished game 84 (base vs dev): 0-1 {Black wins by adjudication}
Started game 88 of 4000 (base vs dev)
Finished game 86 (base vs dev): 0-1 {Black wins by adjudication}
Started game 89 of 4000 (dev vs base)
Finished game 87 (dev vs base): 1-0 {White wins by adjudication}
Started game 90 of 4000 (base vs dev)
Finished game 85 (dev vs base): 1/2-1/2 {Draw by 3-fold repetition}
Started game 91 of 4000 (dev vs base)
Finished game 88 (base vs dev): 1-0 {White wins by adjudication}
Started game 92 of 4000 (base vs dev)
Finished game 91 (dev vs base): 1-0 {White wins by adjudication}
Started game 93 of 4000 (dev vs base)
Finished game 92 (base vs dev): 1/2-1/2 {Draw by 3-fold repetition}
Started game 94 of 4000 (base vs dev)
Finished game 90 (base vs dev): 0-1 {Black wins by adjudication}
Started game 95 of 4000 (dev vs base)
Finished game 89 (dev vs base): 1/2-1/2 {Draw by fifty moves rule}
Started game 96 of 4000 (base vs dev)
Finished game 93 (dev vs base): 1/2-1/2 {Draw by 3-fold repetition}
Started game 97 of 4000 (dev vs base)
Finished game 94 (base vs dev): 1/2-1/2 {Draw by 3-fold repetition}
Started game 98 of 4000 (base vs dev)
Finished game 95 (dev vs base): 1/2-1/2 {Draw by 3-fold repetition}
Started game 99 of 4000 (dev vs base)
Finished game 96 (base vs dev): 1-0 {White wins by adjudication}
Started game 100 of 4000 (base vs dev)
Finished game 97 (dev vs base): 1/2-1/2 {Draw by 3-fold repetition}
Started game 101 of 4000 (dev vs base)
Finished game 99 (dev vs base): 1/2-1/2 {Draw by 3-fold repetition}
Started game 102 of 4000 (base vs dev)
Finished game 98 (base vs dev): 1/2-1/2 {Draw by 3-fold repetition}
Started game 103 of 4000 (dev vs base)
Finished game 100 (base vs dev): 1/2-1/2 {Draw by 3-fold repetition}
--------------------------------------------------
Results of dev vs base (8+0.08, 1t, 64MB, 8moves_v3.pgn):
Elo: 24.36 +/- 37.64, nElo: 44.39 +/- 68.10
LOS: 89.93 %, DrawRatio: 44.00 %, PairsRatio: 1.55
Games: 100, Wins: 22, Losses: 15, Draws: 63, Points: 53.5 (53.50 %)
Ptnml(0-2): [0, 11, 22, 16, 1], WL/DD Ratio: 0.22
LLR: 0.33 (11.1%) (-2.94, 2.94) [0.00, 10.00]
--------------------------------------------------
Started game 104 of 4000 (base vs dev)
Finished game 102 (base vs dev): 1-0 {White wins by adjudication}
Started game 105 of 4000 (dev vs base)
Finished game 101 (dev vs base): 1/2-1/2 {Draw by 3-fold repetition}
Started game 106 of 4000 (base vs dev)
Finished game 104 (base vs dev): 1/2-1/2 {Draw by adjudication}
Started game 107 of 4000 (dev vs base)
Finished game 105 (dev vs base): 0-1 {Black wins by adjudication}
Started game 108 of 4000 (base vs dev)
Finished game 107 (dev vs base): 1/2-1/2 {Draw by 3-fold repetition}
Started game 109 of 4000 (dev vs base)
Finished game 103 (dev vs base): 1/2-1/2 {Draw by 3-fold repetition}
Started game 110 of 4000 (base vs dev)
Finished game 106 (base vs dev): 1/2-1/2 {Draw by 3-fold repetition}
Started game 111 of 4000 (dev vs base)
Warning; Bestmove does not match beginning of last PV - move c5c4 from base
Info; info depth 19 score cp 64 nodes 22892 nps 388000 time 59 pv c5f5 a2a4 g3f4 a4b4 f5d5 b4b2 f4g3 b2a2 d5c5 a2a4 c5c2 a4a5 g3f4 a5a4 c2d2 a4b4 d2d4 b4b2 f4g3
Position; startpos
Moves; d2d4 d7d5 c2c4 c7c6 g1f3 g8f6 e2e3 e7e6 b1d2 c6c5 d4c5 f8c5 a2a3 a7a5 d1c2 c5d6 b2b3 e8g8 c1b2 b8a6 f1e2 d8e7 e1g1 f8d8 c4d5 e6d5 f3d4 e7c7 c2c7 a6c7 f1c1 c8d7 c1c2 f6e4 d2e4 d5e4 a3a4 c7a6 h2h3 a8c8 c2c8 d8c8 e2c4 a6c5 d4b5 d6e7 a1d1 c8d8 d1d4 e7f6 d4d5 d7b5 d5c5 b5c4 b2f6 g7f6 c5c4 d8d1 g1h2 d1b1 c4c5 b1b3 c5a5 g8g7 g2g4 b3b4 h2g3 h7h6 h3h4 g7g6 g3f4 g6g7 a5a7 g7g6 h4h5 g6g7 f4f5 b4c4 f5f4 c4b4 a7a5 b4c4 f4g3 c4b4 a5a7 b4b2 a7a8 b2a2 a8a5 b7b5 a5b5 a2a4 b5b2 a4a5 g3f4 a5a1 b2d2 a1a4 d2d5 a4a2 f4g3 a2a1 d5f5 a1g1 g3h3 g1a1 f5f4 a1a5 h3g3 a5a4 g3h2 a4a2 h2g2 a2a5 g2h3 a5a4 h3g3 a4a5 f4f5 a5a2 f5b5 a2a8 g3h3 a8a2 h3g2 a2a1 b5d5 a1a8 d5f5 a8a1 f5c5 a1a6 g2g3 a6a2
Finished game 109 (dev vs base): 1/2-1/2 {Draw by 3-fold repetition}
Started game 112 of 4000 (base vs dev)
Finished game 110 (base vs dev): 1/2-1/2 {Draw by 3-fold repetition}
Started game 113 of 4000 (dev vs base)
Finished game 108 (base vs dev): 1/2-1/2 {Draw by fifty moves rule}
Started game 114 of 4000 (base vs dev)
Finished game 111 (dev vs base): 1/2-1/2 {Draw by 3-fold repetition}
Started game 115 of 4000 (dev vs base)
Finished game 112 (base vs dev): 0-1 {Black wins by adjudication}
Started game 116 of 4000 (base vs dev)
Finished game 114 (base vs dev): 1/2-1/2 {Draw by 3-fold repetition}
Started game 117 of 4000 (dev vs base)
Finished game 113 (dev vs base): 1-0 {White wins by adjudication}
Started game 118 of 4000 (base vs dev)
Finished game 115 (dev vs base): 1-0 {White wins by adjudication}
Started game 119 of 4000 (dev vs base)
Finished game 116 (base vs dev): 0-1 {Black wins by adjudication}
Started game 120 of 4000 (base vs dev)
Finished game 117 (dev vs base): 1-0 {White wins by adjudication}
Started game 121 of 4000 (dev vs base)
Finished game 118 (base vs dev): 1-0 {White wins by adjudication}
Started game 122 of 4000 (base vs dev)
Warning; Bestmove does not match beginning of last PV - move d8d6 from base
Info; info depth 12 score cp 289 nodes 9588 nps 355111 time 27 pv d8d4 e5d5 d4g1 d5e5 g8h8 e5e4 g1g5 f3g4 g5d8 g4f3 d8f6 h3g2 f6g5 g2f1 h8h7 d3d4
Position; startpos
Moves; e2e4 c7c5 b1c3 e7e6 f2f4 d7d5 g1f3 d5e4 c3e4 f8e7 g2g3 g8f6 e4f2 b7b6 f1g2 c8b7 e1g1 a7a5 b2b3 a5a4 c2c4 a4b3 d1b3 a8a7 c1b2 e8g8 f1e1 b8c6 b2c3 c6a5 c3a5 a7a5 f3e5 b7g2 g1g2 d8a8 g2g1 f8d8 b3b6 f6d7 b6b2 d7e5 f4e5 f7f5 d2d3 d8b8 b2e2 h7h6 e2h5 e7g5 e1e2 a5a3 a1f1 a3a2 e2a2 a8a2 h5g6 a2a6 f2d1 b8f8 h2h4 g5d2 f1f2 d2e1 f2e2 e1b4 d1f2 b4c3 g1h2 c3d4 h4h5 f8f7 f2h3 d4e5 h3f4 e5f4 e2e6 a6a2 h2h3 a2a8 g3f4 a8f3 h3h2 f3f4 g6g3 f4d2 h2h3 f7f8 e6e7 d2c3 g3e3 c3f6 e7e8 f6d6 e8e6 d6d8 e6e5 f5f4 e3f3
Finished game 119 (dev vs base): 0-1 {Black wins by adjudication}
Started game 123 of 4000 (dev vs base)
Finished game 120 (base vs dev): 0-1 {Black wins by adjudication}
--------------------------------------------------
Results of dev vs base (8+0.08, 1t, 64MB, 8moves_v3.pgn):
Elo: 26.11 +/- 35.14, nElo: 46.52 +/- 62.16
LOS: 92.88 %, DrawRatio: 45.00 %, PairsRatio: 1.54
Games: 120, Wins: 28, Losses: 19, Draws: 73, Points: 64.5 (53.75 %)
Ptnml(0-2): [0, 13, 27, 18, 2], WL/DD Ratio: 0.29
LLR: 0.42 (14.2%) (-2.94, 2.94) [0.00, 10.00]
--------------------------------------------------
Started game 124 of 4000 (base vs dev)
Finished game 122 (base vs dev): 0-1 {Black wins by adjudication}
Started game 125 of 4000 (dev vs base)
Finished game 121 (dev vs base): 1-0 {White wins by adjudication}
Started game 126 of 4000 (base vs dev)
Finished game 124 (base vs dev): 1-0 {White wins by adjudication}
Started game 127 of 4000 (dev vs base)
Finished game 123 (dev vs base): 1/2-1/2 {Draw by 3-fold repetition}
Started game 128 of 4000 (base vs dev)
Finished game 125 (dev vs base): 1/2-1/2 {Draw by 3-fold repetition}
Started game 129 of 4000 (dev vs base)
Finished game 126 (base vs dev): 1/2-1/2 {Draw by 3-fold repetition}
Started game 130 of 4000 (base vs dev)
Warning; Bestmove does not match beginning of last PV - move c4d3 from base
Info; info depth 14 score cp 0 nodes 7934 nps 146925 time 54 pv b1b2
Position; startpos
Moves; g1f3 g8f6 c2c4 e7e6 b1c3 d7d5 d2d4 f8e7 c1g5 e8g8 d1c2 d5c4 e2e4 b8c6 a1d1 c6b4 c2b1 b4d3 f1d3 c4d3 e1g1 h7h6 g5f6 e7f6 b1d3 c7c6 f3e5 c6c5 d4c5 d8d3 e5d3 f6c3 b2c3 c8d7 d1b1 d7c6 f2f3 f8d8 f1d1 a8c8 b1b4 c8c7 b4d4 d8c8 g1f2 c6e8 d1b1 f7f6 d4b4 b7b6 c5b6 a7b6 b4b6 c7c3 d3b4 e8f7 a2a4 c3a3 b6a6 f7e8 a4a5 f6f5 e4f5 e6f5 a6a7 a3a4 a5a6 e8b5 b1b2 c8d8 a7c7 b5a6 b4c6 d8f8 h2h4 g8h7 c7a7 f5f4 f2g1 f8f5 b2b4 a4b4 c6b4 a6b5 a7c7 h7g8 g1h2 f5e5 c7c8 g8f7 b4a2 f7e7 c8b8 e5c5 a2b4 b5c4 b4c2 c5b5 b8a8 b5b2 a8a7 e7f6 c2e1 b2b1 e1c2
Finished game 127 (dev vs base): 1/2-1/2 {Draw by 3-fold repetition}
Started game 131 of 4000 (dev vs base)
Finished game 128 (base vs dev): 1-0 {White wins by adjudication}
Started game 132 of 4000 (base vs dev)
Finished game 129 (dev vs base): 1-0 {White wins by adjudication}
Started game 133 of 4000 (dev vs base)
Finished game 130 (base vs dev): 1/2-1/2 {Draw by 3-fold repetition}
Started game 134 of 4000 (base vs dev)
Finished game 133 (dev vs base): 1/2-1/2 {Draw by 3-fold repetition}
Started game 135 of 4000 (dev vs base)
Finished game 132 (base vs dev): 0-1 {Black wins by adjudication}
Started game 136 of 4000 (base vs dev)
Finished game 134 (base vs dev): 1/2-1/2 {Draw by insufficient mating material}
Started game 137 of 4000 (dev vs base)
Finished game 136 (base vs dev): 0-1 {Black wins by adjudication}
Started game 138 of 4000 (base vs dev)
Finished game 131 (dev vs base): 1/2-1/2 {Draw by 3-fold repetition}
Started game 139 of 4000 (dev vs base)
Finished game 135 (dev vs base): 1/2-1/2 {Draw by 3-fold repetition}
Started game 140 of 4000 (base vs dev)
Finished game 137 (dev vs base): 1/2-1/2 {Draw by 3-fold repetition}
Started game 141 of 4000 (dev vs base)
Finished game 139 (dev vs base): 1/2-1/2 {Draw by 3-fold repetition}
Started game 142 of 4000 (base vs dev)
Finished game 138 (base vs dev): 1/2-1/2 {Draw by adjudication}
Started game 143 of 4000 (dev vs base)
Finished game 140 (base vs dev): 1/2-1/2 {Draw by 3-fold repetition}
--------------------------------------------------
Results of dev vs base (8+0.08, 1t, 64MB, 8moves_v3.pgn):
Elo: 29.85 +/- 33.32, nElo: 51.99 +/- 57.55
LOS: 96.17 %, DrawRatio: 44.29 %, PairsRatio: 1.60
Games: 140, Wins: 33, Losses: 21, Draws: 86, Points: 76.0 (54.29 %)
Ptnml(0-2): [0, 15, 31, 21, 3], WL/DD Ratio: 0.24
LLR: 0.55 (18.8%) (-2.94, 2.94) [0.00, 10.00]
--------------------------------------------------
Started game 144 of 4000 (base vs dev)
Finished game 141 (dev vs base): 1/2-1/2 {Draw by 3-fold repetition}
Started game 145 of 4000 (dev vs base)
Finished game 144 (base vs dev): 1-0 {White wins by adjudication}
Started game 146 of 4000 (base vs dev)
Finished game 142 (base vs dev): 1/2-1/2 {Draw by 3-fold repetition}
Started game 147 of 4000 (dev vs base)
Finished game 145 (dev vs base): 1/2-1/2 {Draw by 3-fold repetition}
Started game 148 of 4000 (base vs dev)
Finished game 143 (dev vs base): 0-1 {Black wins by adjudication}
Started game 149 of 4000 (dev vs base)
Finished game 146 (base vs dev): 1/2-1/2 {Draw by 3-fold repetition}
Started game 150 of 4000 (base vs dev)
Finished game 147 (dev vs base): 1-0 {White wins by adjudication}
Started game 151 of 4000 (dev vs base)
Finished game 149 (dev vs base): 1/2-1/2 {Draw by 3-fold repetition}
Started game 152 of 4000 (base vs dev)
Finished game 148 (base vs dev): 1/2-1/2 {Draw by 3-fold repetition}
Started game 153 of 4000 (dev vs base)
Finished game 150 (base vs dev): 1-0 {White wins by adjudication}
Started game 154 of 4000 (base vs dev)
Finished game 152 (base vs dev): 1/2-1/2 {Draw by 3-fold repetition}
Started game 155 of 4000 (dev vs base)
Finished game 153 (dev vs base): 1/2-1/2 {Draw by 3-fold repetition}
Started game 156 of 4000 (base vs dev)
Finished game 154 (base vs dev): 1/2-1/2 {Draw by 3-fold repetition}
Started game 157 of 4000 (dev vs base)
Finished game 151 (dev vs base): 1/2-1/2 {Draw by 3-fold repetition}
Started game 158 of 4000 (base vs dev)
Finished game 156 (base vs dev): 1/2-1/2 {Draw by 3-fold repetition}
Started game 159 of 4000 (dev vs base)
Finished game 155 (dev vs base): 1/2-1/2 {Draw by insufficient mating material}
Started game 160 of 4000 (base vs dev)
Finished game 157 (dev vs base): 1/2-1/2 {Draw by 3-fold repetition}
Started game 161 of 4000 (dev vs base)
Finished game 159 (dev vs base): 1-0 {White wins by adjudication}
Started game 162 of 4000 (base vs dev)
Finished game 160 (base vs dev): 1/2-1/2 {Draw by 3-fold repetition}
--------------------------------------------------
Results of dev vs base (8+0.08, 1t, 64MB, 8moves_v3.pgn):
Elo: 24.23 +/- 31.76, nElo: 41.58 +/- 54.17
LOS: 93.38 %, DrawRatio: 45.57 %, PairsRatio: 1.53
Games: 158, Wins: 35, Losses: 24, Draws: 99, Points: 84.5 (53.48 %)
Ptnml(0-2): [1, 16, 36, 23, 3], WL/DD Ratio: 0.20
LLR: 0.47 (16.1%) (-2.94, 2.94) [0.00, 10.00]
--------------------------------------------------
Started game 163 of 4000 (dev vs base)
Finished game 158 (base vs dev): 1/2-1/2 {Draw by 3-fold repetition}
Started game 164 of 4000 (base vs dev)
Finished game 161 (dev vs base): 1-0 {White wins by adjudication}
Started game 165 of 4000 (dev vs base)
Finished game 163 (dev vs base): 1-0 {White wins by adjudication}
Started game 166 of 4000 (base vs dev)
Finished game 165 (dev vs base): 1/2-1/2 {Draw by 3-fold repetition}
Started game 167 of 4000 (dev vs base)
Finished game 162 (base vs dev): 1-0 {White wins by adjudication}
Started game 168 of 4000 (base vs dev)
Warning; Bestmove does not match beginning of last PV - move e1e2 from dev
Info; info depth 12 score cp -440 nodes 6222 nps 444428 time 14 pv e1b1 g4h6 g8h8 b7b8 h8h7 h6f5 b3b2 f5g3 h7g7 h2h3 g7g6 h3g4 g6f7 h4h5 f7g7 g4g5
Position; startpos
Moves; g2g3 g7g6 f1g2 f8g7 d2d4 c7c5 c2c3 c5d4 c3d4 g8f6 e2e4 e8g8 b1c3 d7d6 g1e2 d8b6 e1g1 b8c6 h2h3 f6d7 c3d5 b6d8 c1e3 e7e6 d5c3 d7b6 d4d5 e6d5 e4d5 c6e5 b2b3 c8f5 f2f4 e5d3 e3d4 g7d4 e2d4 d3c5 d4f5 g6f5 d1d4 a7a5 c3d1 c5e4 g1h2 d8f6 d4f6 e4f6 d1e3 a5a4 e3f5 f8e8 f1d1 e8e2 h2g1 e2c2 b3a4 b6a4 a1c1 c2a2 f5d6 a2a3 g1h2 a4c3 d1d3 c3e2 d3a3 a8a3 c1c8 g8g7 c8c7 e2g3 d6f7 g3h5 f7e5 g7h6 d5d6 h5f4 d6d7 f6d7 c7d7 a3a2 e5g4 h6g6 g4e3 b7b5 d7d4 f4g2 e3g2 a2b2 h2g3 b2b3 g3f2 g6f5 g2e3 f5g5 f2f3 g5h5 d4d7 h7h6 d7d4 b5b4 h3h4 h5g6 d4g4 g6h7 g4c4 b3b1 c4c7 h7g6 c7c6 g6h5 c6c5 h5g6 c5b5 b4b3 e3c4 b1h1 f3g3 h1g1 g3h2 g1e1 c4e5 g6g7 b5b7 g7g8 e5g4
Finished game 164 (base vs dev): 1-0 {White wins by adjudication}
Started game 169 of 4000 (dev vs base)
Finished game 166 (base vs dev): 1/2-1/2 {Draw by 3-fold repetition}
Started game 170 of 4000 (base vs dev)
Finished game 167 (dev vs base): 1/2-1/2 {Draw by adjudication}
Started game 171 of 4000 (dev vs base)
Finished game 168 (base vs dev): 1/2-1/2 {Draw by 3-fold repetition}
Started game 172 of 4000 (base vs dev)
Finished game 169 (dev vs base): 1-0 {White wins by adjudication}
Started game 173 of 4000 (dev vs base)
Finished game 171 (dev vs base): 1/2-1/2 {Draw by 3-fold repetition}
Started game 174 of 4000 (base vs dev)
Finished game 170 (base vs dev): 0-1 {Black wins by adjudication}
Started game 175 of 4000 (dev vs base)
Finished game 173 (dev vs base): 1-0 {White wins by adjudication}
Started game 176 of 4000 (base vs dev)
Finished game 174 (base vs dev): 0-1 {Black wins by adjudication}
Started game 177 of 4000 (dev vs base)
Finished game 172 (base vs dev): 1-0 {White wins by adjudication}
Started game 178 of 4000 (base vs dev)
Finished game 175 (dev vs base): 1/2-1/2 {Draw by 3-fold repetition}
Started game 179 of 4000 (dev vs base)
Finished game 178 (base vs dev): 1/2-1/2 {Draw by 3-fold repetition}
Started game 180 of 4000 (base vs dev)
Finished game 176 (base vs dev): 1/2-1/2 {Draw by 3-fold repetition}
Started game 181 of 4000 (dev vs base)
Finished game 177 (dev vs base): 1/2-1/2 {Draw by 3-fold repetition}
Started game 182 of 4000 (base vs dev)
Finished game 179 (dev vs base): 1-0 {White wins by adjudication}
Started game 183 of 4000 (dev vs base)
Finished game 183 (dev vs base): 1/2-1/2 {Draw by 3-fold repetition}
Started game 184 of 4000 (base vs dev)
Finished game 181 (dev vs base): 1/2-1/2 {Draw by insufficient mating material}
Started game 185 of 4000 (dev vs base)
Finished game 180 (base vs dev): 1/2-1/2 {Draw by 3-fold repetition}
--------------------------------------------------
Results of dev vs base (8+0.08, 1t, 64MB, 8moves_v3.pgn):
Elo: 29.02 +/- 30.19, nElo: 49.13 +/- 50.76
LOS: 97.11 %, DrawRatio: 47.78 %, PairsRatio: 1.61
Games: 180, Wins: 42, Losses: 27, Draws: 111, Points: 97.5 (54.17 %)
Ptnml(0-2): [1, 17, 43, 24, 5], WL/DD Ratio: 0.23
LLR: 0.66 (22.3%) (-2.94, 2.94) [0.00, 10.00]
--------------------------------------------------
Started game 186 of 4000 (base vs dev)
Finished game 182 (base vs dev): 1/2-1/2 {Draw by 3-fold repetition}
Started game 187 of 4000 (dev vs base)
Finished game 185 (dev vs base): 1/2-1/2 {Draw by 3-fold repetition}
Started game 188 of 4000 (base vs dev)
Finished game 187 (dev vs base): 1/2-1/2 {Draw by 3-fold repetition}
Started game 189 of 4000 (dev vs base)
Finished game 184 (base vs dev): 1/2-1/2 {Draw by 3-fold repetition}
Started game 190 of 4000 (base vs dev)
Finished game 186 (base vs dev): 1-0 {White wins by adjudication}
Started game 191 of 4000 (dev vs base)
Finished game 189 (dev vs base): 1/2-1/2 {Draw by 3-fold repetition}
Started game 192 of 4000 (base vs dev)
Finished game 188 (base vs dev): 0-1 {Black wins by adjudication}
Started game 193 of 4000 (dev vs base)
Finished game 191 (dev vs base): 1/2-1/2 {Draw by 3-fold repetition}
Started game 194 of 4000 (base vs dev)
Finished game 190 (base vs dev): 1/2-1/2 {Draw by 3-fold repetition}
Started game 195 of 4000 (dev vs base)
Finished game 193 (dev vs base): 1/2-1/2 {Draw by 3-fold repetition}
Started game 196 of 4000 (base vs dev)
Finished game 192 (base vs dev): 1-0 {White wins by adjudication}
Started game 197 of 4000 (dev vs base)
Finished game 194 (base vs dev): 1-0 {White wins by adjudication}
Started game 198 of 4000 (base vs dev)
Finished game 197 (dev vs base): 0-1 {Black wins by adjudication}
Started game 199 of 4000 (dev vs base)
Finished game 196 (base vs dev): 1/2-1/2 {Draw by 3-fold repetition}
Started game 200 of 4000 (base vs dev)
Finished game 195 (dev vs base): 1-0 {White wins by adjudication}
Started game 201 of 4000 (dev vs base)
Finished game 199 (dev vs base): 1-0 {White wins by adjudication}
Started game 202 of 4000 (base vs dev)
Finished game 201 (dev vs base): 0-1 {Black wins by adjudication}
Started game 203 of 4000 (dev vs base)
Finished game 198 (base vs dev): 0-1 {Black wins by adjudication}
Started game 204 of 4000 (base vs dev)
Finished game 200 (base vs dev): 1/2-1/2 {Draw by 3-fold repetition}
--------------------------------------------------
Results of dev vs base (8+0.08, 1t, 64MB, 8moves_v3.pgn):
Elo: 26.11 +/- 28.46, nElo: 44.44 +/- 48.15
LOS: 96.48 %, DrawRatio: 47.00 %, PairsRatio: 1.52
Games: 200, Wins: 46, Losses: 31, Draws: 123, Points: 107.5 (53.75 %)
Ptnml(0-2): [1, 20, 47, 27, 5], WL/DD Ratio: 0.24
LLR: 0.65 (22.2%) (-2.94, 2.94) [0.00, 10.00]
--------------------------------------------------
Started game 205 of 4000 (dev vs base)
Finished game 203 (dev vs base): 1/2-1/2 {Draw by 3-fold repetition}
Started game 206 of 4000 (base vs dev)
Finished game 205 (dev vs base): 1/2-1/2 {Draw by 3-fold repetition}
Started game 207 of 4000 (dev vs base)
Finished game 206 (base vs dev): 1/2-1/2 {Draw by 3-fold repetition}
Started game 208 of 4000 (base vs dev)
Finished game 202 (base vs dev): 1-0 {White wins by adjudication}
Started game 209 of 4000 (dev vs base)
Finished game 207 (dev vs base): 1/2-1/2 {Draw by 3-fold repetition}
Started game 210 of 4000 (base vs dev)
Finished game 204 (base vs dev): 1/2-1/2 {Draw by 3-fold repetition}
Started game 211 of 4000 (dev vs base)
Warning; Bestmove does not match beginning of last PV - move a7a5 from dev
Info; info depth 19 score cp 0 nodes 41355 nps 617238 time 67 pv b4a5
Position; startpos
Moves; g1f3 g8f6 d2d4 c7c5 c2c3 e7e6 c1g5 d8b6 d1b3 b8c6 e2e3 h7h6 g5h4 d7d5 b1d2 c8d7 h4g3 b6b3 a2b3 f6h5 f1d3 e8c8 d4c5 h5g3 h2g3 f8c5 b3b4 c5b6 d3e2 c8b8 d2b3 f7f6 b3c5 d7c8 f3d4 c6d4 c3d4 e6e5 e2h5 h8g8 h5g6 d8d6 e1d2 g8d8 b4b5 c8d7 g6d3 d8e8 c5d7 d6d7 d3g6 e8f8 g6f5 d7c7 a1a4 e5d4 e3d4 c7c4 a4c4 d5c4 d2c3 f8d8 h1h4 d8d5 f5e6 d5b5 e6c4 b6a5 c3c2 b5b4 c4e6 b4a4 h4e4 a4a1 g3g4 a5b4 e6f5 a1e1 f2f3 b4a5 c2d3 a5b4 f5g6 b4a5 g6f5 a5b4 f5g6
Finished game 211 (dev vs base): 0-1 {Black wins by adjudication}
Started game 212 of 4000 (base vs dev)
Finished game 209 (dev vs base): 1/2-1/2 {Draw by 3-fold repetition}
Started game 213 of 4000 (dev vs base)
Warning; Bestmove does not match beginning of last PV - move a4a6 from base
Info; info depth 24 score cp 0 nodes 45103 nps 1610821 time 28 pv a4c4 f8f7 c4c7 f7f8 c7h7 g1g2 h7d7
Position; startpos
Moves; d2d4 g8f6 c2c4 c7c5 d4d5 b7b5 c4b5 a7a6 b5b6 e7e6 b1c3 f6d5 c3d5 e6d5 d1d5 b8c6 g1f3 f8e7 f3e5 e8g8 e5c6 d7c6 d5d8 e7d8 e2e3 d8b6 f1c4 b6d8 c1d2 d8f6 d2c3 f6c3 b2c3 a8b8 a1d1 a6a5 e1e2 a5a4 f2f3 c8e6 c4e6 f7e6 d1b1 b8b5 c3c4 b5b4 a2a3 b4c4 h1c1 c4c1 b1c1 f8b8 c1c5 b8b2 e2f1 b2b3 f1f2 b3a3 c5c6 g8f7 c6c7 f7f6 c7a7 h7h6 h2h4 g7g6 e3e4 a3a2 f2g3 a4a3 a7a5 h6h5 g3f4 a2g2 e4e5 f6g7 a5a3 g7f7 a3a7 f7f8 a7d7 f8e8 d7b7 e8f8 b7b8 f8e7 b8b3 e7f8 b3b5 f8f7 b5a5 f7e7 a5a3 e7f7 a3a1 f7e7 a1a6 e7f7 a6d6 f7e7 d6d3 e7e8 d3d1 e8f7 d1b1 f7e7 b1c1 e7f7 c1c6 g2g1 c6d6 g1g2 d6b6 g2g1 b6b7 f7f8 b7b8 f8f7 b8c8 g1g2 c8c7 f7f8 c7h7 g2g1 h7h8 f8f7 h8d8 g1g2 d8a8 g2g1 a8a7 f7f8 a7a2 f8f7 a2a8 g1g2 a8a4 f7f8 a4d4 f8f7 d4d1 f7e8 d1h1 e8f8 h1e1 f8e8 e1e4 e8f7 e4d4 g2g1 d4c4 f7f8 c4c8 f8g7 c8e8 g7f7 e8b8 g1g2 b8b4 f7f8 b4a4 g2g1
Finished game 208 (base vs dev): 1/2-1/2 {Draw by 3-fold repetition}
Started game 214 of 4000 (base vs dev)
Finished game 210 (base vs dev): 1/2-1/2 {Draw by 3-fold repetition}
Started game 215 of 4000 (dev vs base)
Finished game 212 (base vs dev): 0-1 {Black wins by adjudication}
Started game 216 of 4000 (base vs dev)
Finished game 214 (base vs dev): 1-0 {White wins by adjudication}
Started game 217 of 4000 (dev vs base)
Finished game 216 (base vs dev): 1/2-1/2 {Draw by 3-fold repetition}
Started game 218 of 4000 (base vs dev)
Finished game 215 (dev vs base): 0-1 {Black wins by adjudication}
Started game 219 of 4000 (dev vs base)
Finished game 213 (dev vs base): 1/2-1/2 {Draw by 3-fold repetition}
Started game 220 of 4000 (base vs dev)
Finished game 217 (dev vs base): 1/2-1/2 {Draw by 3-fold repetition}
Started game 221 of 4000 (dev vs base)
Finished game 219 (dev vs base): 1-0 {White wins by adjudication}
Started game 222 of 4000 (base vs dev)
Finished game 218 (base vs dev): 1/2-1/2 {Draw by 3-fold repetition}
Started game 223 of 4000 (dev vs base)
Finished game 222 (base vs dev): 1/2-1/2 {Draw by 3-fold repetition}
Started game 224 of 4000 (base vs dev)
Finished game 221 (dev vs base): 1-0 {White wins by adjudication}
Started game 225 of 4000 (dev vs base)
Finished game 220 (base vs dev): 1/2-1/2 {Draw by 3-fold repetition}
--------------------------------------------------
Results of dev vs base (8+0.08, 1t, 64MB, 8moves_v3.pgn):
Elo: 20.37 +/- 27.15, nElo: 34.44 +/- 45.70
LOS: 93.02 %, DrawRatio: 47.75 %, PairsRatio: 1.42
Games: 222, Wins: 49, Losses: 36, Draws: 137, Points: 117.5 (52.93 %)
Ptnml(0-2): [2, 22, 53, 29, 5], WL/DD Ratio: 0.23
LLR: 0.54 (18.3%) (-2.94, 2.94) [0.00, 10.00]
--------------------------------------------------
Started game 226 of 4000 (base vs dev)
Finished game 223 (dev vs base): 1/2-1/2 {Draw by 3-fold repetition}
Started game 227 of 4000 (dev vs base)
Finished game 225 (dev vs base): 1/2-1/2 {Draw by 3-fold repetition}
Started game 228 of 4000 (base vs dev)
Finished game 226 (base vs dev): 1/2-1/2 {Draw by 3-fold repetition}
Started game 229 of 4000 (dev vs base)
Finished game 224 (base vs dev): 1/2-1/2 {Draw by 3-fold repetition}
Started game 230 of 4000 (base vs dev)
Finished game 227 (dev vs base): 1/2-1/2 {Draw by 3-fold repetition}
Started game 231 of 4000 (dev vs base)
Finished game 229 (dev vs base): 1/2-1/2 {Draw by 3-fold repetition}
Started game 232 of 4000 (base vs dev)
Finished game 232 (base vs dev): 1/2-1/2 {Draw by 3-fold repetition}
Started game 233 of 4000 (dev vs base)
Warning; Bestmove does not match beginning of last PV - move b4c5 from dev
Info; info depth 11 score cp -37 nodes 24577 nps 356188 time 69 pv h4f5 h6h5 c1d1 e6f5 e3f5 e7e6 b4c5 b6c5 f5d4 c5d4 d2d4 d7d4 d1d4 d8d4
Position; startpos
Moves; g1f3 d7d5 d2d4 g8f6 c1f4 g7g6 e2e3 f8g7 f1d3 f6h5 f4g5 h7h6 g5h4 b8d7 c2c4 g6g5 h4g3 h5g3 h2g3 d5c4 d3c4 d7b6 e1g1 b6c4 d1a4 c7c6 a4c4 c8e6 c4c2 e8g8 b1c3 d8c8 f1d1 f8d8 a1c1 e6g4 d1d2 g4f5 c2d1 c8c7 b2b4 a8c8 a2a3 b7b6 d1e2 f5e6 c3d1 c7d7 e3e4 g5g4 f3h4 g7d4 d1e3 c6c5
Finished game 228 (base vs dev): 1-0 {White wins by adjudication}
Started game 234 of 4000 (base vs dev)
Warning; Bestmove does not match beginning of last PV - move b3d3 from dev
Info; info depth 16 score cp -543 nodes 35677 nps 991027 time 36 pv b3b4 g2f3 b4b3 f2e3 b3b4 c6c5 g6h7 c5c3 h7g6 e3c5 b4a4 c5f2 a4b4 f2e3 g6h7 c3d3 h7g6 e3d2
Position; startpos
Moves; g1f3 g8f6 c2c4 c7c5 b1c3 b7b6 e2e4 d7d6 d2d4 c5d4 f3d4 c8b7 f1d3 g7g6 e1g1 f8g7 f2f3 e8g8 c1e3 b8c6 d1d2 c6d4 e3d4 d8c7 d4e3 f6d7 a1c1 a7a5 b2b3 d7c5 f1d1 b7c6 h2h3 c7b8 c3b5 b8b7 d3e2 g7e5 c1b1 h7h5 b5d4 f8b8 g1h1 f7f6 a2a3 c6e8 b3b4 a5b4 a3b4 e5d4 e3d4 c5e6 d4g1 g8g7 e2f1 e8f7 d2e3 a8a2 g1f2 e6f8 h1g1 f8d7 e3e1 b7c6 f3f4 b8a8 f2d4 e7e5 f4e5 d7e5 b1c1 a8a3 b4b5 c6c7 d1d2 a2d2 e1d2 e5d7 d2f2 c7b7 c1d1 b7b8 d4b2 a3a4 f2g3 d7e5 g3b3 a4a7 b3b4 a7d7 b2d4 b8b7 d1c1 g6g5 b4c3 d7e7 c3e3 e7c7 e3f2 c7c8 d4b6 f7c4 f1c4 e5c4 b6d4 c4e5 c1f1 c8f8 f2e2 h5h4 g1h1 f8f7 f1a1 g7g6 b5b6 b7c6 a1e1 e5d7 e2f1 g6g7 f1f5 d7e5 e1a1 c6c4 d4g1 d6d5 e4d5 c4d5 a1a7 g5g4 a7c7 d5b3 f5c8 g4h3 c8h3 b3h3 g2h3 g7g6 b6b7 e5c6 c7c6 f7b7 h1g2 b7b3 g1f2
Finished game 230 (base vs dev): 1-0 {White wins by adjudication}
Started game 235 of 4000 (dev vs base)
Finished game 233 (dev vs base): 1/2-1/2 {Draw by 3-fold repetition}
Started game 236 of 4000 (base vs dev)
Finished game 231 (dev vs base): 1/2-1/2 {Draw by 3-fold repetition}
Started game 237 of 4000 (dev vs base)
Finished game 236 (base vs dev): 1/2-1/2 {Draw by 3-fold repetition}
Started game 238 of 4000 (base vs dev)
Finished game 237 (dev vs base): 1/2-1/2 {Draw by 3-fold repetition}
Started game 239 of 4000 (dev vs base)
Finished game 235 (dev vs base): 1/2-1/2 {Draw by 3-fold repetition}
Started game 240 of 4000 (base vs dev)
Finished game 238 (base vs dev): 1/2-1/2 {Draw by 3-fold repetition}
Started game 241 of 4000 (dev vs base)
Finished game 234 (base vs dev): 0-1 {Black wins by adjudication}
Started game 242 of 4000 (base vs dev)
Finished game 239 (dev vs base): 1/2-1/2 {Draw by 3-fold repetition}
Started game 243 of 4000 (dev vs base)
Finished game 241 (dev vs base): 1/2-1/2 {Draw by 3-fold repetition}
Started game 244 of 4000 (base vs dev)
Finished game 242 (base vs dev): 1/2-1/2 {Draw by 3-fold repetition}
Started game 245 of 4000 (dev vs base)
Finished game 243 (dev vs base): 0-1 {Black wins by adjudication}
Started game 246 of 4000 (base vs dev)
Finished game 240 (base vs dev): 1/2-1/2 {Draw by fifty moves rule}
--------------------------------------------------
Results of dev vs base (8+0.08, 1t, 64MB, 8moves_v3.pgn):
Elo: 17.24 +/- 25.40, nElo: 29.81 +/- 43.77
LOS: 90.90 %, DrawRatio: 49.59 %, PairsRatio: 1.35
Games: 242, Wins: 50, Losses: 38, Draws: 154, Points: 127.0 (52.48 %)
Ptnml(0-2): [2, 24, 60, 30, 5], WL/DD Ratio: 0.20
LLR: 0.50 (16.9%) (-2.94, 2.94) [0.00, 10.00]
--------------------------------------------------
Started game 247 of 4000 (dev vs base)
Finished game 244 (base vs dev): 1/2-1/2 {Draw by 3-fold repetition}
Started game 248 of 4000 (base vs dev)
Finished game 247 (dev vs base): 1/2-1/2 {Draw by 3-fold repetition}
Started game 249 of 4000 (dev vs base)
Warning; Bestmove does not match beginning of last PV - move e4g3 from base
Info; info depth 15 score cp 0 nodes 20739 nps 715137 time 29 pv e3f2 c7d7
Position; startpos
Moves; e2e4 e7e5 g1f3 b8c6 f1b5 a7a6 b5a4 g8f6 d2d3 f8c5 b1c3 d7d6 c1g5 h7h6 a4c6 b7c6 g5e3 c5e3 f2e3 e8g8 e1g1 a6a5 h2h3 d8e7 d1e1 f8e8 e1h4 a5a4 f1f2 a4a3 b2b3 d6d5 f3h2 c8e6 a1f1 f6d7 h4e7 e8e7 h2f3 f7f6 f2e2 e7e8 d3d4 e6f7 f1e1 d5e4 c3e4 a8d8 e4c3 c6c5 c3b5 e5d4 e3d4 e8e2 e1e2 c5d4 b5c7 d4d3 c2d3 d7c5 c7b5 d8a8 f3e1 c5b3 a2b3 a3a2 e1c2 a2a1r c2a1 a8a1 g1f2 f7b3 e2e8 g8f7 b5d6 f7g6 e8e2 b3g8 d6c8 g6g5 c8d6 a1a7 d6e4 g5g6 e2b2 a7d7 f2e3 d7c7
Warning; Bestmove does not match beginning of last PV - move c7d7 from base
Info; info depth 16 score cp 14 nodes 43396 nps 1239885 time 35 pv e2d2 f8e8 d2c2 e8d8 c7f7 h3h2 c2c3 h2h3 c3b4 d8c8 f7h7 c8b8 h7h8 b8c7 h8a8 c7c6 a8f8 h3h1 f8f6 c6d7
Position; startpos
Moves; e2e4 e7e5 g1f3 b8c6 f1b5 a7a6 b5a4 g8f6 d2d3 f8c5 b1c3 d7d6 c1g5 h7h6 a4c6 b7c6 g5e3 c5e3 f2e3 e8g8 e1g1 a6a5 h2h3 d8e7 d1e1 f8e8 e1h4 a5a4 f1f2 a4a3 b2b3 d6d5 f3h2 c8e6 a1f1 f6d7 h4e7 e8e7 h2f3 f7f6 f2e2 e7e8 d3d4 e6f7 f1e1 d5e4 c3e4 a8d8 e4c3 c6c5 c3b5 e5d4 e3d4 e8e2 e1e2 c5d4 b5c7 d4d3 c2d3 d7c5 c7b5 d8a8 f3e1 c5b3 a2b3 a3a2 e1c2 a2a1r c2a1 a8a1 g1f2 f7b3 e2e8 g8f7 b5d6 f7g6 e8e2 b3g8 d6c8 g6g5 c8d6 a1a7 d6e4 g5g6 e2b2 a7d7 f2e3 d7c7 e4g3 c7e7 e3f2 g6f7 g3e2 e7d7 b2b6 d7d8 e2f4 f7f8 h3h4 g7g5 f4h5 g8f7 h5f6 g5h4 f2e3 f8g7 f6e4 d8a8 b6b7 a8a6 e4d2 a6e6 e3f2 e6d6 f2e2 d6g6 e2f1 h4h3 g2h3 g6g3 f1e2 g7f8 d2c4 f7c4 d3c4 g3c3 b7c7 c3h3
Finished game 248 (base vs dev): 1/2-1/2 {Draw by 3-fold repetition}
Started game 250 of 4000 (base vs dev)
Finished game 246 (base vs dev): 1/2-1/2 {Draw by 3-fold repetition}
Started game 251 of 4000 (dev vs base)
Finished game 249 (dev vs base): 1/2-1/2 {Draw by 3-fold repetition}
Started game 252 of 4000 (base vs dev)
Finished game 245 (dev vs base): 1/2-1/2 {Draw by 3-fold repetition}
Started game 253 of 4000 (dev vs base)
Finished game 251 (dev vs base): 1/2-1/2 {Draw by 3-fold repetition}
Started game 254 of 4000 (base vs dev)
Finished game 252 (base vs dev): 1/2-1/2 {Draw by 3-fold repetition}
Started game 255 of 4000 (dev vs base)
Finished game 250 (base vs dev): 1-0 {White wins by adjudication}
Started game 256 of 4000 (base vs dev)
Finished game 254 (base vs dev): 1/2-1/2 {Draw by adjudication}
Started game 257 of 4000 (dev vs base)
Finished game 253 (dev vs base): 1/2-1/2 {Draw by 3-fold repetition}
Started game 258 of 4000 (base vs dev)
Finished game 255 (dev vs base): 1/2-1/2 {Draw by insufficient mating material}
Started game 259 of 4000 (dev vs base)
Finished game 256 (base vs dev): 1/2-1/2 {Draw by 3-fold repetition}
Started game 260 of 4000 (base vs dev)
Finished game 257 (dev vs base): 1/2-1/2 {Draw by 3-fold repetition}
Started game 261 of 4000 (dev vs base)
Warning; Bestmove does not match beginning of last PV - move a3e3 from base
Info; info depth 16 score cp 47 nodes 50968 nps 1040163 time 49 pv f2f3 h6h5 a3a2 h4h3 a2a3 h3h4 a3a1 h4h3 f4g5 h3g3 f3f4 g3f3 a1f1 f3e4 g5h5 a5a4 h5g5 a4d4 f1a1 e4f3 a1a5 d4f4
Position; startpos
Moves; d2d4 e7e6 c2c4 f8b4 b1d2 c7c5 a2a3 b4d2 d1d2 c5d4 g1f3 g8f6 d2d4 b8c6 d4d1 e8g8 c1g5 h7h6 g5h4 d7d5 e2e3 d8e7 c4d5 f8d8 f1d3 e6d5 e1g1 g7g5 h4g3 c8g4 h2h3 g4h5 a1c1 f6e4 g3h2 e7f6 b2b4 h5f3 g2f3 e4c3 d1d2 c3e4 d2e2 e4c3 e2b2 d5d4 b4b5 c6e7 e3d4 c3d5 g1g2 d5f4 h2f4 f6f4 f1d1 d8d7 d4d5 a8d8 d5d6 e7d5 d3e4 d7d6 e4d5 d6d5 d1d5 d8d5 b5b6 a7b6 c1c8 g8h7 c8h8 h7g6 b2b6 d5d6 b6b7 g6h5 h8f8 d6f6 b7b3 f4f5 f8e8 f6d6 b3c4 d6d2 e8e2 d2d3 e2e3 d3d2 e3e4 f5d7 c4c5 d7d5 c5c8 d5d7 c8b8 d7d8 b8e5 d8b6 e4e2 b6d6 e5d6 d2d6 a3a4 d6d5 e2a2 d5a5 g2g3 f7f5 f3f4 h5g6 g3f3 g6h5 f3g3 h5g6 a2a3 g6h5 a3a1 h5g6 a1a2 g6h5 a2a3 g5f4 g3f4 h5h4
Finished game 259 (dev vs base): 0-1 {Black wins by adjudication}
Started game 262 of 4000 (base vs dev)
Finished game 258 (base vs dev): 1/2-1/2 {Draw by 3-fold repetition}
Started game 263 of 4000 (dev vs base)
Finished game 260 (base vs dev): 0-1 {Black wins by adjudication}
--------------------------------------------------
Results of dev vs base (8+0.08, 1t, 64MB, 8moves_v3.pgn):
Elo: 13.37 +/- 23.97, nElo: 23.62 +/- 42.23
LOS: 86.35 %, DrawRatio: 51.54 %, PairsRatio: 1.25
Games: 260, Wins: 51, Losses: 41, Draws: 168, Points: 135.0 (51.92 %)
Ptnml(0-2): [2, 26, 67, 30, 5], WL/DD Ratio: 0.20
LLR: 0.40 (13.7%) (-2.94, 2.94) [0.00, 10.00]
--------------------------------------------------
Started game 264 of 4000 (base vs dev)
Finished game 261 (dev vs base): 1/2-1/2 {Draw by 3-fold repetition}
Started game 265 of 4000 (dev vs base)
Finished game 263 (dev vs base): 1-0 {White wins by adjudication}
Started game 266 of 4000 (base vs dev)
Finished game 262 (base vs dev): 1/2-1/2 {Draw by 3-fold repetition}
Started game 267 of 4000 (dev vs base)
Finished game 264 (base vs dev): 1/2-1/2 {Draw by 3-fold repetition}
Started game 268 of 4000 (base vs dev)
Finished game 266 (base vs dev): 1/2-1/2 {Draw by 3-fold repetition}
Started game 269 of 4000 (dev vs base)
Finished game 265 (dev vs base): 1/2-1/2 {Draw by 3-fold repetition}
Started game 270 of 4000 (base vs dev)
Finished game 267 (dev vs base): 1/2-1/2 {Draw by 3-fold repetition}
Started game 271 of 4000 (dev vs base)
Finished game 268 (base vs dev): 1/2-1/2 {Draw by 3-fold repetition}
Started game 272 of 4000 (base vs dev)
Finished game 270 (base vs dev): 1/2-1/2 {Draw by 3-fold repetition}
Started game 273 of 4000 (dev vs base)
Finished game 269 (dev vs base): 1/2-1/2 {Draw by 3-fold repetition}
Started game 274 of 4000 (base vs dev)
Finished game 272 (base vs dev): 1/2-1/2 {Draw by 3-fold repetition}
Started game 275 of 4000 (dev vs base)
Finished game 271 (dev vs base): 1-0 {White wins by adjudication}
Started game 276 of 4000 (base vs dev)
Finished game 273 (dev vs base): 1-0 {White wins by adjudication}
Started game 277 of 4000 (dev vs base)
Warning; Bestmove does not match beginning of last PV - move c6b6 from base
Info; info depth 21 score cp 0 nodes 34561 nps 397252 time 87 pv c6d7
Position; startpos
Moves; e2e4 c7c5 g1f3 a7a6 d2d4 c5d4 f3d4 g8f6 b1c3 e7e5 d4f3 f8b4 f1c4 d8c7 c4b3 e8g8 e1g1 b4c3 b2c3 d7d6 c1a3 f6e8 f3h4 b8c6 d1f3 c6a5 a1d1 a5c4 b3c4 c7c4 h4f5 c4a2 d1a1 a2c4 f5e7 g8h8 e7d5 c4c6 d5e7 c6d7 e7d5 d7c6 d5e7
Finished game 274 (base vs dev): 1/2-1/2 {Draw by fifty moves rule}
Started game 278 of 4000 (base vs dev)
Finished game 275 (dev vs base): 1/2-1/2 {Draw by 3-fold repetition}
Started game 279 of 4000 (dev vs base)
Warning; Bestmove does not match beginning of last PV - move c4d3 from dev
Info; info depth 16 score cp 6 nodes 34230 nps 329134 time 104 pv c4b3 e7e6 f2f3 c6c5 c3c4 c8d7 h2h4 f8e7 e1f2 h7h6 e3e4 e8c8 h4h5 d7c6 f4e3 d8d1 b3d1
Position; startpos
Moves; d2d4 d7d5 c2c4 c7c6 g1f3 g8f6 b1c3 a7a6 f3e5 b8d7 c1f4 d5c4 e2e3 d7e5 d4e5 d8d1 a1d1 f6d5 f1c4 d5c3 b2c3 b7b5
Finished game 277 (dev vs base): 1/2-1/2 {Draw by 3-fold repetition}
Started game 280 of 4000 (base vs dev)
Warning; Bestmove does not match beginning of last PV - move c4d3 from base
Info; info depth 16 score cp 6 nodes 34230 nps 412409 time 83 pv c4b3 e7e6 f2f3 c6c5 c3c4 c8d7 h2h4 f8e7 e1f2 h7h6 e3e4 e8c8 h4h5 d7c6 f4e3 d8d1 b3d1
Position; startpos
Moves; d2d4 d7d5 c2c4 c7c6 g1f3 g8f6 b1c3 a7a6 f3e5 b8d7 c1f4 d5c4 e2e3 d7e5 d4e5 d8d1 a1d1 f6d5 f1c4 d5c3 b2c3 b7b5
Finished game 279 (dev vs base): 1/2-1/2 {Draw by 3-fold repetition}
Started game 281 of 4000 (dev vs base)
Finished game 276 (base vs dev): 1/2-1/2 {Draw by fifty moves rule}
Started game 282 of 4000 (base vs dev)
Finished game 278 (base vs dev): 1/2-1/2 {Draw by adjudication}
Started game 283 of 4000 (dev vs base)
Finished game 280 (base vs dev): 1/2-1/2 {Draw by 3-fold repetition}
--------------------------------------------------
Results of dev vs base (8+0.08, 1t, 64MB, 8moves_v3.pgn):
Elo: 16.14 +/- 22.61, nElo: 29.14 +/- 40.70
LOS: 91.98 %, DrawRatio: 52.86 %, PairsRatio: 1.36
Games: 280, Wins: 54, Losses: 41, Draws: 185, Points: 146.5 (52.32 %)
Ptnml(0-2): [2, 26, 74, 33, 5], WL/DD Ratio: 0.17
LLR: 0.56 (19.0%) (-2.94, 2.94) [0.00, 10.00]
--------------------------------------------------
Started game 284 of 4000 (base vs dev)
Finished game 281 (dev vs base): 1/2-1/2 {Draw by 3-fold repetition}
Started game 285 of 4000 (dev vs base)
Finished game 282 (base vs dev): 0-1 {Black wins by adjudication}
Started game 286 of 4000 (base vs dev)
Finished game 284 (base vs dev): 1/2-1/2 {Draw by 3-fold repetition}
Started game 287 of 4000 (dev vs base)
Finished game 283 (dev vs base): 1/2-1/2 {Draw by fifty moves rule}
Started game 288 of 4000 (base vs dev)
Finished game 287 (dev vs base): 1/2-1/2 {Draw by 3-fold repetition}
Started game 289 of 4000 (dev vs base)
Finished game 285 (dev vs base): 0-1 {Black wins by adjudication}
Started game 290 of 4000 (base vs dev)
Finished game 286 (base vs dev): 1/2-1/2 {Draw by 3-fold repetition}
Started game 291 of 4000 (dev vs base)
Finished game 288 (base vs dev): 1/2-1/2 {Draw by 3-fold repetition}
Started game 292 of 4000 (base vs dev)
Warning; Bestmove does not match beginning of last PV - move f4e5 from base
Info; info depth 16 score cp 0 nodes 44817 nps 352889 time 127 pv b1c1 d4b3
Position; startpos
Moves; d2d4 g8f6 c2c4 e7e6 g1f3 f8b4 b1d2 b7b6 a2a3 b4d2 d1d2 c8b7 g2g3 d7d5 c4d5 b7d5 f1g2 b8c6 b2b4 b6b5 a3a4 a8b8 e1g1 e8g8 d2b2 b5a4 a1a4 b8b5 b2a3 h7h6 c1f4 d8e7 f1c1 f8b8 f4d2 b5b6 h2h4 e7e8 d2f4 b8b7 g2f1 e8b8 f3e5 c6d4 e5d3 d4b3 c1b1 b3d4
Finished game 289 (dev vs base): 1/2-1/2 {Draw by 3-fold repetition}
Started game 293 of 4000 (dev vs base)
Finished game 290 (base vs dev): 1/2-1/2 {Draw by insufficient mating material}
Started game 294 of 4000 (base vs dev)
Finished game 293 (dev vs base): 1/2-1/2 {Draw by 3-fold repetition}
Started game 295 of 4000 (dev vs base)
Finished game 291 (dev vs base): 1/2-1/2 {Draw by adjudication}
Started game 296 of 4000 (base vs dev)
Finished game 292 (base vs dev): 1/2-1/2 {Draw by 3-fold repetition}
Started game 297 of 4000 (dev vs base)
Finished game 294 (base vs dev): 1/2-1/2 {Draw by 3-fold repetition}
Started game 298 of 4000 (base vs dev)
Finished game 296 (base vs dev): 0-1 {Black wins by adjudication}
Started game 299 of 4000 (dev vs base)
Finished game 295 (dev vs base): 1/2-1/2 {Draw by insufficient mating material}
Started game 300 of 4000 (base vs dev)
Finished game 297 (dev vs base): 1/2-1/2 {Draw by 3-fold repetition}
Started game 301 of 4000 (dev vs base)
