SPRT: dev=/Users/titojr/Documents/closed testing/Nature(v2)/engine-src/build/carelesschess
      base=/Users/titojr/Documents/closed testing/Nature(v2)/engine-src/tools/baselines/cc-nonpawn-base
      tc=8+0.08  bounds=[0, 10]  alpha=0.05  beta=0.05
      rounds<=2000  concurrency=4  hash=64MB  threads=1

Indexing opening suite...
Started game 1 of 4000 (dev vs base)
Started game 2 of 4000 (base vs dev)
Started game 3 of 4000 (dev vs base)
Started game 4 of 4000 (base vs dev)
Finished game 3 (dev vs base): 1-0 {White wins by adjudication}
Started game 5 of 4000 (dev vs base)
Finished game 2 (base vs dev): 1/2-1/2 {Draw by 3-fold repetition}
Started game 6 of 4000 (base vs dev)
Finished game 4 (base vs dev): 1-0 {White wins by adjudication}
Started game 7 of 4000 (dev vs base)
Finished game 1 (dev vs base): 0-1 {Black wins by adjudication}
Started game 8 of 4000 (base vs dev)
Finished game 6 (base vs dev): 1/2-1/2 {Draw by 3-fold repetition}
Started game 9 of 4000 (dev vs base)
Warning; Bestmove does not match beginning of last PV - move c4b4 from dev
Info; info depth 16 score cp -34 nodes 24393 nps 1355166 time 18 pv c4g4 f3c3 e2d2 c3b3 d2c2 b3e3 g4f4 a7a5 c2b1 e3e2 f4a4 e2b2 b1c1 b7b6 a4a3 b2g2 a3b3 b6c5 b3a3
Position; startpos
Moves; d2d4 g8f6 g1f3 g7g6 c1g5 f8g7 b1d2 e8g8 c2c3 d7d6 e2e4 c7c5 d4d5 h7h6 g5h4 b7b6 a2a4 g6g5 h4g3 e7e6 d5e6 c8e6 f1d3 b8c6 e1g1 d6d5 e4d5 d8d5 d3c4 d5f5 c4e6 f5e6 d1c2 a8d8 f1e1 e6d5 a1d1 d5d3 c2d3 d8d3 d2c4 d3d1 e1d1 f6e4 h2h4 f7f5 g3c7 f8c8 c7h2 c8e8 h4g5 h6g5 f3e1 g7e5 e1f3 e5f6 f3e1 f6e5 c4e5 c6e5 h2e5 e8e5 e1f3 e5e6 d1d5 g5g4 f3d2 e4d2 d5d2 g8f7 g1f1 f7f6 g2g3 e6e4 a4a5 b6a5 d2d5 e4c4 f1e2 f6e6 d5d8 c4a4 d8c8 e6d5 e2d3 a4a2 c8d8 d5e6 d8e8 e6d7 e8f8 a2b2 f8f5 d7c6 f5f8 a5a4 f8c8 c6b7 c8c5 b2f2 c5c4 f2f3 d3e2 a4a3
Warning; Bestmove does not match beginning of last PV - move b3b4 from dev
Info; info depth 14 score cp -46 nodes 25732 nps 857733 time 30 pv d6d8 h8e8 g2f2 e8d8 b6d8 f7e8 d8b6 e8f7 b6d8 c6e8 d8c7 f7e7 c7b6 e7e6 b6c5
Position; startpos
Moves; e2e4 c7c5 g1f3 b8c6 d2d4 c5d4 f3d4 g8f6 b1c3 d7d6 f1c4 d8b6 d4b3 e7e6 c1e3 b6c7 a2a4 f8e7 e1g1 e8g8 c3b5 c7b8 b5c3 f8d8 e3f4 c8d7 d1d2 c6e5 c4d3 e5d3 d2d3 d7e8 f1d1 f6g4 a4a5 g4e5 d3e2 d8c8 a1a2 e7f8 h2h3 b8c7 b3d2 h7h6 f4e3 f7f6 a2a1 e5c4 d2c4 c7c4 e2g4 h6h5 g4f3 e8g6 d1d4 c4a6 g2g4 h5g4 h3g4 c8c4 d4c4 a6c4 a1a4 c4c6 f3e2 c6d7 a4d4 a8c8 d4d2 d7c7 e2b5 a7a6 b5b3 g6f7 f2f3 d6d5 g1g2 d5e4 c3e4 e6e5 b3b6 c7b6 e3b6 f7e8 b2b3 g8f7 c2c4 f8b4 d2d5 e8c6 e4d6 b4d6 d5d6 c8h8
Warning; Bestmove does not match beginning of last PV - move f7g6 from base
Info; info depth 16 score cp 0 nodes 17387 nps 755956 time 23 pv f1c1
Position; startpos
Moves; e2e4 c7c5 g1f3 b8c6 d2d4 c5d4 f3d4 g8f6 b1c3 d7d6 f1c4 d8b6 d4b3 e7e6 c1e3 b6c7 a2a4 f8e7 e1g1 e8g8 c3b5 c7b8 b5c3 f8d8 e3f4 c8d7 d1d2 c6e5 c4d3 e5d3 d2d3 d7e8 f1d1 f6g4 a4a5 g4e5 d3e2 d8c8 a1a2 e7f8 h2h3 b8c7 b3d2 h7h6 f4e3 f7f6 a2a1 e5c4 d2c4 c7c4 e2g4 h6h5 g4f3 e8g6 d1d4 c4a6 g2g4 h5g4 h3g4 c8c4 d4c4 a6c4 a1a4 c4c6 f3e2 c6d7 a4d4 a8c8 d4d2 d7c7 e2b5 a7a6 b5b3 g6f7 f2f3 d6d5 g1g2 d5e4 c3e4 e6e5 b3b6 c7b6 e3b6 f7e8 b2b3 g8f7 c2c4 f8b4 d2d5 e8c6 e4d6 b4d6 d5d6 c8h8 b3b4 e5e4 f3e4 h8e8 d6d4 c6e4 g2g3 e4c6 g4g5 e8e3 g3g4 e3e1 g5f6 g7f6 d4d6 e1c1 g4f5 c1f1 f5g4
Warning; Bestmove does not match beginning of last PV - move h7h2 from dev
Info; info depth 19 score cp -37 nodes 24029 nps 2669888 time 9 pv h7b7 b1a1 c3c2 f1f2 c2c3 f2b2 b7h7 b2b5 c3c2 b5b1 c2c3 b1b2 h7g7 a1b1 g7g1 b1a2 g1g7 b2b3 c3c2 b3h3 g7c7 h3h2 c2c3 a2b1
Position; startpos
Moves; d2d4 g8f6 g1f3 g7g6 c1g5 f8g7 b1d2 e8g8 c2c3 d7d6 e2e4 c7c5 d4d5 h7h6 g5h4 b7b6 a2a4 g6g5 h4g3 e7e6 d5e6 c8e6 f1d3 b8c6 e1g1 d6d5 e4d5 d8d5 d3c4 d5f5 c4e6 f5e6 d1c2 a8d8 f1e1 e6d5 a1d1 d5d3 c2d3 d8d3 d2c4 d3d1 e1d1 f6e4 h2h4 f7f5 g3c7 f8c8 c7h2 c8e8 h4g5 h6g5 f3e1 g7e5 e1f3 e5f6 f3e1 f6e5 c4e5 c6e5 h2e5 e8e5 e1f3 e5e6 d1d5 g5g4 f3d2 e4d2 d5d2 g8f7 g1f1 f7f6 g2g3 e6e4 a4a5 b6a5 d2d5 e4c4 f1e2 f6e6 d5d8 c4a4 d8c8 e6d5 e2d3 a4a2 c8d8 d5e6 d8e8 e6d7 e8f8 a2b2 f8f5 d7c6 f5f8 a5a4 f8c8 c6b7 c8c5 b2f2 c5c4 f2f3 d3e2 a4a3 c4b4 b7a6 b4b3 a3a2 b3a3 a6b6 a3a2 f3g3 a2a4 a7a5 e2f2 g3c3 a4g4 b6b5 g4g5 b5b4 f2e2 a5a4 e2d2 c3c8 g5g1 a4a3 g1b1 b4a4 b1c1 c8d8 d2c2 d8b8 c1g1 b8b2 c2c1 a4b3 g1g3 b3a2 g3g7 b2b4 g7c7 b4h4 c1c2 h4g4 c2c3 g4g3 c3c2 g3g2 c2c1 g2g6 c1c2 g6f6 c2d2 f6f3 d2c2 f3f2 c2c3 a2b1 c7h7 f2f1
Finished game 5 (dev vs base): 1/2-1/2 {Draw by 3-fold repetition}
Started game 10 of 4000 (base vs dev)
Finished game 8 (base vs dev): 1/2-1/2 {Draw by 3-fold repetition}
Started game 11 of 4000 (dev vs base)
Finished game 7 (dev vs base): 1/2-1/2 {Draw by 3-fold repetition}
Started game 12 of 4000 (base vs dev)
Finished game 9 (dev vs base): 1/2-1/2 {Draw by 3-fold repetition}
Started game 13 of 4000 (dev vs base)
Finished game 10 (base vs dev): 1/2-1/2 {Draw by insufficient mating material}
Started game 14 of 4000 (base vs dev)
Finished game 13 (dev vs base): 1/2-1/2 {Draw by 3-fold repetition}
Started game 15 of 4000 (dev vs base)
Finished game 11 (dev vs base): 1/2-1/2 {Draw by insufficient mating material}
Started game 16 of 4000 (base vs dev)
Finished game 12 (base vs dev): 1-0 {White wins by adjudication}
Started game 17 of 4000 (dev vs base)
Finished game 14 (base vs dev): 1/2-1/2 {Draw by adjudication}
Started game 18 of 4000 (base vs dev)
Finished game 16 (base vs dev): 0-1 {Black wins by adjudication}
Started game 19 of 4000 (dev vs base)
Finished game 15 (dev vs base): 1/2-1/2 {Draw by 3-fold repetition}
Started game 20 of 4000 (base vs dev)
Finished game 18 (base vs dev): 1-0 {White wins by adjudication}
Started game 21 of 4000 (dev vs base)
Finished game 17 (dev vs base): 1/2-1/2 {Draw by fifty moves rule}
Started game 22 of 4000 (base vs dev)
Finished game 20 (base vs dev): 0-1 {Black wins by adjudication}
Started game 23 of 4000 (dev vs base)
Finished game 19 (dev vs base): 0-1 {Black wins by adjudication}
--------------------------------------------------
Results of dev vs base (8+0.08, 1t, 64MB, 8moves_v3.pgn):
Elo: -34.86 +/- 66.06, nElo: -81.89 +/- 152.27
LOS: 14.59 %, DrawRatio: 60.00 %, PairsRatio: 0.33
Games: 20, Wins: 3, Losses: 5, Draws: 12, Points: 9.0 (45.00 %)
Ptnml(0-2): [0, 3, 6, 1, 0], WL/DD Ratio: 0.50
LLR: -0.13 (-4.6%) (-2.94, 2.94) [0.00, 10.00]
--------------------------------------------------
Started game 24 of 4000 (base vs dev)
Finished game 22 (base vs dev): 1/2-1/2 {Draw by 3-fold repetition}
Started game 25 of 4000 (dev vs base)
Finished game 23 (dev vs base): 1/2-1/2 {Draw by 3-fold repetition}
Started game 26 of 4000 (base vs dev)
Finished game 24 (base vs dev): 1/2-1/2 {Draw by 3-fold repetition}
Started game 27 of 4000 (dev vs base)
Warning; Bestmove does not match beginning of last PV - move g3e2 from base
Info; info depth 18 score cp -44 nodes 108282 nps 3093771 time 35 pv e3f3 g4g6 g3h5 g6g2 h5g3 g2h2 f3e3 h2c2 e3f3 c2g2 g3e2 g2f2 f3f2 e5f5 f2f3 f5g6 f3f4 g6f6 e2c3
Position; startpos
Moves; d2d4 d7d5 g1f3 g8f6 c2c4 c7c6 b1d2 g7g6 e2e3 f8g7 b2b3 c6c5 c1b2 c5d4 f3d4 e8g8 f1e2 b7b6 e1g1 c8b7 c4d5 f6d5 d2c4 d8e8 d1c1 b8a6 d4f3 g7b2 c1b2 e8c6 a1c1 c6f6 b2f6 d5f6 c4e5 a6c5 f3d4 f8c8 f1d1 c5e4 e2f3 b7d5 d4b5 c8c1 d1c1 a7a6 b5d4 e4c5 f3e2 a6a5 g2g4 c5e6 d4e6 d5e6 g4g5 f6d7 e5c6 g8f8 c6d4 d7c5 h2h4 e6d7 d4f3 d7e6 f3d4 e6d7 a2a3 e7e5 d4f3 d7g4 c1c2 a8e8 c2c3 g4f3 e2f3 e8d8 b3b4 a5b4 a3b4 c5d3 c3b3 d3c1 b3a3 c1d3 b4b5 d3c5 f3c6 e5e4 a3a7 d8d2 a7a8 f8g7 a8b8 c5d3 b8b6 d3f2 b6b8 f2g4 c6e4 d2d1 g1g2 g4e3 g2g3 d1d4 g3f4 e3c4 b5b6 c4d2 b8e8 d4b4 b6b7 d2e4 b7b8q b4b8 e8b8 e4d6 b8b6 d6c8 b6b7 c8d6 b7d7 d6f5 h4h5 h7h6 f4g4 f5e3 g4f4 e3g2 f4f3 g2e1 f3f2 e1c2 h5g6 g7g6 g5h6 g6h6 d7f7 c2b4 f2e3 b4d5 e3e4 h6g6 f7b7 d5f6 e4f4 f6g8 f4e5 g8h6 e5e6 g6g5 b7b6 h6g4 b6b4 g4h6 b4e4 h6g4 e4d4 g4h2 d4b4 h2g4 b4e4 g4h6 e4d4 h6g4 d4c4 g4h6 c4c1 g5f4 e6d5 h6g4 c1f1 f4e3 f1f7 g4h2 f7a7 e3f4 a7a4 f4f3 a4e4 h2g4 d5d4 g4h6 e4e6 h6f5 d4e5 f5g3 e6f6 f3e3 f6f4 g3e2 f4e4 e3f3 e4h4 e2g3 h4a4 g3e2 a4a3 f3g4 a3b3 e2g3 b3d3 g3e2 d3a3 e2g3 a3e3 g3h5 e3d3 h5g3 d3c3 g3e2 c3e3 e2g3 e3b3 g3e2 b3b4 g4f3 b4a4 e2g3 a4f4 f3e3 f4g4
Finished game 21 (dev vs base): 1/2-1/2 {Draw by fifty moves rule}
Started game 28 of 4000 (base vs dev)
Finished game 27 (dev vs base): 1/2-1/2 {Draw by 3-fold repetition}
Started game 29 of 4000 (dev vs base)
Finished game 28 (base vs dev): 1/2-1/2 {Draw by 3-fold repetition}
Started game 30 of 4000 (base vs dev)
Finished game 25 (dev vs base): 1/2-1/2 {Draw by insufficient mating material}
Started game 31 of 4000 (dev vs base)
Finished game 26 (base vs dev): 1/2-1/2 {Draw by 3-fold repetition}
Started game 32 of 4000 (base vs dev)
Finished game 29 (dev vs base): 1-0 {White wins by adjudication}
Started game 33 of 4000 (dev vs base)
Finished game 31 (dev vs base): 1-0 {White wins by adjudication}
Started game 34 of 4000 (base vs dev)
Finished game 30 (base vs dev): 1/2-1/2 {Draw by 3-fold repetition}
Started game 35 of 4000 (dev vs base)
Finished game 32 (base vs dev): 0-1 {Black wins by adjudication}
Started game 36 of 4000 (base vs dev)
Finished game 35 (dev vs base): 1-0 {White wins by adjudication}
Started game 37 of 4000 (dev vs base)
Finished game 34 (base vs dev): 1/2-1/2 {Draw by 3-fold repetition}
Started game 38 of 4000 (base vs dev)
Finished game 33 (dev vs base): 1/2-1/2 {Draw by fifty moves rule}
Started game 39 of 4000 (dev vs base)
Finished game 36 (base vs dev): 1/2-1/2 {Draw by 3-fold repetition}
Started game 40 of 4000 (base vs dev)
Finished game 38 (base vs dev): 0-1 {Black wins by adjudication}
Started game 41 of 4000 (dev vs base)
Warning; Bestmove does not match beginning of last PV - move d7a7 from base
Info; info depth 19 score cp 0 nodes 70660 nps 1070606 time 66 pv d7g7 b4c4 g4h4 g2h2 g7f7 c4b4 h4g4 h2g2 f7g7
Position; startpos
Moves; d2d4 g8f6 g1f3 g7g6 b1d2 d7d5 e2e3 f8g7 f1e2 c7c5 c2c3 b8d7 e1g1 e8g8 b2b4 c5c4 a2a4 d8c7 d1c2 a7a5 b4a5 d7b8 c1a3 b8c6 e3e4 d5e4 d2e4 c6a5 f3d2 f6d5 a1b1 f8d8 f1e1 b7b6 b1b5 c8b7 h2h4 e7e5 d4e5 g7e5 d2f3 e5g7 h4h5 a5b3 e2c4 c7c4 c2b3 c4a4 e4d6 b7c6 b5b6 a4b3 b6b3 c6a4 b3b7 a4c6 b7b3 d5f4 h5h6 c6f3 g2f3 g7f8 d6b7 d8d5 a3f8 g8f8 c3c4 d5g5 g1h1 g5h5 h1g1 h5h6 b7d6 a8d8 c4c5 h6h5 b3b7 h5c5 b7f7 f8g8 f7f4 d8d6 e1e8 g8g7 e8e7 g7h6 f4h4 c5h5 h4h5 h6h5 f3f4 h5g4 f4f5 g6f5 g1g2 f5f4 e7e4 d6g6 e4c4 g6g7 c4b4 g7e7 b4c4 e7d7 c4b4
Finished game 37 (dev vs base): 1/2-1/2 {Draw by 3-fold repetition}
Started game 42 of 4000 (base vs dev)
Finished game 39 (dev vs base): 1/2-1/2 {Draw by 3-fold repetition}
Started game 43 of 4000 (dev vs base)
Finished game 41 (dev vs base): 1/2-1/2 {Draw by 3-fold repetition}
Started game 44 of 4000 (base vs dev)
Finished game 42 (base vs dev): 1/2-1/2 {Draw by 3-fold repetition}
Started game 45 of 4000 (dev vs base)
Warning; Bestmove does not match beginning of last PV - move g7f7 from base
Info; info depth 16 score cp 0 nodes 27153 nps 590282 time 46 pv g7f6 c5d7 f6e6 d7e5 e6f6 e5d7
Position; startpos
Moves; g1f3 d7d5 g2g3 c7c6 f1g2 c8g4 c2c4 e7e6 c4d5 e6d5 e1g1 f8d6 d2d3 g8e7 b1c3 e8g8 h2h3 g4f3 g2f3 d8b6 e2e3 b8d7 f3g2 f8e8 a1b1 a7a5 h3h4 d7f6 b2b3 h7h5 g2h3 e7g6 c3e2 b6c7 g1h1 g6e5 c1b2 e5g4 d1c2 d6e5 b2e5 c7e5 b1c1 e5d6 c2c3 d6a3 c1c2 g7g6 h1g2 a3b4 f1c1 b4c3 c2c3 e8e7 e2f4 f6e8 a2a4 e8d6 g2g1 a8a6 c1b1 g4e5 g1g2 e5g4 c3c2 a6b6 c2c5 b6a6 d3d4 g8g7 f4d3 g4f6 c5c2 a6b6 b1b2 f6e4 c2c1 g7f8 g2h1 e4f2 b2f2 b6b3 d3e5 f8g7 f2f3 f7f6 e5d7 b3e3 f3e3 e7e3 h1h2 e3b3 d7c5 b3b2 h2g1 f6f5 h3g2
Finished game 40 (base vs dev): 1/2-1/2 {Draw by 3-fold repetition}
--------------------------------------------------
Results of dev vs base (8+0.08, 1t, 64MB, 8moves_v3.pgn):
Elo: 24.86 +/- 53.41, nElo: 49.47 +/- 105.07
LOS: 82.19 %, DrawRatio: 61.90 %, PairsRatio: 1.67
Games: 42, Wins: 8, Losses: 5, Draws: 29, Points: 22.5 (53.57 %)
Ptnml(0-2): [0, 3, 13, 4, 1], WL/DD Ratio: 0.18
LLR: 0.16 (5.5%) (-2.94, 2.94) [0.00, 10.00]
--------------------------------------------------
Started game 46 of 4000 (base vs dev)
Finished game 46 (base vs dev): 1/2-1/2 {Draw by 3-fold repetition}
Started game 47 of 4000 (dev vs base)
Finished game 45 (dev vs base): 1/2-1/2 {Draw by 3-fold repetition}
Started game 48 of 4000 (base vs dev)
Finished game 43 (dev vs base): 1/2-1/2 {Draw by fifty moves rule}
Started game 49 of 4000 (dev vs base)
Finished game 47 (dev vs base): 1/2-1/2 {Draw by 3-fold repetition}
Started game 50 of 4000 (base vs dev)
Finished game 48 (base vs dev): 0-1 {Black wins by adjudication}
Started game 51 of 4000 (dev vs base)
Finished game 44 (base vs dev): 1/2-1/2 {Draw by fifty moves rule}
Started game 52 of 4000 (base vs dev)
Finished game 49 (dev vs base): 0-1 {Black wins by adjudication}
Started game 53 of 4000 (dev vs base)
Finished game 52 (base vs dev): 1/2-1/2 {Draw by 3-fold repetition}
Started game 54 of 4000 (base vs dev)
Finished game 50 (base vs dev): 0-1 {Black wins by adjudication}
Started game 55 of 4000 (dev vs base)
Finished game 51 (dev vs base): 1/2-1/2 {Draw by 3-fold repetition}
Started game 56 of 4000 (base vs dev)
Finished game 53 (dev vs base): 1-0 {White wins by adjudication}
Started game 57 of 4000 (dev vs base)
Warning; Bestmove does not match beginning of last PV - move g2f3 from dev
Info; info depth 17 score cp 44 nodes 105786 nps 1489943 time 71 pv b7d7 c6c1 d7a7 c1d1 a7b7 d1c1 b7d7 c1e1 g2h2 e1b1 d7d8 g8f7 d8d5 b1b2 h2g1 b2b1 g1f2 b1b2 f2f1 f7g8 d5d3
Position; startpos
Moves; d2d4 f7f5 c1g5 h7h6 g5h4 g7g5 e2e3 g8f6 h4g3 d7d6 h2h4 g5g4 h4h5 c8e6 g1e2 e6f7 e2f4 f8g7 b1c3 e8g8 f1d3 d8d7 e3e4 f5e4 c3e4 b8c6 e4f6 g7f6 d1e2 d6d5 c2c3 e7e5 f4g6 f7g6 d3g6 e5d4 e1g1 a8d8 a1d1 d4c3 b2c3 f6c3 e2e3 d7g7 d1d5 d8d5 e3e6 g8h8 e6d5 c3e5 f1d1 e5g3 f2g3 g7e5 d5d2 h8g7 d2d7 e5e7 d7g4 c6e5 g4e4 e7f6 d1d5 e5g6 h5g6 f6g6 e4e5 g7g8 e5c7 g6b6 c7b6 a7b6 d5d6 f8a8 d6h6 b6b5 h6b6 a8a2 b6b5 a2a1 g1h2 a1a7 g3g4 a7a4 h2h3 a4a3 g2g3 a3a6 b5b7 a6h6 h3g2 h6c6
Finished game 54 (base vs dev): 0-1 {Black wins by adjudication}
Started game 58 of 4000 (base vs dev)
Finished game 56 (base vs dev): 1/2-1/2 {Draw by 3-fold repetition}
Started game 59 of 4000 (dev vs base)
Finished game 57 (dev vs base): 1/2-1/2 {Draw by 3-fold repetition}
Started game 60 of 4000 (base vs dev)
Finished game 55 (dev vs base): 1/2-1/2 {Draw by adjudication}
Started game 61 of 4000 (dev vs base)
Warning; Bestmove does not match beginning of last PV - move e2d1 from dev
Info; info depth 16 score cp 0 nodes 24266 nps 425719 time 57 pv e2e3 f4g6 e3e2
Position; startpos
Moves; e2e4 e7e5 g1f3 g8f6 b1c3 f8b4 f1c4 e8g8 e1g1 b4c3 d2c3 d7d6 c1g5 h7h6 g5h4 c8g4 h2h3 g4e6 c4e6 f7e6 d1e2 a7a5 a2a4 f8f7 f3h2 g7g5 h4g3 d8e8 f2f3 f6h5 g3f2 b7b6 h2g4 g8g7 e2c4 a8a7 g1h2 b8d7 b2b3 g7h7 f2e3 d7f6 a1e1 a7a8 e3d2 e8e7 c4d3 a8f8 c3c4 f6g4 f3g4 h5f4 d3c3 f4g6 c3d3 h7g7 d3e2 g6f4
Finished game 58 (base vs dev): 1-0 {White wins by adjudication}
Started game 62 of 4000 (base vs dev)
Finished game 61 (dev vs base): 1/2-1/2 {Draw by 3-fold repetition}
Started game 63 of 4000 (dev vs base)
Finished game 62 (base vs dev): 1/2-1/2 {Draw by 3-fold repetition}
Started game 64 of 4000 (base vs dev)
Finished game 60 (base vs dev): 1/2-1/2 {Draw by insufficient mating material}
Started game 65 of 4000 (dev vs base)
Finished game 59 (dev vs base): 1/2-1/2 {Draw by fifty moves rule}
--------------------------------------------------
Results of dev vs base (8+0.08, 1t, 64MB, 8moves_v3.pgn):
Elo: 28.08 +/- 44.74, nElo: 54.82 +/- 86.48
LOS: 89.30 %, DrawRatio: 64.52 %, PairsRatio: 1.75
Games: 62, Wins: 12, Losses: 7, Draws: 43, Points: 33.5 (54.03 %)
Ptnml(0-2): [0, 4, 20, 5, 2], WL/DD Ratio: 0.18
LLR: 0.27 (9.2%) (-2.94, 2.94) [0.00, 10.00]
--------------------------------------------------
Started game 66 of 4000 (base vs dev)
Finished game 65 (dev vs base): 1-0 {White wins by adjudication}
Started game 67 of 4000 (dev vs base)
Finished game 63 (dev vs base): 1/2-1/2 {Draw by 3-fold repetition}
Started game 68 of 4000 (base vs dev)
Finished game 66 (base vs dev): 1/2-1/2 {Draw by 3-fold repetition}
Started game 69 of 4000 (dev vs base)
Finished game 64 (base vs dev): 1/2-1/2 {Draw by 3-fold repetition}
Started game 70 of 4000 (base vs dev)
Finished game 68 (base vs dev): 1/2-1/2 {Draw by 3-fold repetition}
Started game 71 of 4000 (dev vs base)
Warning; Bestmove does not match beginning of last PV - move e7d7 from dev
Info; info depth 17 score cp -105 nodes 60821 nps 868871 time 70 pv e7g7 g1g2 g7b2 g2h3 b2a3 f3d1 a3e7 h4h5 e7h7 g3g4 h7g7 h3h4 f5g4 d1g4 g7f6 h4g3 e6e5 g3h3 e5e4 g4e4 f6c3 h3g4 c3b3
Position; startpos
Moves; d2d4 g8f6 c2c4 e7e6 b1c3 f8b4 d1c2 c7c5 d4c5 b4c5 g1f3 d8b6 e2e3 b6c7 b2b3 a7a6 c1b2 b7b6 f1d3 c5e7 c3e4 c8b7 e1g1 b8c6 e4f6 g7f6 a2a3 h7h5 f1d1 h8g8 d3f1 f6f5 a1c1 a6a5 c2e2 g8g6 h2h3 f5f4 e3f4 c7f4 f3e1 e7d6 d1d6 f4d6 c1d1 d6f4 g2g3 e8c8 f1g2 f4c7 e1f3 f7f5 f3e5 c6e5 b2e5 d7d6 e2h5 g6g8 g2b7 c8b7 e5d6 d8d6 d1d6 g8g3 f2g3 c7d6 h5f3 b7a7 h3h4 d6a3 f3d1 a3e7 d1f3
Finished game 69 (dev vs base): 0-1 {Black wins by adjudication}
Started game 72 of 4000 (base vs dev)
Finished game 67 (dev vs base): 1-0 {White wins by adjudication}
Started game 73 of 4000 (dev vs base)
Finished game 70 (base vs dev): 1/2-1/2 {Draw by 3-fold repetition}
Started game 74 of 4000 (base vs dev)
Warning; Bestmove does not match beginning of last PV - move f2f3 from dev
Info; info depth 16 score cp -13 nodes 38422 nps 533638 time 72 pv f1d1 a4a6 g2g4 a6c6 g1g2 b7b5 d2d5 b5b4 g2h3 g8f7 d5b5 g6g5 h3g2 f8d6 c7d6 c6d6 d1d6 d7d6 b5b4
Position; startpos
Moves; c2c4 g8f6 b1c3 c7c6 d2d4 d7d5 g1f3 g7g6 c4d5 c6d5 c1f4 f8g7 e2e3 e8g8 f1e2 b8c6 f3d2 f6d7 d2b3 a7a5 a2a4 e7e5 d4e5 d7e5 e1g1 c8f5 d1d5 e5d3 d5d8 f8d8 f4g5 f7f6 g5h4 d3b2 a1a2 b2d3 a2d2 a8c8 e3e4 f5e6 c3d5 d3f4 e2c4 e6d5 c4d5 f4d5 e4d5 c6e5 b3a5 e5c4 a5c4 c8c4 h4g3 c4a4 g3c7 d8d7 d5d6 g7f8
Finished game 71 (dev vs base): 1/2-1/2 {Draw by 3-fold repetition}
Started game 75 of 4000 (dev vs base)
Finished game 73 (dev vs base): 1/2-1/2 {Draw by 3-fold repetition}
Started game 76 of 4000 (base vs dev)
Finished game 74 (base vs dev): 1/2-1/2 {Draw by 3-fold repetition}
Started game 77 of 4000 (dev vs base)
Finished game 72 (base vs dev): 1/2-1/2 {Draw by 3-fold repetition}
Started game 78 of 4000 (base vs dev)
Finished game 75 (dev vs base): 1-0 {White wins by adjudication}
Started game 79 of 4000 (dev vs base)
Finished game 77 (dev vs base): 1/2-1/2 {Draw by 3-fold repetition}
Started game 80 of 4000 (base vs dev)
Finished game 76 (base vs dev): 1/2-1/2 {Draw by 3-fold repetition}
Started game 81 of 4000 (dev vs base)
Finished game 78 (base vs dev): 1/2-1/2 {Draw by 3-fold repetition}
Started game 82 of 4000 (base vs dev)
Warning; Bestmove does not match beginning of last PV - move a5b3 from dev
Info; info depth 13 score cp 0 nodes 7837 nps 435388 time 18 pv g8f8 h4f4 f8g8 f1g1 d7f7 f4h4 f7d7
Position; startpos
Moves; e2e4 e7e6 d2d4 d7d5 e4e5 c7c5 c2c3 b8c6 g1f3 c8d7 a2a3 c5c4 f1e2 c6a5 b1d2 d7c6 e1g1 d8b6 h2h4 g8h6 a1b1 f8e7 f1e1 h6f5 h4h5 e8c8 d2f1 c6e8 f1e3 f5e3 c1e3 f7f5 f3g5 a5b3 g2g3 c8b8 g1g2 d8d7 e1h1 e7g5 e3g5 h7h6 g5f4 a7a5 d1c2 d7e7 b1e1 a5a4 e2d1 b3a5 h1h4 b6d8 e1h1 b8a7 c2c1 a7a6 d1c2 h8f8 c1d1 a5b3 d1e1 d8b6 g2g1 e7c7 f4e3 b6b5 g1g2 c7c6 e1d1 c6b6 d1e2 b3a5 h1b1 b5d7 e2f3 f8g8 f3d1 g8f8 g2h2 f8g8 h2g1 g8f8 g1g2 a5b3 g2h2 d7f7 h2g1 f8h8 e3f4 h8f8 g1f1 f7d7 f4e3 d7f7 d1e2 b3a5 e2d2 a5b3 d2d1 f8g8 e3f4 g8f8 f1g1 f7e7 f4e3 e7d8 h4f4 d8e7 d1e2 f8g8 f4h4 b3a5 e2d1 e7d7 g1f1
Finished game 80 (base vs dev): 1/2-1/2 {Draw by 3-fold repetition}
Started game 83 of 4000 (dev vs base)
Warning; Bestmove does not match beginning of last PV - move f3e2 from dev
Info; info depth 13 score cp -71 nodes 24441 nps 698314 time 35 pv a4c3 g7c3 c4c3 a5a4 c3a3 g6f5 f3e3 f5e5 c2c4 a6a5 g2g4 e5d6 e3d4 d6c6 d4c3 c6c5
Position; startpos
Moves; e2e4 c7c5 b2b3 d7d6 c1b2 g8f6 f1b5 b8c6 b5c6 b7c6 d2d3 e7e5 g1e2 f8e7 e1g1 e8g8 e2g3 f6e8 b1d2 e7g5 d2c4 a7a5 a2a4 f7f6 b2c1 g5f4 c1a3 g7g6 g3e2 f4h6 f2f4 e5f4 d3d4 f4f3 f1f3 c8g4 f3g3 f6f5 d4c5 h6g7 a1b1 e8f6 e4f5 d6c5 d1d8 f8d8 b1e1 g4f5 c4e3 f5e6 g3f3 f6e4 f3f4 e6d5 a3c1 d8e8 e1d1 e8e7 d1d3 d5f7 f4f3 a8e8 h2h3 c5c4 e3c4 f7c4 b3c4 e4c5 d3e3 c5a4 g1f2 a4b6 e3e7 e8e7 f3e3 g8f7 e3a3 e7e5 a3f3 f7g8 f3f4 c6c5 e2c3 g6g5 f4f3 b6c4 c3a4 h7h6 f2f1 c4d6 f3d3 d6e4 c1e3 c5c4 d3d8 g8f7 a4b6 e5f5 f1e2 e4g3 e2d2 g3f1 d2e2 f1e3 e2e3 f5e5 e3f3 e5e6 d8d7 e6e7 d7d5 e7a7 b6a4 a7a6 d5c5 c4c3 c5c4 f7g6
Finished game 82 (base vs dev): 1/2-1/2 {Draw by insufficient mating material}
Started game 84 of 4000 (base vs dev)
Finished game 79 (dev vs base): 1/2-1/2 {Draw by fifty moves rule}
--------------------------------------------------
Results of dev vs base (8+0.08, 1t, 64MB, 8moves_v3.pgn):
Elo: 30.48 +/- 38.30, nElo: 61.15 +/- 76.13
LOS: 94.23 %, DrawRatio: 62.50 %, PairsRatio: 2.00
Games: 80, Wins: 15, Losses: 8, Draws: 57, Points: 43.5 (54.37 %)
Ptnml(0-2): [0, 5, 25, 8, 2], WL/DD Ratio: 0.14
LLR: 0.39 (13.2%) (-2.94, 2.94) [0.00, 10.00]
--------------------------------------------------
Started game 85 of 4000 (dev vs base)
Finished game 81 (dev vs base): 1/2-1/2 {Draw by stalemate}
Started game 86 of 4000 (base vs dev)
Finished game 85 (dev vs base): 0-1 {Black wins by adjudication}
Started game 87 of 4000 (dev vs base)
Finished game 86 (base vs dev): 0-1 {Black wins by adjudication}
Started game 88 of 4000 (base vs dev)
Finished game 83 (dev vs base): 1/2-1/2 {Draw by 3-fold repetition}
Started game 89 of 4000 (dev vs base)
Finished game 84 (base vs dev): 1/2-1/2 {Draw by insufficient mating material}
Started game 90 of 4000 (base vs dev)
Finished game 87 (dev vs base): 1/2-1/2 {Draw by 3-fold repetition}
Started game 91 of 4000 (dev vs base)
Finished game 88 (base vs dev): 1/2-1/2 {Draw by 3-fold repetition}
Started game 92 of 4000 (base vs dev)
Finished game 89 (dev vs base): 1-0 {White wins by adjudication}
Started game 93 of 4000 (dev vs base)
Finished game 90 (base vs dev): 1/2-1/2 {Draw by insufficient mating material}
Started game 94 of 4000 (base vs dev)
Finished game 92 (base vs dev): 1-0 {White wins by adjudication}
Started game 95 of 4000 (dev vs base)
Finished game 93 (dev vs base): 1/2-1/2 {Draw by insufficient mating material}
Started game 96 of 4000 (base vs dev)
Finished game 94 (base vs dev): 1/2-1/2 {Draw by 3-fold repetition}
Started game 97 of 4000 (dev vs base)
Finished game 91 (dev vs base): 1/2-1/2 {Draw by 3-fold repetition}
Started game 98 of 4000 (base vs dev)
Finished game 95 (dev vs base): 1/2-1/2 {Draw by adjudication}
Started game 99 of 4000 (dev vs base)
Finished game 96 (base vs dev): 1-0 {White wins by adjudication}
Started game 100 of 4000 (base vs dev)
Finished game 97 (dev vs base): 1-0 {White wins by adjudication}
Started game 101 of 4000 (dev vs base)
Finished game 100 (base vs dev): 1/2-1/2 {Draw by 3-fold repetition}
Started game 102 of 4000 (base vs dev)
Finished game 99 (dev vs base): 1/2-1/2 {Draw by 3-fold repetition}
--------------------------------------------------
Results of dev vs base (8+0.08, 1t, 64MB, 8moves_v3.pgn):
Elo: 21.30 +/- 33.75, nElo: 43.66 +/- 68.79
LOS: 89.32 %, DrawRatio: 63.27 %, PairsRatio: 1.57
Games: 98, Wins: 17, Losses: 11, Draws: 70, Points: 52.0 (53.06 %)
Ptnml(0-2): [0, 7, 31, 9, 2], WL/DD Ratio: 0.15
LLR: 0.33 (11.0%) (-2.94, 2.94) [0.00, 10.00]
--------------------------------------------------
Started game 103 of 4000 (dev vs base)
Finished game 98 (base vs dev): 1/2-1/2 {Draw by insufficient mating material}
Started game 104 of 4000 (base vs dev)
Finished game 102 (base vs dev): 0-1 {Black wins by adjudication}
Started game 105 of 4000 (dev vs base)
Finished game 101 (dev vs base): 1/2-1/2 {Draw by 3-fold repetition}
Started game 106 of 4000 (base vs dev)
Finished game 105 (dev vs base): 1-0 {White wins by adjudication}
Started game 107 of 4000 (dev vs base)
Finished game 104 (base vs dev): 1/2-1/2 {Draw by 3-fold repetition}
Started game 108 of 4000 (base vs dev)
Warning; Bestmove does not match beginning of last PV - move d5b5 from base
Info; info depth 17 score cp 89 nodes 45841 nps 1348264 time 34 pv d5a5 c3a3 f5g6 c2d1 a5a8 d1d2 g6f6 d2c2 a8a5 c2d3 f6e6 d3e2 e6d6 e2d1 d6e7 d1c1 e7e6
Position; startpos
Moves; d2d4 d7d5 c2c4 c7c6 b1c3 g8f6 g1f3 d5c4 a2a4 c8f5 e2e3 f5d3 f1d3 c4d3 d1d3 e7e6 e3e4 f8e7 e1g1 e8g8 d3e2 d8a5 f1d1 f8d8 c1g5 h7h6 g5h4 b8d7 d1d3 d8e8 f3d2 a5h5 e2h5 f6h5 h4e7 e8e7 d2b3 f7f5 d3e3 f5e4 c3e4 h5f6 e4d6 f6d5 e3e2 d7f8 g2g3 a8d8 d6c4 e7c7 c4e5 d5e7 a1e1 e7f5 e5f3 g7g5 h2h3 d8d5 e2e4 c7e7 g3g4 f5d6 e4e2 d6f7 b3c5 f7d8 e2e3 g8g7 b2b4 b7b6 c5e4 f8g6 e4c3 d5d7 g1h2 e7f7 h2g3 f7f8 c3e4 g6f4 e1c1 d7d5 c1c4 a7a6 c4c2 g7g8 c2c1 g8g7 c1c4 g7h7 a4a5 b6a5 e4c5 a5b4 c4b4 h6h5 g4h5 f4h5 g3g2 h5f4 g2h2 h7h6 b4a4 f4g6 h2g1 f8f5 a4a5 e6e5 d4e5 g6e5 f3e5 d5e5 e3d3 e5c5 a5c5 f5c5 d3d8 h6g6 d8f8 a6a5 g1f1 c5d5 f8h8 d5c5 f1e2 g6g7 h8a8 g7f6 a8h8 a5a4 h8a8 c5c2 e2e3 c2c3 e3d2 c3c4 a8a5 c4h4 d2e2 f6g6 e2d2 h4b4 d2e2 g6h5 a5a8 b4e4 e2d3 e4f4 d3e3 f4h4 e3e2 h4b4 a8a7 b4b2 e2e1 b2a2 a7h7 h5g6 h7c7 a2c2 c7a7 c2c4 a7a5 g6h5 e1e2 h5h4 e2d3 c4b4 d3e2 b4b2 e2f1 b2c2 f1g2 c2c4 a5a6 h4h5 g2f1 c6c5 a6a5 h5h4 f1g2 h4h5 g2f1 h5g6 f1e2 g6f5 e2d3 c4e4 a5c5 e4e5 c5c3 e5a5 c3a3 a5a6 d3c2 f5e4 a3e3 e4f4 e3a3 a6a5 c2d1 f4e4 d1d2 a5d5 d2c1 d5d4 a3g3 e4f5 g3c3 d4d5 c1c2
Finished game 107 (dev vs base): 1-0 {White wins by adjudication}
Started game 109 of 4000 (dev vs base)
Finished game 103 (dev vs base): 1/2-1/2 {Draw by insufficient mating material}
Started game 110 of 4000 (base vs dev)
Finished game 106 (base vs dev): 1/2-1/2 {Draw by 3-fold repetition}
Started game 111 of 4000 (dev vs base)
Finished game 108 (base vs dev): 1-0 {White wins by adjudication}
Started game 112 of 4000 (base vs dev)
Finished game 111 (dev vs base): 1/2-1/2 {Draw by 3-fold repetition}
Started game 113 of 4000 (dev vs base)
Finished game 109 (dev vs base): 0-1 {Black wins by adjudication}
Started game 114 of 4000 (base vs dev)
Finished game 112 (base vs dev): 1/2-1/2 {Draw by 3-fold repetition}
Started game 115 of 4000 (dev vs base)
Finished game 110 (base vs dev): 0-1 {Black wins by adjudication}
Started game 116 of 4000 (base vs dev)
Finished game 113 (dev vs base): 1/2-1/2 {Draw by 3-fold repetition}
Started game 117 of 4000 (dev vs base)
Finished game 114 (base vs dev): 1/2-1/2 {Draw by 3-fold repetition}
Started game 118 of 4000 (base vs dev)
Warning; Bestmove does not match beginning of last PV - move f2f4 from base
Info; info depth 18 score cp 0 nodes 63577 nps 1115385 time 57 pv a6a3 g7g6 g4f4 g6h6 f4g4 c5g5 g4h4 g5h5 h4g4 h5g5
Position; startpos
Moves; d2d4 g8f6 g1f3 e7e6 c1g5 c7c5 e2e3 d8b6 b1d2 b6b2 g5f6 g7f6 f1d3 b2c3 e1g1 d7d5 d3b5 b8c6 e3e4 f8h6 e4d5 e6d5 d4c5 c8g4 b5c6 b7c6 f1e1 e8f8 d2b3 g4f3 d1f3 c3f3 g2f3 h8g8 g1h1 h6f4 a1b1 f4e5 f3f4 e5f4 b3d4 g8g4 h2h3 g4h4 h1g2 f4e5 d4c6 a8c8 c6e5 f6e5 e1e5 c8c5 e5f5 c5c7 b1b8 f8g7 b8d8 h4a4 f5g5 g7h6 g5g3 c7c6 d8d5 a4a2 g3f3 h6g7 c2c4 a2a4 d5d7 c6g6 g2f1 g6f6 f3f6 g7f6 d7c7 a7a5 c7c5 a4a1 f1e2 a5a4 c5a5 a4a3 e2e3 f6g6 e3f4 a3a2 c4c5 a1c1 a5a2 c1c5 a2a6 g6g7 f4g4 f7f6
Finished game 117 (dev vs base): 1/2-1/2 {Draw by 3-fold repetition}
Started game 119 of 4000 (dev vs base)
Finished game 116 (base vs dev): 1/2-1/2 {Draw by 3-fold repetition}
Started game 120 of 4000 (base vs dev)
Finished game 115 (dev vs base): 1-0 {White wins by adjudication}
Started game 121 of 4000 (dev vs base)
Finished game 121 (dev vs base): 1/2-1/2 {Draw by 3-fold repetition}
Started game 122 of 4000 (base vs dev)
Finished game 118 (base vs dev): 1/2-1/2 {Draw by 3-fold repetition}
Started game 123 of 4000 (dev vs base)
Warning; Bestmove does not match beginning of last PV - move f7f6 from dev
Info; info depth 19 score cp 226 nodes 39076 nps 888090 time 44 pv d4c3 g2f2 h6h5 f2f1 c3b4 f1g2 b4c3 d5e4 c3e1 e4d5 e1b4 c1b2 g7f8 b2c1 f8g8 g2f1 b4c3 f1f2 g8g7 f2f1
Position; startpos
Moves; d2d4 g8f6 c2c4 g7g6 g2g3 f8g7 f1g2 e8g8 b1c3 d7d6 g1f3 a7a6 e1g1 b8c6 h2h3 c8f5 d4d5 c6a5 f3d2 c7c5 a2a4 f5d7 e2e4 e7e6 a1a2 f8e8 b2b3 f6d5 c3d5 e6d5 e4d5 b7b5 a4b5 a6b5 g1h2 d8e7 h3h4 e7e2 d1e2 e8e2 g2f3 e2e8 c4b5 d7b5 f1d1 a5b3 a2a8 e8a8 d2b3 b5a4 c1f4 a4b3 d1b1 c5c4 f4d6 a8a1 b1a1 g7a1 d6c5 g8g7 d5d6 b3a4 f3b7 a1f6 b7c8 c4c3 c5e3 a4c6 h2g1 g7f8 d6d7 c3c2 e3c5 f8g7 c5a3 f6d8 a3c1 d8b6 d7d8q b6d8 c8a6 c6f3 a6d3 f3d1 f2f3 d8f6 d3e4 f6d4 g1g2 d4c3 g2f2 c3e5 e4d5 e5d4 f2g2 d4c3 g2f2 c3e5 d5e4 h7h6 e4d5 e5d4 f2g2
Finished game 122 (base vs dev): 1/2-1/2 {Draw by 3-fold repetition}
Started game 124 of 4000 (base vs dev)
Finished game 120 (base vs dev): 1/2-1/2 {Draw by 3-fold repetition}
Started game 125 of 4000 (dev vs base)
Warning; Bestmove does not match beginning of last PV - move c5e6 from dev
Info; info depth 15 score cp -202 nodes 18863 nps 943150 time 20 pv c5e4 h6h7 e1e2 h7g7 e2e1 h3h2 e1f1 g7h7 f3g2 h2h4 g2f3 h7g7 f1e2 g7h8 e2f1 h4h3 f1e1 h8g7
Position; startpos
Moves; d2d4 g8f6 c2c4 g7g6 g2g3 f8g7 f1g2 e8g8 b1c3 d7d6 g1f3 a7a6 e1g1 b8c6 h2h3 c8f5 g3g4 f5d7 c1g5 h7h5 g5f6 g7f6 g4h5 d8c8 g1h2 g8g7 c3e4 f8h8 e4g3 h8h6 e2e3 c8h8 d1b3 c6a5 b3c3 a5c6 a1d1 h6h5 g3h5 h8h5 f3g1 e7e5 f2f4 e5f4 e3f4 a8h8 d1d2 c6e7 g2b7 c7c6 b7a6 c6c5 c3d3 c5d4 a6b7 d6d5 b7d5 e7d5 c4d5 h5d5 d3b3 d5c5 b3f3 d7f5 f1d1 h8h4 f3f2 c5c8 f2g3 c8b8 d2f2 b8d6 b2b3 d4d3 f2f3 d6c5 f3d3 f5d3 d1d3 c5c2 h2h1 c2a2 g3f3 h4h5 d3d5 h5h8 d5d7 h8f8 f3d5 a2f2 f4f5 g6g5 b3b4 f2g3 d5d3 g3f4 b4b5 f6e5 g1f3 f8a8 d3e2 e5f6 h1g2 a8a3 d7d3 f4c4 d3d2 c4c5 f3h2 c5c3 h2f3 c3a5 d2d6 a3a2 d6d2 a2a4 d2d7 a5a8 e2d1 a4a2 d7d2 a2a3 d2d5 a3c3 d5d3 c3c5 b5b6 c5b5 d3d2 a8b7 d1c2 b5b6 c2d3 b6b5 d3d7 b7a6 d7d3 a6c6 d3d7 c6c4 d7d3 c4a4 d2e2 b5b3 d3e4 a4a5 f3h2 a5a3 h2f1 b3h3 e2e3 h3e3 e4e3 a3a2 g2h3 a2c4 f1g3 g5g4 h3g2 c4d5 e3e4 d5d2 g2f1 d2d1 f1g2 g7h6 e4e3 h6h7 e3e4 d1d2 g2f1 d2g5 e4h1 h7g8 h1a8 f6d8 a8e4 g5h4 e4g2 g8g7 g3e4 d8f6 e4f2 g4g3 f2e4 h4f4 f1e2 f6e5 g2f3 f4h4 e2f1 g7h7 f1e2 h4h2 e2f1 h2h3 f1e1 h7g7 e1d1 h3h4 d1e2 h4h2 e2f1 h2h3 f1e1 f7f6 e4c5 g7h6
Finished game 119 (dev vs base): 1/2-1/2 {Draw by 3-fold repetition}
--------------------------------------------------
Results of dev vs base (8+0.08, 1t, 64MB, 8moves_v3.pgn):
Elo: 28.54 +/- 28.92, nElo: 61.27 +/- 61.65
LOS: 97.43 %, DrawRatio: 63.93 %, PairsRatio: 2.14
Games: 122, Wins: 23, Losses: 13, Draws: 86, Points: 66.0 (54.10 %)
Ptnml(0-2): [0, 7, 39, 13, 2], WL/DD Ratio: 0.18
LLR: 0.58 (19.8%) (-2.94, 2.94) [0.00, 10.00]
--------------------------------------------------
Started game 126 of 4000 (base vs dev)
Finished game 123 (dev vs base): 0-1 {Black wins by adjudication}
Started game 127 of 4000 (dev vs base)
Finished game 124 (base vs dev): 1/2-1/2 {Draw by insufficient mating material}
Started game 128 of 4000 (base vs dev)
Finished game 127 (dev vs base): 1/2-1/2 {Draw by 3-fold repetition}
Started game 129 of 4000 (dev vs base)
Finished game 125 (dev vs base): 1/2-1/2 {Draw by 3-fold repetition}
Started game 130 of 4000 (base vs dev)
Finished game 126 (base vs dev): 1/2-1/2 {Draw by 3-fold repetition}
Started game 131 of 4000 (dev vs base)
Finished game 128 (base vs dev): 1/2-1/2 {Draw by adjudication}
Started game 132 of 4000 (base vs dev)
Finished game 129 (dev vs base): 1/2-1/2 {Draw by 3-fold repetition}
Started game 133 of 4000 (dev vs base)
Finished game 131 (dev vs base): 1-0 {White wins by adjudication}
Started game 134 of 4000 (base vs dev)
Finished game 130 (base vs dev): 0-1 {Black wins by adjudication}
Started game 135 of 4000 (dev vs base)
Finished game 133 (dev vs base): 1/2-1/2 {Draw by 3-fold repetition}
Started game 136 of 4000 (base vs dev)
Finished game 132 (base vs dev): 1/2-1/2 {Draw by 3-fold repetition}
Started game 137 of 4000 (dev vs base)
Finished game 134 (base vs dev): 1/2-1/2 {Draw by 3-fold repetition}
Started game 138 of 4000 (base vs dev)
Finished game 135 (dev vs base): 1/2-1/2 {Draw by 3-fold repetition}
Started game 139 of 4000 (dev vs base)
Finished game 138 (base vs dev): 1-0 {White wins by adjudication}
Started game 140 of 4000 (base vs dev)
Finished game 136 (base vs dev): 1-0 {White wins by adjudication}
Started game 141 of 4000 (dev vs base)
Warning; Bestmove does not match beginning of last PV - move b7c7 from base
Info; info depth 13 score cp -129 nodes 28091 nps 540211 time 52 pv h7g8 e1f2 b7c7 a2a8 g8h7 f2e1 c7b7 a8a1 h7g8 e1f1 g8h7 a1a2 b7d7 f1e1 d7c7 a2a5 c7c8
Position; startpos
Moves; e2e4 d7d6 d2d4 g7g6 b1c3 f8g7 c1e3 c7c6 g1e2 b8d7 g2g3 g8f6 f1g2 f6g4 e3c1 e7e5 d4d5 d8c7 h2h3 g4f6 g3g4 h7h5 g4g5 f6g8 a2a4 g8e7 a4a5 e8g8 e1g1 c6d5 e4d5 b7b6 c3e4 e7f5 e2g3 f5h4 a5b6 c7b6 g2h1 d7c5 e4f6 g7f6 g5f6 h4f5 g3h5 b6b4 h5g3 b4h4 h1g2 a8b8 d1d2 a7a6 b2b3 h4f6 b3b4 c5d7 c2c4 f6h4 g3f5 g6f5 d2h6 h4h6 c1h6 f8d8 h6d2 f5f4 a1a5 d7b6 f1c1 f7f6 h3h4 g8f7 d2e1 d8g8 g1h2 g8h8 f2f3 f7g6 g2f1 h8h7 c1d1 h7d7 f1d3 g6h5 e1f2 b6c4 d3c4 b8b4 c4a6 c8a6 a5a6 b4b3 d1g1 b3f3 g1g2 f3d3 a6a8 d7h7 a8f8 h7h6 f8g8 h6h7 f2b6 d3d5 b6d8 h7h6 g8f8 h6g6 f8h8 g6h6 h8h6 h5h6 d8f6 e5e4 g2f2 f4f3 f6g5 h6h5 h2g3 d5d3 f2h2 d3d1 g3f4 d1b1 h2f2 d6d5 f2a2 b1b6 f4g3 b6e6 a2a7 d5d4 a7d7 d4d3 d7d5 h5g6 g5e3 e6e7 d5a5 e7d7 h4h5 g6h7 a5a2 d7d8 a2b2 d8d7 h5h6 h7h8 b2d2 h8h7 d2b2 d7c7 g3g4 c7d7 b2f2 h7g6 g4g3 g6h7 f2a2 d7c7 a2a1 c7b7 a1h1 b7f7 h1c1 f7e7 g3f2 e7b7 f2e1 h7g8 c1a1 g8h7 a1a2
Finished game 139 (dev vs base): 1/2-1/2 {Draw by 3-fold repetition}
Started game 142 of 4000 (base vs dev)
Finished game 137 (dev vs base): 1/2-1/2 {Draw by fifty moves rule}
Started game 143 of 4000 (dev vs base)
Finished game 140 (base vs dev): 1-0 {White wins by adjudication}
--------------------------------------------------
Results of dev vs base (8+0.08, 1t, 64MB, 8moves_v3.pgn):
Elo: 19.88 +/- 28.13, nElo: 40.84 +/- 57.55
LOS: 91.79 %, DrawRatio: 60.00 %, PairsRatio: 1.55
Games: 140, Wins: 25, Losses: 17, Draws: 98, Points: 74.0 (52.86 %)
Ptnml(0-2): [0, 11, 42, 15, 2], WL/DD Ratio: 0.17
LLR: 0.42 (14.4%) (-2.94, 2.94) [0.00, 10.00]
--------------------------------------------------
Started game 144 of 4000 (base vs dev)
Finished game 141 (dev vs base): 1/2-1/2 {Draw by fifty moves rule}
Started game 145 of 4000 (dev vs base)
Finished game 145 (dev vs base): 1/2-1/2 {Draw by 3-fold repetition}
Started game 146 of 4000 (base vs dev)
Finished game 144 (base vs dev): 1/2-1/2 {Draw by 3-fold repetition}
Started game 147 of 4000 (dev vs base)
Finished game 142 (base vs dev): 1/2-1/2 {Draw by insufficient mating material}
Started game 148 of 4000 (base vs dev)
Finished game 147 (dev vs base): 1/2-1/2 {Draw by 3-fold repetition}
Started game 149 of 4000 (dev vs base)
Finished game 143 (dev vs base): 1/2-1/2 {Draw by 3-fold repetition}
Started game 150 of 4000 (base vs dev)
Finished game 149 (dev vs base): 1/2-1/2 {Draw by 3-fold repetition}
Started game 151 of 4000 (dev vs base)
Finished game 148 (base vs dev): 0-1 {Black wins by adjudication}
Started game 152 of 4000 (base vs dev)
Finished game 146 (base vs dev): 1/2-1/2 {Draw by 3-fold repetition}
Started game 153 of 4000 (dev vs base)
Warning; Bestmove does not match beginning of last PV - move e5d5 from base
Info; info depth 17 score cp 88 nodes 17349 nps 867450 time 20 pv h5g6 d3e2 g6e4 g1f3 e5d6 b4b5 d6d5 f3e1 d5d6 e1f3 d6d5 f3e1 d5e5 e1f3 e5d6 b5b6 e4b7 f3e1 d6e5 e1f3 e5d5 f3e1 d5e4
Position; startpos
Moves; e2e4 c7c5 g1f3 d7d6 d2d4 c5d4 f3d4 g8f6 b1c3 a7a6 c1g5 e7e6 f2f4 d8b6 a2a3 b8c6 d4b3 b6e3 d1e2 e3e2 f1e2 f8e7 e1c1 b7b5 h1e1 c8b7 g5h4 f6d7 h4e7 e8e7 e2f3 a8c8 c3d5 e7e8 d5e3 e8e7 c1b1 h8d8 h2h4 b7a8 d1d2 d7c5 h4h5 c5b3 c2b3 c6a5 b1a2 g7g6 e1h1 d8g8 e3g4 g8d8 g4e3 d8g8 h1e1 a8b7 f4f5 g8h8 b3b4 a5c6 e1d1 h8d8 h5g6 h7g6 f5e6 f7e6 e3g4 e6e5 g4e3 c6d4 d2d3 d8f8 d1f1 b7c6 d3c3 c6d7 e3d5 e7e8 d5b6 d7e6 a2b1 c8c3 b2c3 d4f3 f1f3 f8f4 f3f4 e5f4 b1c2 g6g5 c2d3 e8e7 c3c4 g5g4 c4b5 a6b5 a3a4 g4g3 d3e2 b5a4 b6a4 e6g4 e2f1 g4e6 f1e2 e7f6 a4c3 e6g4 e2d3 f6e5 c3e2 g4h5 e2g1 d6d5 e4d5
Finished game 151 (dev vs base): 1/2-1/2 {Draw by 3-fold repetition}
Started game 154 of 4000 (base vs dev)
Finished game 150 (base vs dev): 1/2-1/2 {Draw by 3-fold repetition}
Started game 155 of 4000 (dev vs base)
Finished game 152 (base vs dev): 1/2-1/2 {Draw by 3-fold repetition}
Started game 156 of 4000 (base vs dev)
Finished game 153 (dev vs base): 1/2-1/2 {Draw by 3-fold repetition}
Started game 157 of 4000 (dev vs base)
Finished game 154 (base vs dev): 1/2-1/2 {Draw by 3-fold repetition}
Started game 158 of 4000 (base vs dev)
Finished game 156 (base vs dev): 1/2-1/2 {Draw by 3-fold repetition}
Started game 159 of 4000 (dev vs base)
Warning; Bestmove does not match beginning of last PV - move d5d4 from dev
Info; info depth 25 score cp 408 nodes 98544 nps 1824888 time 54 pv d5f5 f4d2 f5b5 d2f4 b5b6 h2g1 b6b1 g1h2 b1b5 h2g1 b5b6 g1h2 b6b7 h2g1 b7b2 g1h1 b2b4 f4e5 b4b7 h1g1 b7f7 e5b2 f7c7 b2a3 c7c6 g1h2 c6h6 h2g1 h6b6
Position; startpos
Moves; e2e4 c7c5 g1f3 g7g6 d2d4 f8g7 b1c3 c5d4 f3d4 b8c6 c1e3 g8f6 f1c4 e8g8 c4b3 d8a5 e1g1 d7d6 h2h3 c8d7 f1e1 f8c8 f2f4 a8b8 d4f3 a7a6 c3d5 f6d5 e4d5 c6d8 e3a7 g7f6 a7b8 c8b8 c2c3 b7b5 f3g5 a5b6 g1h1 d8b7 g5e4 f6g7 b3c2 b8e8 d1d2 b7c5 e1e2 c5e4 e2e4 b6c5 a1e1 g7f6 g2g4 f6h4 e1d1 e8c8 e4e2 a6a5 d2e3 c5e3 e2e3 b5b4 h1g2 h7h6 d1d2 c8b8 c3c4 h4f6 b2b3 b8a8 d2e2 g8f8 g2f3 a8a7 f3g3 a7c7 g3g2 c7a7 g2f3 a7b7 e3e4 b7a7 f3f2 g6g5 f2f1 f8g7 f4g5 h6g5 e4e3 g7f8 f1g2 f8g7 g2f3 a7a8 f3g3 a8a7 g3g2 a5a4 b3a4 d7a4 c2a4 a7a4 g2f3 f6e5 c4c5 e5d4 c5d6 e7d6 e3b3 d4c3 f3e4 g7g6 e2g2 a4a5 g2c2 a5c5 a2a3 c5c4 e4d3 c4d4 d3e2 d4e4 e2f3 e4f4 f3g2 f4d4 c2f2 c3e1 f2e2 e1c3 e2e7 g6f6 e7d7 f6e5 a3b4 c3b4 b3f3 d4d5 d7f7 e5d4 f3f2 d5e5 f2a2 d6d5 f7f3 d4c4 a2c2 c4d4 c2f2 b4e1 f2a2 e1b4 g2f2 b4e1 f2f1 e1b4 a2e2 e5e2 f1e2 d4e4 f3e3 e4f4 e3b3 b4d6 e2d3 d6e5 b3b5 f4g3 b5d5 e5f4 d3e4 g3h3 e4f3 h3h2
Finished game 155 (dev vs base): 1-0 {White wins by adjudication}
Started game 160 of 4000 (base vs dev)
Finished game 157 (dev vs base): 1/2-1/2 {Draw by 3-fold repetition}
Started game 161 of 4000 (dev vs base)
Finished game 158 (base vs dev): 1/2-1/2 {Draw by 3-fold repetition}
Started game 162 of 4000 (base vs dev)
Finished game 161 (dev vs base): 1/2-1/2 {Draw by 3-fold repetition}
Started game 163 of 4000 (dev vs base)
Finished game 159 (dev vs base): 1/2-1/2 {Draw by fifty moves rule}
Started game 164 of 4000 (base vs dev)
Finished game 160 (base vs dev): 0-1 {Black wins by adjudication}
--------------------------------------------------
Results of dev vs base (8+0.08, 1t, 64MB, 8moves_v3.pgn):
Elo: 23.92 +/- 25.52, nElo: 50.72 +/- 53.83
LOS: 96.76 %, DrawRatio: 61.25 %, PairsRatio: 1.82
Games: 160, Wins: 28, Losses: 17, Draws: 115, Points: 85.5 (53.44 %)
Ptnml(0-2): [0, 11, 49, 18, 2], WL/DD Ratio: 0.14
LLR: 0.61 (20.9%) (-2.94, 2.94) [0.00, 10.00]
--------------------------------------------------
Started game 165 of 4000 (dev vs base)
Finished game 162 (base vs dev): 1-0 {White wins by adjudication}
Started game 166 of 4000 (base vs dev)
Finished game 164 (base vs dev): 1/2-1/2 {Draw by 3-fold repetition}
Started game 167 of 4000 (dev vs base)
Finished game 163 (dev vs base): 1-0 {White wins by adjudication}
Started game 168 of 4000 (base vs dev)
Warning; Bestmove does not match beginning of last PV - move h7h6 from dev
Info; info depth 12 score cp 73 nodes 9903 nps 176839 time 56 pv a8a6 e2e4 h7h6 h4f5 e8a8 f5e3 g8h7 d2d1 f6e8 g2g1 e8c7 h2h4 c7e6
Position; startpos
Moves; g1f3 g8f6 g2g3 b7b5 f1g2 c8b7 b1a3 a7a6 c2c4 e7e5 c4b5 f8a3 b2a3 a6b5 d1b3 e8g8 e1g1 f8e8 d2d3 b7c6 c1b2 d7d6 f1c1 c6d5 b3b5 c7c6 b5b4 c6c5 b4d2 b8c6 f3h4 d5g2 g1g2 d8d7 a1b1
Finished game 167 (dev vs base): 0-1 {Black wins by adjudication}
Started game 169 of 4000 (dev vs base)
Finished game 165 (dev vs base): 1/2-1/2 {Draw by 3-fold repetition}
Started game 170 of 4000 (base vs dev)
Finished game 166 (base vs dev): 1/2-1/2 {Draw by 3-fold repetition}
Started game 171 of 4000 (dev vs base)
Finished game 168 (base vs dev): 1/2-1/2 {Draw by 3-fold repetition}
Started game 172 of 4000 (base vs dev)
Finished game 170 (base vs dev): 1-0 {White wins by adjudication}
Started game 173 of 4000 (dev vs base)
Finished game 171 (dev vs base): 0-1 {Black wins by adjudication}
Started game 174 of 4000 (base vs dev)
Finished game 169 (dev vs base): 1/2-1/2 {Draw by fifty moves rule}
Started game 175 of 4000 (dev vs base)
Finished game 173 (dev vs base): 1-0 {White wins by adjudication}
Started game 176 of 4000 (base vs dev)
Finished game 172 (base vs dev): 1/2-1/2 {Draw by 3-fold repetition}
Started game 177 of 4000 (dev vs base)
Finished game 174 (base vs dev): 1/2-1/2 {Draw by 3-fold repetition}
Started game 178 of 4000 (base vs dev)
Finished game 177 (dev vs base): 1/2-1/2 {Draw by 3-fold repetition}
Started game 179 of 4000 (dev vs base)
Finished game 175 (dev vs base): 1/2-1/2 {Draw by 3-fold repetition}
Started game 180 of 4000 (base vs dev)
Finished game 176 (base vs dev): 0-1 {Black wins by adjudication}
Started game 181 of 4000 (dev vs base)
Finished game 178 (base vs dev): 1-0 {White wins by adjudication}
Started game 182 of 4000 (base vs dev)
Finished game 179 (dev vs base): 0-1 {Black wins by adjudication}
Started game 183 of 4000 (dev vs base)
Finished game 180 (base vs dev): 1/2-1/2 {Draw by 3-fold repetition}
--------------------------------------------------
Results of dev vs base (8+0.08, 1t, 64MB, 8moves_v3.pgn):
Elo: 15.45 +/- 25.56, nElo: 30.78 +/- 50.76
LOS: 88.27 %, DrawRatio: 55.56 %, PairsRatio: 1.35
Games: 180, Wins: 31, Losses: 23, Draws: 126, Points: 94.0 (52.22 %)
Ptnml(0-2): [0, 17, 50, 21, 2], WL/DD Ratio: 0.14
LLR: 0.39 (13.2%) (-2.94, 2.94) [0.00, 10.00]
--------------------------------------------------
Started game 184 of 4000 (base vs dev)
Finished game 182 (base vs dev): 1/2-1/2 {Draw by 3-fold repetition}
Started game 185 of 4000 (dev vs base)
Finished game 181 (dev vs base): 1/2-1/2 {Draw by 3-fold repetition}
Started game 186 of 4000 (base vs dev)
Warning; Bestmove does not match beginning of last PV - move h2h3 from base
Info; info depth 13 score cp -13 nodes 7820 nps 651666 time 12 pv c4c2 a6a7 c2a2 d5b4 c1b1 b5a5 a2a5 a7a5 d2b4 c5b4 b1b4 d6e5 b4c4 a5a1 f1g2 e5f6 c4c5 f6g6
Position; startpos
Moves; c2c4 e7e5 b1c3 f8b4 d1c2 g8f6 g1f3 b4c3 c2c3 e5e4 c3e5 d8e7 e5e7 e8e7 f3d4 d7d5 d2d3 d5c4 d3c4 h8d8 d4c2 a7a5 g2g3 c8e6 b2b3 b8a6 a2a4 a6b4 c2b4 a5b4 c1e3 b7b5 e3c5 e7e8 c5b4 b5a4 b3a4 e6c4 b4c3 a8a6 f1g2 f6d5 c3g7 f7f5 e1g1 c4e2 f1c1 e8f7 g7d4 d8b8 a4a5 b8b4 d4c3 b4b5 c3d2 c7c5 g2f1 e2f1 g1f1 f7e6 a1a4 h7h5 a4c4 e6d6
Finished game 184 (base vs dev): 1/2-1/2 {Draw by adjudication}
Started game 187 of 4000 (dev vs base)
Finished game 185 (dev vs base): 1/2-1/2 {Draw by 3-fold repetition}
Started game 188 of 4000 (base vs dev)
Finished game 186 (base vs dev): 1/2-1/2 {Draw by adjudication}
Started game 189 of 4000 (dev vs base)
Finished game 183 (dev vs base): 1/2-1/2 {Draw by fifty moves rule}
Started game 190 of 4000 (base vs dev)
Finished game 189 (dev vs base): 1/2-1/2 {Draw by 3-fold repetition}
Started game 191 of 4000 (dev vs base)
Finished game 187 (dev vs base): 1-0 {White wins by adjudication}
Started game 192 of 4000 (base vs dev)
Finished game 190 (base vs dev): 1/2-1/2 {Draw by 3-fold repetition}
Started game 193 of 4000 (dev vs base)
Finished game 191 (dev vs base): 1/2-1/2 {Draw by 3-fold repetition}
Started game 194 of 4000 (base vs dev)
Finished game 192 (base vs dev): 1/2-1/2 {Draw by 3-fold repetition}
Started game 195 of 4000 (dev vs base)
Finished game 188 (base vs dev): 1/2-1/2 {Draw by insufficient mating material}
Started game 196 of 4000 (base vs dev)
Finished game 195 (dev vs base): 1-0 {White wins by adjudication}
Started game 197 of 4000 (dev vs base)
Finished game 194 (base vs dev): 0-1 {Black wins by adjudication}
Started game 198 of 4000 (base vs dev)
Finished game 196 (base vs dev): 1/2-1/2 {Draw by 3-fold repetition}
Started game 199 of 4000 (dev vs base)
Finished game 199 (dev vs base): 1/2-1/2 {Draw by 3-fold repetition}
Started game 200 of 4000 (base vs dev)
Finished game 197 (dev vs base): 1/2-1/2 {Draw by 3-fold repetition}
Started game 201 of 4000 (dev vs base)
Finished game 193 (dev vs base): 1/2-1/2 {Draw by 3-fold repetition}
Started game 202 of 4000 (base vs dev)
Finished game 200 (base vs dev): 0-1 {Black wins by adjudication}
--------------------------------------------------
Results of dev vs base (8+0.08, 1t, 64MB, 8moves_v3.pgn):
Elo: 21.08 +/- 24.09, nElo: 42.53 +/- 48.39
LOS: 95.75 %, DrawRatio: 55.56 %, PairsRatio: 1.59
Games: 198, Wins: 35, Losses: 23, Draws: 140, Points: 105.0 (53.03 %)
Ptnml(0-2): [0, 17, 55, 25, 2], WL/DD Ratio: 0.12
LLR: 0.62 (21.1%) (-2.94, 2.94) [0.00, 10.00]
--------------------------------------------------
Started game 203 of 4000 (dev vs base)
Finished game 198 (base vs dev): 1/2-1/2 {Draw by 3-fold repetition}
Started game 204 of 4000 (base vs dev)
Finished game 202 (base vs dev): 1/2-1/2 {Draw by 3-fold repetition}
Started game 205 of 4000 (dev vs base)
Finished game 201 (dev vs base): 1/2-1/2 {Draw by 3-fold repetition}
Started game 206 of 4000 (base vs dev)
Finished game 204 (base vs dev): 1-0 {White wins by adjudication}
Started game 207 of 4000 (dev vs base)
Finished game 203 (dev vs base): 0-1 {Black wins by adjudication}
Started game 208 of 4000 (base vs dev)
Finished game 206 (base vs dev): 1/2-1/2 {Draw by 3-fold repetition}
Started game 209 of 4000 (dev vs base)
Finished game 207 (dev vs base): 1-0 {White wins by adjudication}
Started game 210 of 4000 (base vs dev)
Finished game 205 (dev vs base): 1/2-1/2 {Draw by 3-fold repetition}
Started game 211 of 4000 (dev vs base)
Finished game 208 (base vs dev): 1/2-1/2 {Draw by insufficient mating material}
Started game 212 of 4000 (base vs dev)
Finished game 209 (dev vs base): 1-0 {White wins by adjudication}
Started game 213 of 4000 (dev vs base)
Finished game 210 (base vs dev): 1/2-1/2 {Draw by 3-fold repetition}
Started game 214 of 4000 (base vs dev)
Finished game 212 (base vs dev): 1-0 {White wins by adjudication}
Started game 215 of 4000 (dev vs base)
Finished game 214 (base vs dev): 1/2-1/2 {Draw by 3-fold repetition}
Started game 216 of 4000 (base vs dev)
Finished game 211 (dev vs base): 1/2-1/2 {Draw by fifty moves rule}
Started game 217 of 4000 (dev vs base)
Finished game 213 (dev vs base): 1/2-1/2 {Draw by 3-fold repetition}
Started game 218 of 4000 (base vs dev)
Finished game 216 (base vs dev): 1-0 {White wins by adjudication}
Started game 219 of 4000 (dev vs base)
Warning; Bestmove does not match beginning of last PV - move f5e6 from base
Info; info depth 11 score cp -36 nodes 20053 nps 308507 time 65 pv b6e6 e3f4 e6f6 c5e5 f5b1 f4e3 b1a2 c3a2 b2a2 c1c4 a2b2 c4a4 g7h6 e3f2 b2b6 a4a3 f6e6
Position; startpos
Moves; g1f3 g8f6 g2g3 g7g6 f1g2 f8g7 e1g1 e8g8 c2c4 d7d6 d2d4 b8d7 b1c3 e7e5 d1c2 d8e7 b2b3 e5d4 f3d4 c7c6 c1b2 d7c5 b3b4 c5e6 d4b3 e6g5 c2d2 f6e4 c3e4 g5e4 d2c2 g7b2 c2b2 f8e8 f1e1 c6c5 b4c5 d6c5 g2e4 e7e4 b3c5 e4e5 b2b4 b7b6 c5d3 e5e4 c4c5 e4b4 d3b4 b6c5 b4d5 e8d8 d5f6 g8g7 f6e4 c5c4 f2f3 c8e6 e4c3 a8b8 g1f2 g7f6 f2e3 h7h6 a1b1 f6e5 e1d1 d8e8 b1c1 h6h5 d1d4 b8b2 d4e4 e5d6 h2h4 e8b8 e4d4 d6e5 d4e4 e5f6 e3f4 f6g7 e4e5 a7a6 e5c5 b8b6 f4e4 e6f5 e4e3
Finished game 215 (dev vs base): 1-0 {White wins by adjudication}
Started game 220 of 4000 (base vs dev)
Finished game 218 (base vs dev): 1/2-1/2 {Draw by 3-fold repetition}
Started game 221 of 4000 (dev vs base)
Finished game 219 (dev vs base): 1/2-1/2 {Draw by 3-fold repetition}
Started game 222 of 4000 (base vs dev)
Finished game 220 (base vs dev): 1-0 {White wins by adjudication}
--------------------------------------------------
Results of dev vs base (8+0.08, 1t, 64MB, 8moves_v3.pgn):
Elo: 15.95 +/- 23.69, nElo: 31.15 +/- 46.12
LOS: 90.72 %, DrawRatio: 55.05 %, PairsRatio: 1.45
Games: 218, Wins: 38, Losses: 28, Draws: 152, Points: 114.0 (52.29 %)
Ptnml(0-2): [1, 19, 60, 27, 2], WL/DD Ratio: 0.13
LLR: 0.47 (15.9%) (-2.94, 2.94) [0.00, 10.00]
--------------------------------------------------
Started game 223 of 4000 (dev vs base)
Finished game 217 (dev vs base): 1/2-1/2 {Draw by 3-fold repetition}
Started game 224 of 4000 (base vs dev)
Finished game 222 (base vs dev): 1/2-1/2 {Draw by 3-fold repetition}
Started game 225 of 4000 (dev vs base)
Finished game 221 (dev vs base): 1/2-1/2 {Draw by 3-fold repetition}
Started game 226 of 4000 (base vs dev)
Finished game 223 (dev vs base): 1-0 {White wins by adjudication}
Started game 227 of 4000 (dev vs base)
Finished game 224 (base vs dev): 1/2-1/2 {Draw by 3-fold repetition}
Started game 228 of 4000 (base vs dev)
Finished game 225 (dev vs base): 1/2-1/2 {Draw by 3-fold repetition}
Started game 229 of 4000 (dev vs base)
Finished game 226 (base vs dev): 1/2-1/2 {Draw by 3-fold repetition}
Started game 230 of 4000 (base vs dev)
Finished game 227 (dev vs base): 1/2-1/2 {Draw by 3-fold repetition}
Started game 231 of 4000 (dev vs base)
Finished game 230 (base vs dev): 1-0 {White wins by adjudication}
Started game 232 of 4000 (base vs dev)
Warning; Bestmove does not match beginning of last PV - move a2a4 from dev
Info; info depth 10 score cp 360 nodes 13504 nps 228881 time 59 pv h7h8 e8e7 a2a4 b5c4 c1b2 b7b5 e3f2 e6e5 f2h4 e7e6 f4f5 g6f5 h8h6 e6f7 d2d7 f7e8
Position; startpos
Moves; e2e4 c7c5 g1f3 d7d6 d2d4 c5d4 f3d4 g8f6 b1c3 a7a6 f1e2 g7g6 c1e3 f8g7 d1d2 e8g8 h2h4 f6g4 e2g4 c8g4 f2f3 g4e6 h4h5 b8c6 h5g6 h7g6 e1c1 d8a5 c1b1 f8c8 d4e6 f7e6 f3f4 g7c3 b2c3 c8f8 g2g4 g8f7 e4e5 a5b5 b1a1 a8d8 h1h7 f7e8 e5d6 d8d7 d6e7 d7d2 e7f8r e8f8 d1d2 b5f1 a1b2 f1b5 b2c1 f8e8
Warning; Bestmove does not match beginning of last PV - move e2g4 from base
Info; info depth 13 score cp 0 nodes 4067 nps 214052 time 19 pv f2g3 a1g1
Position; startpos
Moves; d2d4 g8f6 g1f3 g7g6 b1d2 c7c5 e2e3 b7b6 f1d3 c8b7 e1g1 f8g7 c2c3 e8g8 e3e4 d7d6 f1e1 c5d4 c3d4 b8d7 b2b4 e7e5 c1b2 e5d4 b2d4 d7e5 d3f1 f8e8 a1c1 e8e6 h2h3 e5f3 d1f3 d8e7 f3c3 b7e4 d2e4 e6e4 g2g3 a8e8 d4f6 e7f6 e1e4 e8e4 c3c6 d6d5 c6a8 g7f8 a2a3 f6e7 g1g2 e4d4 c1c8 d4d2 c8e8 e7d6 a8a7 d6f6 f1e2 g8g7 e8e3 d5d4 e3f3 f6e7 a7e7 f8e7 g2f1 f7f5 f3d3 d2a2 f2f4 a2a1 f1f2 g7f7 h3h4 f7g7 f2f3 g7h6 f3f2 h6g7 h4h5 g7h6 h5g6 h7g6 g3g4 f5g4 f2g3 a1g1 g3f2 g1a1
Finished game 228 (base vs dev): 1/2-1/2 {Draw by 3-fold repetition}
Started game 233 of 4000 (dev vs base)
Finished game 232 (base vs dev): 1/2-1/2 {Draw by 3-fold repetition}
Started game 234 of 4000 (base vs dev)
Finished game 229 (dev vs base): 1/2-1/2 {Draw by 3-fold repetition}
Started game 235 of 4000 (dev vs base)
Finished game 231 (dev vs base): 1/2-1/2 {Draw by adjudication}
Started game 236 of 4000 (base vs dev)
Finished game 234 (base vs dev): 1/2-1/2 {Draw by 3-fold repetition}
Started game 237 of 4000 (dev vs base)
Finished game 235 (dev vs base): 1/2-1/2 {Draw by 3-fold repetition}
Started game 238 of 4000 (base vs dev)
Finished game 233 (dev vs base): 0-1 {Black wins by adjudication}
Started game 239 of 4000 (dev vs base)
Finished game 236 (base vs dev): 1/2-1/2 {Draw by 3-fold repetition}
Started game 240 of 4000 (base vs dev)
Warning; Bestmove does not match beginning of last PV - move e1b1 from dev
Info; info depth 13 score cp 0 nodes 7258 nps 161288 time 45 pv e1d1
Position; startpos
Moves; d2d4 d7d5 c2c4 c7c6 g1f3 g8f6 e2e3 c8f5 f1d3 e7e6 e1g1 f8d6 b1c3 f5g6 f3e5 d5c4 d3c4 b8d7 e5g6 h7g6 h2h3 b7b5 c4d3 e8g8 e3e4 e6e5 d4d5 b5b4 d5c6 b4c3 c6d7 c3b2 c1b2 d8d7 a1c1 a8b8 c1c2 f8c8 b2a1 g8h7 d1e2 c8c2 d3c2 d7c7 c2d3 d6c5 d3c2 b8b4 g2g3 c5b6 g1g2 b4c4 c2d3 c4a4 f1d1 c7b7 d1e1 b7c7
Finished game 237 (dev vs base): 1-0 {White wins by adjudication}
Started game 241 of 4000 (dev vs base)
Finished game 240 (base vs dev): 1/2-1/2 {Draw by 3-fold repetition}
Started game 242 of 4000 (base vs dev)
Finished game 238 (base vs dev): 1/2-1/2 {Draw by 3-fold repetition}
Started game 243 of 4000 (dev vs base)
Finished game 239 (dev vs base): 1-0 {White wins by adjudication}
--------------------------------------------------
Results of dev vs base (8+0.08, 1t, 64MB, 8moves_v3.pgn):
Elo: 15.94 +/- 22.42, nElo: 31.33 +/- 43.96
LOS: 91.88 %, DrawRatio: 55.00 %, PairsRatio: 1.45
Games: 240, Wins: 41, Losses: 30, Draws: 169, Points: 125.5 (52.29 %)
Ptnml(0-2): [1, 21, 66, 30, 2], WL/DD Ratio: 0.12
LLR: 0.52 (17.6%) (-2.94, 2.94) [0.00, 10.00]
--------------------------------------------------
Started game 244 of 4000 (base vs dev)
Finished game 242 (base vs dev): 1/2-1/2 {Draw by 3-fold repetition}
Started game 245 of 4000 (dev vs base)
Finished game 243 (dev vs base): 0-1 {Black wins by adjudication}
Started game 246 of 4000 (base vs dev)
Finished game 244 (base vs dev): 1-0 {White wins by adjudication}
Started game 247 of 4000 (dev vs base)
Finished game 241 (dev vs base): 1/2-1/2 {Draw by 3-fold repetition}
Started game 248 of 4000 (base vs dev)
Finished game 247 (dev vs base): 1/2-1/2 {Draw by 3-fold repetition}
Started game 249 of 4000 (dev vs base)
Finished game 246 (base vs dev): 1/2-1/2 {Draw by 3-fold repetition}
Started game 250 of 4000 (base vs dev)
Finished game 245 (dev vs base): 0-1 {Black wins by adjudication}
Started game 251 of 4000 (dev vs base)
Finished game 250 (base vs dev): 1/2-1/2 {Draw by 3-fold repetition}
Started game 252 of 4000 (base vs dev)
Warning; Bestmove does not match beginning of last PV - move c7f4 from base
Info; info depth 19 score cp 0 nodes 10756 nps 336125 time 32 pv c4b3
Position; startpos
Moves; g1f3 d7d5 b2b3 c7c5 c1b2 f7f6 d2d4 c5d4 d1d4 e7e5 d4d2 b8c6 e2e3 f8b4 c2c3 b4a5 f1e2 g8e7 e1g1 e8g8 b3b4 a5c7 c3c4 d5c4 e2c4 g8h8 b4b5 e5e4 d2d8 f8d8 f3d4 c6d4 b2d4 e7f5 d4c3 f5d6 c4e2 h7h5 f1c1 c8g4 e2f1 a8c8 b1d2 h5h4 a2a4 c7b8 d2b3 h8g8 c3b4 c8c1 a1c1 d8c8 c1c8 g4c8 a4a5 g8f7 b3d4 d6f5 f1c4 f7g6 b4c5 f5d4 e3d4 b8c7 b5b6 a7b6 a5b6 c7f4 g2g3 h4g3 h2g3 f4d2 g1f1 f6f5 c4d5 g6f6 f1e2 d2a5 g3g4 g7g6 e2e3 f6g5 g4f5 g6f5 c5e7 g5g6 e7d8 a5b4 f2f3 e4f3 e3f3 b4d6 f3e3 g6g7 d8g5 g7g6 g5f4 d6a3 f4c7 g6g5 c7d8 g5h5 e3f3 h5h6 d8f6 h6g6 f6e5 a3e7 e5c7 g6g5 f3e2 e7b4 e2d3 b4a3 d5f3 g5f6 c7e5 f6e7 d3c4 a3c1 e5c7 c8e6 c4b4 e6c8 b4b3 e7f6 f3h1 f6e6 h1g2 e6f6 b3b4 f6e6 g2h1 c1d2 b4c4 d2c1 h1d5 e6e7 c4b4 e7d7 d5h1 d7e6 h1g2 c1b2 b4c4 b2a3 c7f4 e6f6 g2f3 a3f8 f4e5 f6f7 e5c7 f7e6 f3d5 e6e7 c4b5 e7d7 d5f3 f8a3 c7f4 d7e6 f4g3 e6f6 b5c4 f6e6 f3d5 e6e7 d5h1 e7e6 g3f4 e6f6 f4e5 f6f7 h1g2 f7e6 e5h2 a3c1 g2d5 e6e7 d5f3 e7e6 f3g2 c1a3 h2e5 a3f8 e5g3 f8a3 c4b3 a3f8 d4d5 e6d7 g2h3 d7e8 g3c7 f8c5 b3c4 c5a3 c4b3 a3c5 b3c4 c5a3
Finished game 249 (dev vs base): 0-1 {Black wins by adjudication}
Started game 253 of 4000 (dev vs base)
Finished game 248 (base vs dev): 1/2-1/2 {Draw by 3-fold repetition}
Started game 254 of 4000 (base vs dev)
Finished game 252 (base vs dev): 1-0 {White wins by adjudication}
Started game 255 of 4000 (dev vs base)
Finished game 254 (base vs dev): 1/2-1/2 {Draw by 3-fold repetition}
Started game 256 of 4000 (base vs dev)
Finished game 251 (dev vs base): 1/2-1/2 {Draw by fifty moves rule}
Started game 257 of 4000 (dev vs base)
Finished game 253 (dev vs base): 1/2-1/2 {Draw by insufficient mating material}
Started game 258 of 4000 (base vs dev)
Finished game 255 (dev vs base): 1-0 {White wins by adjudication}
Started game 259 of 4000 (dev vs base)
Finished game 256 (base vs dev): 1-0 {White wins by adjudication}
Started game 260 of 4000 (base vs dev)
Finished game 257 (dev vs base): 1-0 {White wins by adjudication}
Started game 261 of 4000 (dev vs base)
Finished game 258 (base vs dev): 1/2-1/2 {Draw by 3-fold repetition}
Started game 262 of 4000 (base vs dev)
Finished game 261 (dev vs base): 1/2-1/2 {Draw by 3-fold repetition}
Started game 263 of 4000 (dev vs base)
Finished game 260 (base vs dev): 1/2-1/2 {Draw by 3-fold repetition}
Started game 264 of 4000 (base vs dev)
Finished game 262 (base vs dev): 1/2-1/2 {Draw by 3-fold repetition}
Started game 265 of 4000 (dev vs base)
Finished game 259 (dev vs base): 1/2-1/2 {Draw by fifty moves rule}
--------------------------------------------------
Results of dev vs base (8+0.08, 1t, 64MB, 8moves_v3.pgn):
Elo: 9.28 +/- 21.89, nElo: 17.88 +/- 42.07
LOS: 79.76 %, DrawRatio: 54.96 %, PairsRatio: 1.27
Games: 262, Wins: 43, Losses: 36, Draws: 183, Points: 134.5 (51.34 %)
Ptnml(0-2): [2, 24, 72, 31, 2], WL/DD Ratio: 0.12
LLR: 0.28 (9.4%) (-2.94, 2.94) [0.00, 10.00]
--------------------------------------------------
Started game 266 of 4000 (base vs dev)
Finished game 265 (dev vs base): 0-1 {Black wins by adjudication}
Started game 267 of 4000 (dev vs base)
Finished game 266 (base vs dev): 1/2-1/2 {Draw by 3-fold repetition}
Started game 268 of 4000 (base vs dev)
Warning; Bestmove does not match beginning of last PV - move e2c1 from base
Info; info depth 22 score cp -44 nodes 33996 nps 1172275 time 29 pv e2g1 d3b3 g1e2 b3f3 f2e1 f3d3 e1f2 d3a3 e2d4 a3h3 d4e2 g4f5 e2g1 h3a3 g1e2 f5e6 e2c1 e6d6 c1e2 d6e7 e2g3 e7f6
Position; startpos
Moves; e2e4 e7e6 d2d4 d7d5 b1c3 g8f6 c1g5 d5e4 c3e4 f8e7 g5f6 g7f6 g1f3 b7b6 f1b5 c7c6 b5d3 f6f5 e4c3 b8d7 d1e2 c8b7 a2a3 b6b5 e1g1 d8c7 f1e1 d7f6 d4d5 f6d5 c3d5 c6d5 f3d4 e8c8 d3f5 c8b8 d4b5 c7f4 f5d3 a7a6 b5c3 b8a7 b2b4 e7f6 c3a4 f6a1 e1a1 e6e5 e2e1 e5e4 d3f1 d8d6 a1d1 h8c8 g2g3 f4e5 c2c3 a7b8 a4c5 f7f5 a3a4 h7h5 e1e3 h5h4 f1e2 c8g8 g1f1 h4g3 h2g3 g8h8 b4b5 h8h1 f1g2 h1d1 e2d1 d5d4 c3d4 e5d4 e3d4 d6d4 c5b7 d4d1 b7a5 d1d2 g2f1 d2c2 b5a6 c2c1 f1e2 c1c5 a5b3 c5d5 b3d2 d5d4 f2f3 e4f3 d2f3 d4e4 e2f2 b8a7 f3h4 e4e5 f2f3 e5c5 a4a5 c5c4 h4f5 c4a4 g3g4 a4g4 f5d6 g4b4 d6c8 a7a6 c8e7 b4f4 f3g3 f4e4 e7d5 a6a5 g3f3 e4e5 d5e3 a5b4 e3g2 b4c5 g2f4 c5d6 f4e2 d6d5 e2g3 e5e7 f3f4 e7e1 f4f3 d5e5 g3e2 e1b1 e2g3 b1b3 f3f2 e5f4 g3e2 f4e4 e2g3 e4d3 f2f3 d3d4 f3f4 b3b4 g3e2 d4d3 f4f3 b4b7 e2f4 d3d4 f4e2 d4e5 e2g3 b7b1 f3e3 b1b2 e3f3 b2b7 f3e3 b7b4 e3f3 b4b5 f3e3 b5b8 e3f3 b8a8 g3e2 a8a3 f3f2 e5e4 e2g3 e4d4 g3f5 d4e5 f5g3 a3d3 g3e2 e5e4 e2g3 e4d5 g3e2 d3a3 e2g3 d5e6 g3f1 e6f5 f1g3 f5g4 g3e2 a3d3
Finished game 263 (dev vs base): 1/2-1/2 {Draw by 3-fold repetition}
Started game 269 of 4000 (dev vs base)
Finished game 264 (base vs dev): 1/2-1/2 {Draw by fifty moves rule}
Started game 270 of 4000 (base vs dev)
Finished game 268 (base vs dev): 1/2-1/2 {Draw by 3-fold repetition}
Started game 271 of 4000 (dev vs base)
Finished game 267 (dev vs base): 1/2-1/2 {Draw by 3-fold repetition}
Started game 272 of 4000 (base vs dev)
Finished game 270 (base vs dev): 1/2-1/2 {Draw by 3-fold repetition}
Started game 273 of 4000 (dev vs base)
Finished game 272 (base vs dev): 1-0 {White wins by adjudication}
Started game 274 of 4000 (base vs dev)
Finished game 269 (dev vs base): 1/2-1/2 {Draw by insufficient mating material}
Started game 275 of 4000 (dev vs base)
Finished game 271 (dev vs base): 1/2-1/2 {Draw by 3-fold repetition}
Started game 276 of 4000 (base vs dev)
Finished game 274 (base vs dev): 1/2-1/2 {Draw by 3-fold repetition}
Started game 277 of 4000 (dev vs base)
Finished game 273 (dev vs base): 1/2-1/2 {Draw by adjudication}
Started game 278 of 4000 (base vs dev)
Finished game 276 (base vs dev): 1-0 {White wins by adjudication}
Started game 279 of 4000 (dev vs base)
Finished game 275 (dev vs base): 1/2-1/2 {Draw by adjudication}
Started game 280 of 4000 (base vs dev)
Finished game 279 (dev vs base): 1/2-1/2 {Draw by 3-fold repetition}
Started game 281 of 4000 (dev vs base)
