===== 25-MIN CAP REACHED — SPRT KILLED =====
Elo: 15.45 +/- 25.56, nElo: 30.78 +/- 50.76
Games: 180, Wins: 31, Losses: 23, Draws: 126, Points: 94.0 (52.22 %)
Ptnml(0-2): [0, 17, 50, 21, 2], WL/DD Ratio: 0.14
LLR: 0.39 (13.2%) (-2.94, 2.94) [0.00, 10.00]
Elo: 21.08 +/- 24.09, nElo: 42.53 +/- 48.39
Games: 198, Wins: 35, Losses: 23, Draws: 140, Points: 105.0 (53.03 %)
Ptnml(0-2): [0, 17, 55, 25, 2], WL/DD Ratio: 0.12
LLR: 0.62 (21.1%) (-2.94, 2.94) [0.00, 10.00]
Elo: 15.95 +/- 23.69, nElo: 31.15 +/- 46.12
Games: 218, Wins: 38, Losses: 28, Draws: 152, Points: 114.0 (52.29 %)
Ptnml(0-2): [1, 19, 60, 27, 2], WL/DD Ratio: 0.13
LLR: 0.47 (15.9%) (-2.94, 2.94) [0.00, 10.00]
Elo: 15.94 +/- 22.42, nElo: 31.33 +/- 43.96
Games: 240, Wins: 41, Losses: 30, Draws: 169, Points: 125.5 (52.29 %)
Ptnml(0-2): [1, 21, 66, 30, 2], WL/DD Ratio: 0.12
LLR: 0.52 (17.6%) (-2.94, 2.94) [0.00, 10.00]
Elo: 9.28 +/- 21.89, nElo: 17.88 +/- 42.07
Games: 262, Wins: 43, Losses: 36, Draws: 183, Points: 134.5 (51.34 %)
Ptnml(0-2): [2, 24, 72, 31, 2], WL/DD Ratio: 0.12
LLR: 0.28 (9.4%) (-2.94, 2.94) [0.00, 10.00]
