SPRT: dev=/Users/titojr/Documents/closed testing/Nature(v2)/engine-src/build/carelesschess
      base=/Users/titojr/Documents/closed testing/Nature(v2)/engine-src/tools/baselines/cc-nonpawn-base
      tc=8+0.08  bounds=[0, 10]  alpha=0.05  beta=0.05
      rounds<=2000  concurrency=4  hash=64MB  threads=1

Indexing opening suite...
Started game 1 of 4000 (dev vs base)
Started game 2 of 4000 (base vs dev)
Started game 3 of 4000 (dev vs base)
Started game 4 of 4000 (base vs dev)
Finished game 4 (base vs dev): 0-1 {Black wins by adjudication}
Started game 5 of 4000 (dev vs base)
Finished game 2 (base vs dev): 0-1 {Black wins by adjudication}
Started game 6 of 4000 (base vs dev)
Finished game 3 (dev vs base): 1/2-1/2 {Draw by adjudication}
Started game 7 of 4000 (dev vs base)
Finished game 1 (dev vs base): 1/2-1/2 {Draw by fifty moves rule}
Started game 8 of 4000 (base vs dev)
Finished game 6 (base vs dev): 0-1 {Black wins by adjudication}
Started game 9 of 4000 (dev vs base)
Finished game 8 (base vs dev): 1/2-1/2 {Draw by 3-fold repetition}
Started game 10 of 4000 (base vs dev)
Finished game 9 (dev vs base): 1/2-1/2 {Draw by 3-fold repetition}
Started game 11 of 4000 (dev vs base)
Finished game 5 (dev vs base): 1/2-1/2 {Draw by fifty moves rule}
Started game 12 of 4000 (base vs dev)
Finished game 7 (dev vs base): 1/2-1/2 {Draw by 3-fold repetition}
Started game 13 of 4000 (dev vs base)
Finished game 10 (base vs dev): 1/2-1/2 {Draw by 3-fold repetition}
Started game 14 of 4000 (base vs dev)
Finished game 12 (base vs dev): 1/2-1/2 {Draw by 3-fold repetition}
Started game 15 of 4000 (dev vs base)
Finished game 13 (dev vs base): 1/2-1/2 {Draw by adjudication}
Started game 16 of 4000 (base vs dev)
Warning; Bestmove does not match beginning of last PV - move b7b3 from base
Info; info depth 17 score cp 281 nodes 12795 nps 1421666 time 9 pv b7d7 d6f8 d7d2 f8e7 d2d1 e7c5 d1f1 c5d6 f1f3 g3h4 e4f5 f4e2 f3d3 d6c7 d3e3 e2f4 e3b3 c7d6 b3b6 d6c5
Position; startpos
Moves; c2c4 d7d6 b1c3 e7e5 g2g3 g7g6 f1g2 f8g7 d2d3 b8c6 e2e4 c8e6 g1e2 h7h5 h2h3 d8d7 c3d5 h5h4 g3g4 f7f5 g4f5 g6f5 c1g5 c6e7 d5e7 g8e7 e4f5 e7f5 g2b7 a8b8 b7e4 c7c6 d1d2 d6d5 e4f5 e6f5 e1c1 b8b7 e2c3 e8f7 b2b3 d7e6 f2f4 h8e8 h1e1 f5h3 e1g1 d5c4 d3c4 e5e4 d2e3 h3g4 d1d8 e8d8 g5d8 g4f3 d8h4 b7d7 f4f5 e6f5 g1g5 f5e6 e3f4 f7g8 h4e1 d7f7 f4g3 e6f6 g5g6 f6f5 g6c6 e4e3 c6d6 e3e2 c1b2 f5g4 b2c2 g4f5 c2d2 g8h7 g3h4 f3h5 d2c1 f5g4 h4g4 h5g4 c1d2 g7h6 d6h6 h7h6 b3b4 f7d7 c3d5 h6g5 a2a4 g5f5 d2d3 g4f3 b4b5 d7d8 d3d2 d8e8 a4a5 f5e5 b5b6 a7b6 a5b6 e5d4 e1f2 d4c4 d5f4 e8e7 f2g3 e7d7 d2e3 f3g4 e3f2 d7f7 f2e1 f7f6 f4e2 f6b6 e2f4 b6b1 e1f2 b1b2 f2e3 b2b3 e3f2 c4d4 g3h2 b3f3 f2g1 d4e4 f4g6 g4h3 h2d6 f3f1 g1h2 h3e6 h2g2 f1d1 d6c7 d1d7 g6f4 d7g7 g2f2 e6c8 c7d6 g7d7 d6b8 d7b7 b8d6 b7b6 d6c7 b6b2 f2g3 b2b3 g3h4 b3b7 c7d6 b7d7 d6b8 e4f5 h4g3 d7b7 b8d6 b7b3 g3f2 f5e4 f4h5 b3b2 f2g3 b2b6 d6c7 b6c6 c7b8 c6h6 h5f4 h6b6 b8c7 b6b7 c7d6
Finished game 11 (dev vs base): 1/2-1/2 {Draw by fifty moves rule}
Started game 17 of 4000 (dev vs base)
Finished game 15 (dev vs base): 0-1 {Black wins by adjudication}
Started game 18 of 4000 (base vs dev)
Finished game 14 (base vs dev): 1-0 {White wins by adjudication}
Started game 19 of 4000 (dev vs base)
Finished game 19 (dev vs base): 1/2-1/2 {Draw by 3-fold repetition}
Started game 20 of 4000 (base vs dev)
Finished game 17 (dev vs base): 1/2-1/2 {Draw by 3-fold repetition}
Started game 21 of 4000 (dev vs base)
Finished game 16 (base vs dev): 1/2-1/2 {Draw by adjudication}
Started game 22 of 4000 (base vs dev)
Finished game 18 (base vs dev): 1/2-1/2 {Draw by 3-fold repetition}
Started game 23 of 4000 (dev vs base)
Finished game 22 (base vs dev): 1-0 {White wins by adjudication}
Started game 24 of 4000 (base vs dev)
Finished game 21 (dev vs base): 1/2-1/2 {Draw by 3-fold repetition}
Started game 25 of 4000 (dev vs base)
Finished game 20 (base vs dev): 1-0 {White wins by adjudication}
--------------------------------------------------
Results of dev vs base (8+0.08, 1t, 64MB, 8moves_v3.pgn):
Elo: -15.80 +/- 83.09, nElo: -28.18 +/- 145.18
LOS: 35.18 %, DrawRatio: 36.36 %, PairsRatio: 0.75
Games: 22, Wins: 3, Losses: 4, Draws: 15, Points: 10.5 (47.73 %)
Ptnml(0-2): [0, 4, 4, 3, 0], WL/DD Ratio: 0.00
LLR: -0.06 (-2.0%) (-2.94, 2.94) [0.00, 10.00]
--------------------------------------------------
Started game 26 of 4000 (base vs dev)
Finished game 23 (dev vs base): 0-1 {Black wins by adjudication}
Started game 27 of 4000 (dev vs base)
Finished game 24 (base vs dev): 1/2-1/2 {Draw by adjudication}
Started game 28 of 4000 (base vs dev)
Finished game 26 (base vs dev): 1/2-1/2 {Draw by 3-fold repetition}
Started game 29 of 4000 (dev vs base)
Finished game 25 (dev vs base): 0-1 {Black wins by adjudication}
Started game 30 of 4000 (base vs dev)
Finished game 27 (dev vs base): 1/2-1/2 {Draw by 3-fold repetition}
Started game 31 of 4000 (dev vs base)
Finished game 31 (dev vs base): 1/2-1/2 {Draw by 3-fold repetition}
Started game 32 of 4000 (base vs dev)
Finished game 28 (base vs dev): 1/2-1/2 {Draw by 3-fold repetition}
Started game 33 of 4000 (dev vs base)
Finished game 29 (dev vs base): 1/2-1/2 {Draw by 3-fold repetition}
Started game 34 of 4000 (base vs dev)
Finished game 30 (base vs dev): 1-0 {White wins by adjudication}
Started game 35 of 4000 (dev vs base)
Finished game 33 (dev vs base): 1/2-1/2 {Draw by insufficient mating material}
Started game 36 of 4000 (base vs dev)
Finished game 32 (base vs dev): 1/2-1/2 {Draw by 3-fold repetition}
Started game 37 of 4000 (dev vs base)
Finished game 36 (base vs dev): 1/2-1/2 {Draw by 3-fold repetition}
Started game 38 of 4000 (base vs dev)
Finished game 34 (base vs dev): 1/2-1/2 {Draw by insufficient mating material}
Started game 39 of 4000 (dev vs base)
Warning; Bestmove does not match beginning of last PV - move a2a4 from dev
Info; info depth 13 score cp -15 nodes 18250 nps 350961 time 52 pv f1d1 c8b7 e4e5 f6g4 d1d7 b7f3 g2f3 g4e3 f2e3 g7e5 d7e7 d8c6 e7b7 e5c3 b2c3 a8d8 f3f4
Position; startpos
Moves; d2d4 d7d6 e2e4 g8f6 b1c3 g7g6 g1f3 f8g7 f1e2 e8g8 e1g1 c7c5 d4c5 d6c5 d1d8 f8d8 c1e3 b7b6 a1d1 b8c6 d1d8 c6d8
Finished game 35 (dev vs base): 1/2-1/2 {Draw by insufficient mating material}
Started game 40 of 4000 (base vs dev)
Finished game 40 (base vs dev): 1/2-1/2 {Draw by 3-fold repetition}
Started game 41 of 4000 (dev vs base)
Finished game 38 (base vs dev): 1/2-1/2 {Draw by 3-fold repetition}
Started game 42 of 4000 (base vs dev)
Finished game 37 (dev vs base): 1-0 {White wins by adjudication}
Started game 43 of 4000 (dev vs base)
Finished game 39 (dev vs base): 1/2-1/2 {Draw by 3-fold repetition}
--------------------------------------------------
Results of dev vs base (8+0.08, 1t, 64MB, 8moves_v3.pgn):
Elo: -26.11 +/- 56.10, nElo: -50.74 +/- 107.67
LOS: 17.78 %, DrawRatio: 45.00 %, PairsRatio: 0.57
Games: 40, Wins: 4, Losses: 7, Draws: 29, Points: 18.5 (46.25 %)
Ptnml(0-2): [0, 7, 9, 4, 0], WL/DD Ratio: 0.00
LLR: -0.18 (-6.1%) (-2.94, 2.94) [0.00, 10.00]
--------------------------------------------------
Started game 44 of 4000 (base vs dev)
Finished game 41 (dev vs base): 0-1 {Black wins by adjudication}
Started game 45 of 4000 (dev vs base)
Finished game 42 (base vs dev): 0-1 {Black wins by adjudication}
Started game 46 of 4000 (base vs dev)
Finished game 45 (dev vs base): 1/2-1/2 {Draw by 3-fold repetition}
Started game 47 of 4000 (dev vs base)
Finished game 44 (base vs dev): 1/2-1/2 {Draw by insufficient mating material}
Started game 48 of 4000 (base vs dev)
Finished game 43 (dev vs base): 1/2-1/2 {Draw by fifty moves rule}
Started game 49 of 4000 (dev vs base)
Finished game 46 (base vs dev): 1/2-1/2 {Draw by 3-fold repetition}
Started game 50 of 4000 (base vs dev)
Finished game 49 (dev vs base): 1-0 {White wins by adjudication}
Started game 51 of 4000 (dev vs base)
Finished game 47 (dev vs base): 1-0 {White wins by adjudication}
Started game 52 of 4000 (base vs dev)
Finished game 50 (base vs dev): 1-0 {White wins by adjudication}
Started game 53 of 4000 (dev vs base)
Finished game 48 (base vs dev): 1/2-1/2 {Draw by adjudication}
Started game 54 of 4000 (base vs dev)
Finished game 52 (base vs dev): 1/2-1/2 {Draw by 3-fold repetition}
Started game 55 of 4000 (dev vs base)
Finished game 51 (dev vs base): 0-1 {Black wins by adjudication}
Started game 56 of 4000 (base vs dev)
Finished game 53 (dev vs base): 1/2-1/2 {Draw by 3-fold repetition}
Started game 57 of 4000 (dev vs base)
Finished game 57 (dev vs base): 1/2-1/2 {Draw by 3-fold repetition}
Started game 58 of 4000 (base vs dev)
Finished game 56 (base vs dev): 1/2-1/2 {Draw by 3-fold repetition}
Started game 59 of 4000 (dev vs base)
Finished game 55 (dev vs base): 1/2-1/2 {Draw by 3-fold repetition}
Started game 60 of 4000 (base vs dev)
Finished game 54 (base vs dev): 1/2-1/2 {Draw by fifty moves rule}
Started game 61 of 4000 (dev vs base)
Finished game 58 (base vs dev): 0-1 {Black wins by adjudication}
Started game 62 of 4000 (base vs dev)
Finished game 61 (dev vs base): 1/2-1/2 {Draw by 3-fold repetition}
Started game 63 of 4000 (dev vs base)
Finished game 60 (base vs dev): 1/2-1/2 {Draw by 3-fold repetition}
Started game 64 of 4000 (base vs dev)
Finished game 62 (base vs dev): 1/2-1/2 {Draw by 3-fold repetition}
Started game 65 of 4000 (dev vs base)
Finished game 59 (dev vs base): 0-1 {Black wins by adjudication}
--------------------------------------------------
Results of dev vs base (8+0.08, 1t, 64MB, 8moves_v3.pgn):
Elo: -16.82 +/- 42.43, nElo: -34.51 +/- 86.48
LOS: 21.70 %, DrawRatio: 51.61 %, PairsRatio: 0.67
Games: 62, Wins: 8, Losses: 11, Draws: 43, Points: 29.5 (47.58 %)
Ptnml(0-2): [0, 9, 16, 6, 0], WL/DD Ratio: 0.14
LLR: -0.20 (-6.8%) (-2.94, 2.94) [0.00, 10.00]
--------------------------------------------------
Started game 66 of 4000 (base vs dev)
Finished game 63 (dev vs base): 1/2-1/2 {Draw by 3-fold repetition}
Started game 67 of 4000 (dev vs base)
Finished game 67 (dev vs base): 1-0 {White wins by adjudication}
Started game 68 of 4000 (base vs dev)
Finished game 65 (dev vs base): 1/2-1/2 {Draw by fifty moves rule}
Started game 69 of 4000 (dev vs base)
Finished game 66 (base vs dev): 1/2-1/2 {Draw by 3-fold repetition}
Started game 70 of 4000 (base vs dev)
Finished game 64 (base vs dev): 1/2-1/2 {Draw by fifty moves rule}
Started game 71 of 4000 (dev vs base)
Warning; Bestmove does not match beginning of last PV - move f8e8 from dev
Info; info depth 12 score cp -257 nodes 12222 nps 179735 time 68 pv f8d8 b2b3 g7g5 c7c6 h7g7 c1b2 a8a7 c6b6 d8d7 a2a4 b5a4 c3a4
Position; startpos
Moves; e2e4 c7c5 g1f3 e7e6 d2d4 c5d4 f3d4 a7a6 f1d3 f8c5 d4b3 c5a7 b1c3 b8c6 d1e2 g8e7 c1e3 a7e3 e2e3 d7d5 e4d5 e6d5 e3g3 e8g8 e1c1 h7h6 h1e1 b7b5 d1d2 d8b6 b3d4 c6d4 e1e7 b6a5 d3h7 g8h7 d2d4 c8e6 g3c7 a5c7 e7c7
Finished game 71 (dev vs base): 1-0 {White wins by adjudication}
Started game 72 of 4000 (base vs dev)
Finished game 69 (dev vs base): 1/2-1/2 {Draw by 3-fold repetition}
Started game 73 of 4000 (dev vs base)
Finished game 68 (base vs dev): 1/2-1/2 {Draw by adjudication}
Started game 74 of 4000 (base vs dev)
Finished game 70 (base vs dev): 1/2-1/2 {Draw by 3-fold repetition}
Started game 75 of 4000 (dev vs base)
Warning; Bestmove does not match beginning of last PV - move f3d2 from base
Info; info depth 15 score cp 0 nodes 996 nps 498000 time 2 pv a5c3
Position; startpos
Moves; g1f3 g8f6 b2b3 d7d5 c1b2 c7c6 g2g3 c8f5 f1g2 e7e6 d2d3 f8c5 e1g1 h7h6 b1d2 e8g8 d1e1 f5h7 e2e4 a7a5 e1e2 f6d7 d3d4 c5e7 c2c4 d7f6 f3e5 h7e4 d2e4 f6e4 g2e4 d5e4 e2e4 b8d7 e5f3 a5a4 f1d1 d8b6 e4c2 a4b3 a2b3 e7f6 h2h4 a8a1 d1a1 f8d8 b2c3 b6c7 c4c5 c7c8 a1a4 d8e8 g1g2 e8d8 c3a5 d8e8 a5c3 e8d8 c3a5 d8e8
Finished game 72 (base vs dev): 1/2-1/2 {Draw by 3-fold repetition}
Started game 76 of 4000 (base vs dev)
Finished game 74 (base vs dev): 1/2-1/2 {Draw by 3-fold repetition}
Started game 77 of 4000 (dev vs base)
Finished game 75 (dev vs base): 1/2-1/2 {Draw by 3-fold repetition}
Started game 78 of 4000 (base vs dev)
Finished game 73 (dev vs base): 0-1 {Black wins by adjudication}
Started game 79 of 4000 (dev vs base)
Finished game 78 (base vs dev): 1/2-1/2 {Draw by 3-fold repetition}
Started game 80 of 4000 (base vs dev)
Finished game 79 (dev vs base): 1/2-1/2 {Draw by 3-fold repetition}
Started game 81 of 4000 (dev vs base)
Finished game 76 (base vs dev): 1/2-1/2 {Draw by 3-fold repetition}
Started game 82 of 4000 (base vs dev)
Finished game 77 (dev vs base): 1/2-1/2 {Draw by 3-fold repetition}
Started game 83 of 4000 (dev vs base)
Warning; Bestmove does not match beginning of last PV - move e6h6 from dev
Info; info depth 11 score cp -652 nodes 4695 nps 161896 time 29 pv e6g6 a7a2 e5f6 f3f4 g6g7 a2b3 f6e7 b3b8 e7f7 b8b7 f7f8 b7c8 f8f7 c8f5 f7e8 f5e6 e8f8 e6d6 f8e8
Position; startpos
Moves; d2d4 g8f6 c2c4 e7e6 g1f3 d7d5 c1g5 d5c4 b1c3 f8b4 a2a3 b4c3 b2c3 c7c6 g2g3 b8d7 f1g2 e8g8 a3a4 h7h6 g5f6 d8f6 e1g1 e6e5 a4a5 f8d8 d1c2 e5d4 c3d4 b7b5 a5b6 d7b6 e2e4 a7a5 c2b2 a8a6 f3e5 a5a4 f1d1 a4a3 b2a2 c6c5 d4c5 d8d1 a1d1 f6e5 c5b6 c8b7 h2h4 g8h7 g1h2 e5e6 e4e5 b7g2 h2g2 e6c6 g2g1 c6b6 a2c4 a3a2 c4c2 b6g6 c2b2 h6h5 d1a1 g6e6 b2c2 g7g6 g1h2 a6a3 c2b2 a3a6 b2e2 h7g7 e2b2 a6a5 b2c2 g7h7 c2d2 a5a8 d2c3 e6d5 c3c2 a8a3 c2b2 a3a4 h2h3 a4a7 h3h2 a7a5 b2c2 a5a8 c2b2 d5c4 h2h1 a8a4 h1g2 h7g8 g2g1 c4e6 g1g2 a4a6 g2h2 g8g7 b2c2 e6d5 c2c3 g7h7 c3c2 a6a5 c2c3 a5a4 c3b2 a4a7 b2b6 d5d7 b6b2 d7e6 b2c2 h7g8 c2c5 a7a6 c5c2 a6a8 c2b2 a8a5 b2c3 a5a4 c3c2 a4a3 c2b2 a3a8 h2g1 g8g7 g1h2 g6g5 h4g5 h5h4 f2f3 a8a4 h2g2 h4g3 a1h1 a4a5 b2b8 a5e5 b8h8 g7g6 h1h6 g6g5 h8g7 g5f4 h6e6 e5e6 g7f7 f4e5 f7a7
Finished game 80 (base vs dev): 1-0 {White wins by adjudication}
--------------------------------------------------
Results of dev vs base (8+0.08, 1t, 64MB, 8moves_v3.pgn):
Elo: -13.03 +/- 37.08, nElo: -26.89 +/- 76.13
LOS: 24.44 %, DrawRatio: 52.50 %, PairsRatio: 0.73
Games: 80, Wins: 10, Losses: 13, Draws: 57, Points: 38.5 (48.12 %)
Ptnml(0-2): [0, 11, 21, 8, 0], WL/DD Ratio: 0.11
LLR: -0.21 (-7.1%) (-2.94, 2.94) [0.00, 10.00]
--------------------------------------------------
Started game 84 of 4000 (base vs dev)
Finished game 81 (dev vs base): 0-1 {Black wins by adjudication}
Started game 85 of 4000 (dev vs base)
Finished game 82 (base vs dev): 0-1 {Black wins by adjudication}
Started game 86 of 4000 (base vs dev)
Finished game 83 (dev vs base): 1-0 {White wins by adjudication}
Started game 87 of 4000 (dev vs base)
Finished game 86 (base vs dev): 1/2-1/2 {Draw by 3-fold repetition}
Started game 88 of 4000 (base vs dev)
Finished game 87 (dev vs base): 1/2-1/2 {Draw by 3-fold repetition}
Started game 89 of 4000 (dev vs base)
Finished game 84 (base vs dev): 1-0 {White wins by adjudication}
Started game 90 of 4000 (base vs dev)
Finished game 85 (dev vs base): 0-1 {Black wins by adjudication}
Started game 91 of 4000 (dev vs base)
Finished game 88 (base vs dev): 1-0 {White wins by adjudication}
Started game 92 of 4000 (base vs dev)
Finished game 90 (base vs dev): 1/2-1/2 {Draw by 3-fold repetition}
Started game 93 of 4000 (dev vs base)
Finished game 91 (dev vs base): 1/2-1/2 {Draw by adjudication}
Started game 94 of 4000 (base vs dev)
Finished game 89 (dev vs base): 1/2-1/2 {Draw by adjudication}
Started game 95 of 4000 (dev vs base)
Finished game 92 (base vs dev): 1-0 {White wins by adjudication}
Started game 96 of 4000 (base vs dev)
Finished game 93 (dev vs base): 1-0 {White wins by adjudication}
Started game 97 of 4000 (dev vs base)
Finished game 95 (dev vs base): 1/2-1/2 {Draw by 3-fold repetition}
Started game 98 of 4000 (base vs dev)
Finished game 96 (base vs dev): 1/2-1/2 {Draw by 3-fold repetition}
Started game 99 of 4000 (dev vs base)
Finished game 94 (base vs dev): 1/2-1/2 {Draw by insufficient mating material}
Started game 100 of 4000 (base vs dev)
Finished game 97 (dev vs base): 1/2-1/2 {Draw by 3-fold repetition}
Started game 101 of 4000 (dev vs base)
Finished game 98 (base vs dev): 1-0 {White wins by adjudication}
Started game 102 of 4000 (base vs dev)
Finished game 99 (dev vs base): 1/2-1/2 {Draw by 3-fold repetition}
Started game 103 of 4000 (dev vs base)
Finished game 101 (dev vs base): 1/2-1/2 {Draw by 3-fold repetition}
Started game 104 of 4000 (base vs dev)
Finished game 100 (base vs dev): 1/2-1/2 {Draw by 3-fold repetition}
--------------------------------------------------
Results of dev vs base (8+0.08, 1t, 64MB, 8moves_v3.pgn):
Elo: -20.87 +/- 33.08, nElo: -43.21 +/- 68.10
LOS: 10.68 %, DrawRatio: 52.00 %, PairsRatio: 0.60
Games: 100, Wins: 13, Losses: 19, Draws: 68, Points: 47.0 (47.00 %)
Ptnml(0-2): [0, 15, 26, 9, 0], WL/DD Ratio: 0.18
LLR: -0.39 (-13.4%) (-2.94, 2.94) [0.00, 10.00]
--------------------------------------------------
Started game 105 of 4000 (dev vs base)
Finished game 102 (base vs dev): 0-1 {Black wins by adjudication}
Started game 106 of 4000 (base vs dev)
Finished game 104 (base vs dev): 0-1 {Black wins by adjudication}
Started game 107 of 4000 (dev vs base)
Finished game 103 (dev vs base): 1/2-1/2 {Draw by stalemate}
Started game 108 of 4000 (base vs dev)
Finished game 106 (base vs dev): 0-1 {Black wins by adjudication}
Started game 109 of 4000 (dev vs base)
Finished game 105 (dev vs base): 0-1 {Black wins by adjudication}
Started game 110 of 4000 (base vs dev)
Finished game 107 (dev vs base): 0-1 {Black wins by adjudication}
Started game 111 of 4000 (dev vs base)
Finished game 108 (base vs dev): 1/2-1/2 {Draw by adjudication}
Started game 112 of 4000 (base vs dev)
Finished game 109 (dev vs base): 0-1 {Black wins by adjudication}
Started game 113 of 4000 (dev vs base)
Finished game 110 (base vs dev): 1/2-1/2 {Draw by 3-fold repetition}
Started game 114 of 4000 (base vs dev)
Finished game 113 (dev vs base): 1-0 {White wins by adjudication}
Started game 115 of 4000 (dev vs base)
Finished game 112 (base vs dev): 1/2-1/2 {Draw by 3-fold repetition}
Started game 116 of 4000 (base vs dev)
Finished game 111 (dev vs base): 1/2-1/2 {Draw by 3-fold repetition}
Started game 117 of 4000 (dev vs base)
Finished game 114 (base vs dev): 1-0 {White wins by adjudication}
Started game 118 of 4000 (base vs dev)
Finished game 115 (dev vs base): 1/2-1/2 {Draw by 3-fold repetition}
Started game 119 of 4000 (dev vs base)
Finished game 117 (dev vs base): 1-0 {White wins by adjudication}
Started game 120 of 4000 (base vs dev)
Finished game 116 (base vs dev): 1/2-1/2 {Draw by 3-fold repetition}
Started game 121 of 4000 (dev vs base)
Finished game 118 (base vs dev): 1/2-1/2 {Draw by 3-fold repetition}
Started game 122 of 4000 (base vs dev)
Finished game 119 (dev vs base): 1/2-1/2 {Draw by 3-fold repetition}
Started game 123 of 4000 (dev vs base)
Finished game 122 (base vs dev): 1/2-1/2 {Draw by 3-fold repetition}
Started game 124 of 4000 (base vs dev)
Finished game 120 (base vs dev): 0-1 {Black wins by adjudication}
--------------------------------------------------
Results of dev vs base (8+0.08, 1t, 64MB, 8moves_v3.pgn):
Elo: -11.59 +/- 31.06, nElo: -23.27 +/- 62.16
LOS: 23.16 %, DrawRatio: 50.00 %, PairsRatio: 0.76
Games: 120, Wins: 19, Losses: 23, Draws: 78, Points: 58.0 (48.33 %)
Ptnml(0-2): [0, 17, 30, 13, 0], WL/DD Ratio: 0.25
LLR: -0.28 (-9.5%) (-2.94, 2.94) [0.00, 10.00]
--------------------------------------------------
Started game 125 of 4000 (dev vs base)
Finished game 121 (dev vs base): 1/2-1/2 {Draw by 3-fold repetition}
Started game 126 of 4000 (base vs dev)
Finished game 123 (dev vs base): 1/2-1/2 {Draw by 3-fold repetition}
Started game 127 of 4000 (dev vs base)
Finished game 124 (base vs dev): 0-1 {Black wins by adjudication}
Started game 128 of 4000 (base vs dev)
Finished game 125 (dev vs base): 0-1 {Black wins by adjudication}
Started game 129 of 4000 (dev vs base)
Finished game 127 (dev vs base): 1/2-1/2 {Draw by 3-fold repetition}
Started game 130 of 4000 (base vs dev)
Finished game 128 (base vs dev): 1/2-1/2 {Draw by 3-fold repetition}
Started game 131 of 4000 (dev vs base)
Finished game 130 (base vs dev): 1-0 {White wins by adjudication}
Started game 132 of 4000 (base vs dev)
Finished game 129 (dev vs base): 0-1 {Black wins by adjudication}
Started game 133 of 4000 (dev vs base)
Finished game 126 (base vs dev): 1/2-1/2 {Draw by fifty moves rule}
Started game 134 of 4000 (base vs dev)
Finished game 132 (base vs dev): 1-0 {White wins by adjudication}
Started game 135 of 4000 (dev vs base)
Finished game 134 (base vs dev): 1/2-1/2 {Draw by 3-fold repetition}
Started game 136 of 4000 (base vs dev)
Finished game 131 (dev vs base): 1/2-1/2 {Draw by insufficient mating material}
Started game 137 of 4000 (dev vs base)
Finished game 133 (dev vs base): 1/2-1/2 {Draw by 3-fold repetition}
Started game 138 of 4000 (base vs dev)
Finished game 137 (dev vs base): 0-1 {Black wins by adjudication}
Started game 139 of 4000 (dev vs base)
Finished game 135 (dev vs base): 1/2-1/2 {Draw by 3-fold repetition}
Started game 140 of 4000 (base vs dev)
Finished game 136 (base vs dev): 1-0 {White wins by adjudication}
Started game 141 of 4000 (dev vs base)
Finished game 138 (base vs dev): 1-0 {White wins by adjudication}
Started game 142 of 4000 (base vs dev)
Finished game 139 (dev vs base): 1/2-1/2 {Draw by 3-fold repetition}
Started game 143 of 4000 (dev vs base)
Finished game 141 (dev vs base): 0-1 {Black wins by adjudication}
Started game 144 of 4000 (base vs dev)
Finished game 140 (base vs dev): 1/2-1/2 {Draw by adjudication}
--------------------------------------------------
Results of dev vs base (8+0.08, 1t, 64MB, 8moves_v3.pgn):
Elo: -24.86 +/- 31.23, nElo: -46.10 +/- 57.55
LOS: 5.82 %, DrawRatio: 48.57 %, PairsRatio: 0.64
Games: 140, Wins: 20, Losses: 30, Draws: 90, Points: 65.0 (46.43 %)
Ptnml(0-2): [2, 20, 34, 14, 0], WL/DD Ratio: 0.21
LLR: -0.60 (-20.2%) (-2.94, 2.94) [0.00, 10.00]
--------------------------------------------------
Started game 145 of 4000 (dev vs base)
Finished game 142 (base vs dev): 0-1 {Black wins by adjudication}
Started game 146 of 4000 (base vs dev)
Finished game 143 (dev vs base): 1/2-1/2 {Draw by 3-fold repetition}
Started game 147 of 4000 (dev vs base)
Finished game 144 (base vs dev): 1/2-1/2 {Draw by insufficient mating material}
Started game 148 of 4000 (base vs dev)
Finished game 145 (dev vs base): 1/2-1/2 {Draw by adjudication}
Started game 149 of 4000 (dev vs base)
Finished game 146 (base vs dev): 1/2-1/2 {Draw by 3-fold repetition}
Started game 150 of 4000 (base vs dev)
Finished game 148 (base vs dev): 1/2-1/2 {Draw by 3-fold repetition}
Started game 151 of 4000 (dev vs base)
Finished game 147 (dev vs base): 1/2-1/2 {Draw by fifty moves rule}
Started game 152 of 4000 (base vs dev)
Finished game 151 (dev vs base): 1/2-1/2 {Draw by 3-fold repetition}
Started game 153 of 4000 (dev vs base)
Finished game 150 (base vs dev): 1-0 {White wins by adjudication}
Started game 154 of 4000 (base vs dev)
Finished game 149 (dev vs base): 1/2-1/2 {Draw by fifty moves rule}
Started game 155 of 4000 (dev vs base)
Finished game 152 (base vs dev): 1/2-1/2 {Draw by 3-fold repetition}
Started game 156 of 4000 (base vs dev)
Finished game 154 (base vs dev): 1/2-1/2 {Draw by 3-fold repetition}
Started game 157 of 4000 (dev vs base)
Finished game 155 (dev vs base): 1/2-1/2 {Draw by 3-fold repetition}
Started game 158 of 4000 (base vs dev)
Warning; Bestmove does not match beginning of last PV - move h7h5 from base
Info; info depth 18 score cp -16 nodes 60531 nps 695758 time 87 pv a8a2 g1g2 h7h5 g2f3 g8h7 c5c6 a2c2 f3e3 h7g6 h2h4 c2c5 f2f4 g6f5 f4e5 f5e5 c7e7 e5d6 e7g7 c5c6 g7h7 c6c5 e3d3 c5d5 d3e4
Position; startpos
Moves; e2e4 e7e6 d2d3 d7d5 b1d2 g8f6 g2g3 f8e7 f1g2 e8g8 g1f3 c7c6 e1g1 b7b5 f1e1 c8b7 a2a4 a7a6 e4d5 f6d5 f3e5 d8c7 d2b3 c6c5 a4b5 a6b5 a1a8 b7a8 c2c4 b5c4 d3c4 d5b6 g2a8 b6a8 c1f4 c7b7 b3a5 b7b2 d1b1 b2b6 b1b6 a8b6 e1b1 e7d6 b1b6 d6e5 f4e5 b8d7 b6c6 d7e5 c6c5 f7f6 a5c6 e5c6 c5c6 e6e5 c4c5 f8a8 c6c7
Finished game 153 (dev vs base): 1/2-1/2 {Draw by fifty moves rule}
Started game 159 of 4000 (dev vs base)
Finished game 157 (dev vs base): 1/2-1/2 {Draw by 3-fold repetition}
Started game 160 of 4000 (base vs dev)
Finished game 156 (base vs dev): 1/2-1/2 {Draw by 3-fold repetition}
Started game 161 of 4000 (dev vs base)
Finished game 159 (dev vs base): 1/2-1/2 {Draw by 3-fold repetition}
Started game 162 of 4000 (base vs dev)
Finished game 158 (base vs dev): 1/2-1/2 {Draw by 3-fold repetition}
Started game 163 of 4000 (dev vs base)
Finished game 160 (base vs dev): 1/2-1/2 {Draw by 3-fold repetition}
--------------------------------------------------
Results of dev vs base (8+0.08, 1t, 64MB, 8moves_v3.pgn):
Elo: -23.92 +/- 27.60, nElo: -46.91 +/- 53.83
LOS: 4.38 %, DrawRatio: 53.75 %, PairsRatio: 0.61
Games: 160, Wins: 21, Losses: 32, Draws: 107, Points: 74.5 (46.56 %)
Ptnml(0-2): [2, 21, 43, 14, 0], WL/DD Ratio: 0.19
LLR: -0.69 (-23.5%) (-2.94, 2.94) [0.00, 10.00]
--------------------------------------------------
Started game 164 of 4000 (base vs dev)
Finished game 161 (dev vs base): 1/2-1/2 {Draw by 3-fold repetition}
Started game 165 of 4000 (dev vs base)
Finished game 162 (base vs dev): 1/2-1/2 {Draw by 3-fold repetition}
Started game 166 of 4000 (base vs dev)
Warning; Bestmove does not match beginning of last PV - move h7h5 from dev
Info; info depth 12 score cp -200 nodes 47961 nps 510223 time 94 pv g8g7 d4f4 d8e8 e1e8 d7e8 f4e4 g7f8 e4e7 a7a5 e7h7 c5c1 g1f2 c1c2 f2f1 e8a4
Position; startpos
Moves; c2c4 e7e5 b1c3 g8f6 g2g3 f8b4 f1g2 b4c3 b2c3 e8g8 e2e4 f8e8 g1e2 c7c6 e1g1 d7d5 c4d5 c6d5 e4d5 f6d5 c3c4 d5b6 d2d3 b8c6 a2a4 b6d7 e2c3 d7f6 c3d5 f6d5 c4d5 c6d4 c1b2 c8d7 a1b1 b7b6 f2f4 d8e7 d1h5 f7f6 f4e5 e7e5 h5e5 f6e5 d5d6 a8d8 b2d4 e5d4 b1b4 e8e5 b4d4 g7g6 f1c1 e5c5 c1e1
Finished game 166 (base vs dev): 1/2-1/2 {Draw by 3-fold repetition}
Started game 167 of 4000 (dev vs base)
Finished game 164 (base vs dev): 1-0 {White wins by adjudication}
Started game 168 of 4000 (base vs dev)
Finished game 163 (dev vs base): 0-1 {Black wins by adjudication}
Started game 169 of 4000 (dev vs base)
Finished game 165 (dev vs base): 1/2-1/2 {Draw by 3-fold repetition}
Started game 170 of 4000 (base vs dev)
Finished game 167 (dev vs base): 0-1 {Black wins by adjudication}
Started game 171 of 4000 (dev vs base)
Finished game 168 (base vs dev): 1/2-1/2 {Draw by 3-fold repetition}
Started game 172 of 4000 (base vs dev)
Finished game 169 (dev vs base): 1/2-1/2 {Draw by 3-fold repetition}
Started game 173 of 4000 (dev vs base)
Finished game 172 (base vs dev): 1/2-1/2 {Draw by 3-fold repetition}
Started game 174 of 4000 (base vs dev)
Finished game 173 (dev vs base): 1/2-1/2 {Draw by 3-fold repetition}
Started game 175 of 4000 (dev vs base)
Warning; Bestmove does not match beginning of last PV - move b1h7 from dev
Info; info depth 17 score cp 15 nodes 34329 nps 1183758 time 29 pv g3e1 g7h6 h3h4 f7e8 b1c2 g8f6 e1g3 e8f7 g3b8 f6g8 b8e5 h6g7 e5d6 g7f8 d6g3 f8e7 h4g4 e7f8
Position; startpos
Moves; d2d4 g8f6 c2c4 g7g6 g2g3 c7c5 g1f3 f8g7 b1c3 c5d4 f3d4 e8g8 f1g2 d8c7 d4b5 c7c4 b2b3 c4c5 c1e3 c5b4 a2a3 b4a5 b3b4 a5d8 b5a7 b8c6 a7c8 d8c8 e1g1 c6b4 a3b4 c8c3 a1a8 f8a8 b4b5 c3c8 d1d4 d7d5 g2d5 c8d7 d5f3 d7b5 d4c5 b5c5 e3c5 e7e6 f1b1 a8d8 b1b7 f6e8 b7b1 g7f6 b1b3 e8d6 b3d3 d6c4 d3d8 f6d8 f3c6 f7f5 c6b5 d8b6 c5b4 b6a5 b4e7 g8f7 e7g5 c4d6 b5d3 a5b6 g5c1 b6c5 g1g2 d6e8 f2f3 e8f6 h2h3 c5f8 g3g4 f6d5 g4f5 g6f5 e2e4 f5e4 f3e4 d5f6 h3h4 f8d6 g2h3 d6e5 d3c2 f6d7 c1d2 e5a1 h3g2 a1e5 d2c1 d7f6 c1e3 f6h5 e3d2 h5f6 d2c1 f6h5 g2f3 h5f6 c2a4 f6g8 a4d1 g8f6 f3f2 f6e4 f2g2 e4f6 g2h3 f7f8 d1c2 f8f7 c1g5 f6g8 c2d1 e5g7 d1h5 f7f8 g5c1 g8f6 h5d1 f8f7 c1e3 g7f8 e3d4 f6d5 d4e5 f8g7 e5h2 d5f6 h2g3 f7g8 g3f4 g8f8 f4e3 f8f7 e3f2 g7f8 f2g3 f6e4 g3e1 e4f6 d1c2 f6h5 e1d2 h5f6 c2d1 f6e4 d1h5 f7g8 d2e1 f8g7 h5f3 e4f6 f3d1 g8f7 e1a5 f6e4 d1c2 e4f6 a5c7 f6g8 c7h2 g8f6 c2d1 g7f8 h2e5 f8g7 d1c2 f6g8 e5g3 g7f8 g3h2 g8f6 h2f4 f6g8 c2d1 g8f6 d1e2 f8g7 f4c1 f7f8 e2f3 f8g8 c1d2 g8f8 d2e3 f6g8 e3c5 f8e8 f3h5 e8d7 c5g1 d7e7 g1h2 g8f6 h5e2 f6g8 h2g3 e7f7 e2d3 g7f8 h4h5 f8h6 d3c2 g8f6 g3e1 f7g8 c2d1 g8f7 e1g3 f6g8 g3h4 f7e8 d1a4 e8f8 a4b3 f8f7 b3c2 h6g7 c2d3 g7h6 d3b1 f7e8 b1c2 e8f7 c2d3 f7f8 h4e1 g8f6 d3e2 f8e8 e1h4 f6g8 e2d1 e8f8 h4f2 g8f6 d1e2 f8e8 f2e1 f6g8 e1h4 e8f7 h4g3 f7f8 g3h2 f8f7 e2d1 h6g7 h2g1 g7h6 g1b6 h6f8 b6f2 f8h6 f2g3 h6g7 g3h2 g7a1 d1b3 a1g7 b3c2 g7h6 h3h4 g8f6 h2e5 f6g8 e5g3 h6f8 h4h3 f8h6 c2b1 h6g7
Finished game 170 (base vs dev): 1/2-1/2 {Draw by adjudication}
Started game 176 of 4000 (base vs dev)
Finished game 171 (dev vs base): 1/2-1/2 {Draw by 3-fold repetition}
Started game 177 of 4000 (dev vs base)
Finished game 174 (base vs dev): 1/2-1/2 {Draw by 3-fold repetition}
Started game 178 of 4000 (base vs dev)
Finished game 176 (base vs dev): 1/2-1/2 {Draw by 3-fold repetition}
Started game 179 of 4000 (dev vs base)
Finished game 175 (dev vs base): 1/2-1/2 {Draw by 3-fold repetition}
Started game 180 of 4000 (base vs dev)
Finished game 177 (dev vs base): 1/2-1/2 {Draw by 3-fold repetition}
Started game 181 of 4000 (dev vs base)
Finished game 178 (base vs dev): 0-1 {Black wins by adjudication}
Started game 182 of 4000 (base vs dev)
Warning; Bestmove does not match beginning of last PV - move d4d5 from dev
Info; info depth 19 score cp 0 nodes 39791 nps 537716 time 74 pv g7e7 e4d5 e7a7
Position; startpos
Moves; d2d4 d7d5 c2c4 c7c6 g1f3 g8f6 b1c3 a7a6 g2g3 d5c4 f1g2 b7b5 f3e5 c8b7 a2a4 f6d5 a4b5 a6b5 a1a8 b7a8 e1g1 e7e6 e2e4 d5c3 b2c3 b8d7 c1f4 a8b7 d1f3 d7e5 f4e5 f7f6 e5f4 d8d7 e4e5 f6f5 f1a1 e8d8 a1a7 f8e7 f3d1 g7g5 f4e3 d8c8 d1h5 d7e8 h5h6 e8g6 h6g6 h7g6 g2c6 b7c6 a7e7 f5f4 g3f4 g5f4 e3f4 c6d5 e7a7 h8h3 f4e3 d5c6 a7g7 c6e4
Finished game 180 (base vs dev): 1-0 {White wins by adjudication}
Started game 183 of 4000 (dev vs base)
Finished game 182 (base vs dev): 1/2-1/2 {Draw by 3-fold repetition}
Started game 184 of 4000 (base vs dev)
Warning; Bestmove does not match beginning of last PV - move d4e3 from dev
Info; info depth 20 score cp 342 nodes 51559 nps 1356815 time 38 pv d4c3 d3e2 c3b2 d7d6 b2d4 d6d7 b5c5 e2d3 d4c3 d3e2 c3e5 d7e6 c5b5 e6d7 e5d4 e2d3 d4c5 d3g6 c5e3 g6d3 b5c5
Position; startpos
Moves; d2d4 d7d5 c2c4 c7c6 g1f3 g8f6 b1c3 a7a6 g2g3 d5c4 f1g2 b7b5 f3e5 c8b7 a2a4 f6d5 a4b5 a6b5 a1a8 b7a8 e1g1 e7e6 e2e4 d5c3 b2c3 b8d7 c1f4 a8b7 d1f3 d7e5 f4e5 f7f6 e5f4 d8d7 e4e5 f6f5 f1a1 e8d8 a1a7 f8e7 f3d1 g7g5 f4e3 d8c8 d1h5 d7e8 h5h6 e8g6 h6g6 h7g6 g2c6 b7c6 a7e7 f5f4 g3f4 g5f4 e3f4 c6d5 e7a7 h8h3 f4e3 d5c6 a7g7 c6e4 d4d5 e4d5 g7g6 h3h5 g6g5 h5h4 g5g3 c8d7 e3g5 h4e4 g1f1 e4e5 h2h4 d5e4 h4h5 d7e8 h5h6 e8f7 g5f4 e5h5 g3g7 f7f6 f1e2 e6e5 f4e3 e4d5 g7a7 f6f5 a7c7 d5e4 c7c5 e4d3 e2d2 h5h1 c5b5 h1a1 e3d4 f5g6 d4e5 g6h6 d2e3 h6g6 e5d4 a1b1 b5a5 b1h1 e3f4 h1h5 a5a6 g6f7 f4g4 h5d5 f2f4 d3f5 g4g3 f5d3 g3h4 d3c2 a6c6 c2d3 d4e5 f7e7 h4g5 e7f7 g5g4 d3e2 g4f5 e2d3 f5g5 f7e7 c6b6 d3e4 b6a6 e4c2 g5h5 c2e4 h5g4 e4b1 a6b6 b1d3 e5d4 d3f5 g4g3 e7d7 d4e5 f5e4 g3g4 e4c2 b6h6 c2b1 e5d4 b1e4 h6b6 e4f5 g4g3 f5c2 b6a6 d5h5 d4e5 h5h1 a6a5 h1h5 g3f3 d7e6 a5a6 e6d5 a6d6 d5c5 f3g4 h5h1 d6d8 h1g1 g4f3 g1f1 f3g2 f1d1 e5d4 c5c6 d8c8 c6d5 g2g3 c2d3 c8c5 d5e6 g3g4 d1f1 g4g5 f1f3 c5e5 e6f7 f4f5 f3g3 g5f4 g3h3 f5f6 h3h7 f4g5 d3g6 e5e7 f7g8 e7e2 g8f7 e2e3 h7h5 g5g4 h5h7 g4f4 h7h4 f4e5 h4h5 e5d6 h5h7 d6d5 g6d3 e3e7 f7f8 e7h7 d3h7 d5c4 f8e8 c4b5 e8d7 c3c4 h7d3
Warning; Bestmove does not match beginning of last PV - move g5h6 from dev
Info; info depth 16 score cp 0 nodes 9779 nps 651933 time 15 pv e7f8 a2b3 g5f6 b3e3 e1f1 e3f3 f1e1 f3e3 e1f1 e3f3
Position; startpos
Moves; g1f3 d7d5 b2b3 c8g4 e2e3 b8d7 c1b2 c7c6 h2h3 g4h5 f1e2 e7e6 d2d3 f7f6 b1d2 f8d6 d3d4 f6f5 f3e5 h5e2 d1e2 g8f6 g2g4 e8g8 g4f5 e6f5 f2f4 d8e7 a2a4 d6b4 c2c3 b4d6 e1c1 a7a6 c3c4 b7b5 c4c5 d6e5 d4e5 f6e4 d2e4 f5e4 b3b4 b5a4 h1g1 f8b8 e2e1 a4a3 b2a1 a6a5 e5e6 d7f6 e1h4 b8f8 b4b5 e7c5 c1d2 c5e7 d1c1 c6b5 c1c6 b5b4 h4g5 b4b3 a1d4 a3a2 d4c5 e7b7 c6b6 b7a7 c5d4 a7e7 b6b3 a8a6 d4c5 a2a1q c5e7 a1a2 d2e1 g7g6
Finished game 181 (dev vs base): 1-0 {White wins by adjudication}
Started game 185 of 4000 (dev vs base)
Finished game 183 (dev vs base): 1-0 {White wins by adjudication}
Started game 186 of 4000 (base vs dev)
Finished game 179 (dev vs base): 1/2-1/2 {Draw by 3-fold repetition}
--------------------------------------------------
Results of dev vs base (8+0.08, 1t, 64MB, 8moves_v3.pgn):
Elo: -24.86 +/- 26.42, nElo: -47.76 +/- 50.48
LOS: 3.18 %, DrawRatio: 53.85 %, PairsRatio: 0.62
Games: 182, Wins: 23, Losses: 36, Draws: 123, Points: 84.5 (46.43 %)
Ptnml(0-2): [3, 23, 49, 16, 0], WL/DD Ratio: 0.17
LLR: -0.80 (-27.3%) (-2.94, 2.94) [0.00, 10.00]
--------------------------------------------------
Started game 187 of 4000 (dev vs base)
Finished game 186 (base vs dev): 1/2-1/2 {Draw by 3-fold repetition}
Started game 188 of 4000 (base vs dev)
Finished game 185 (dev vs base): 1/2-1/2 {Draw by 3-fold repetition}
Started game 189 of 4000 (dev vs base)
Finished game 184 (base vs dev): 1/2-1/2 {Draw by fifty moves rule}
Started game 190 of 4000 (base vs dev)
Finished game 188 (base vs dev): 1/2-1/2 {Draw by 3-fold repetition}
Started game 191 of 4000 (dev vs base)
Finished game 189 (dev vs base): 1/2-1/2 {Draw by 3-fold repetition}
Started game 192 of 4000 (base vs dev)
Finished game 187 (dev vs base): 1/2-1/2 {Draw by 3-fold repetition}
Started game 193 of 4000 (dev vs base)
Finished game 190 (base vs dev): 1/2-1/2 {Draw by insufficient mating material}
Started game 194 of 4000 (base vs dev)
Finished game 191 (dev vs base): 1-0 {White wins by adjudication}
Started game 195 of 4000 (dev vs base)
Finished game 193 (dev vs base): 1-0 {White wins by adjudication}
Started game 196 of 4000 (base vs dev)
Finished game 194 (base vs dev): 1-0 {White mates}
Started game 197 of 4000 (dev vs base)
Finished game 192 (base vs dev): 1/2-1/2 {Draw by 3-fold repetition}
Started game 198 of 4000 (base vs dev)
Warning; Bestmove does not match beginning of last PV - move b4c4 from dev
Info; info depth 17 score cp 37 nodes 57044 nps 935147 time 61 pv b4f4 f5g6 f4c4 g6f7 c4e4 f7g6 f2g2 g6f7 e4c4 f7g6 c4f4 g6f7 f4d4 f7g6 d4b4 g6f7 b4f4 f7g6
Position; startpos
Moves; e2e4 d7d5 e4d5 d8d5 b1c3 d5a5 d2d4 g8f6 g1f3 c7c6 f3e5 c8e6 f1d3 b8d7 f2f4 g7g6 e1g1 f8g7 d1e1 e8g8 h2h3 f6d5 c3d5 a5d5 c1e3 c6c5 d3c4 d5d6 c4e6 d6e6 f4f5 g6f5 e5d7 e6d7 d4c5 a8d8 e1f2 g7b2 a1b1 b2g7 f2f5 d7f5 f1f5 d8d7 f5f4 f8c8 f4a4 b7b6 c5b6 a7b6 e3b6 h7h6 c2c4 c8c6 b6e3 g7d4 e3d4 d7d4 b1e1 d4c4 a4a8 g8g7 e1e7 c6d6 e7e8 c4c2 e8g8 g7h7 a2a3 d6g6 g8g6 h7g6 a3a4 h6h5 g1h2 g6g5 a8a5 g5g6 a5a6 g6g5 a6a7 g5g6 a7b7 c2a2 b7b4 a2a3 b4f4 g6g5 f4d4 g5h6 d4e4 h6g7 h2g1 a3a2 e4f4 g7g6 f4c4 g6h7 g1f1 h7g7 c4f4 g7g6 f4e4 g6h6 g2g3 f7f6 e4c4 h6g6 f1e1 a2a3 e1f2 g6h7 h3h4 h7g6 c4b4 g6f5
Finished game 198 (base vs dev): 1/2-1/2 {Draw by 3-fold repetition}
Started game 199 of 4000 (dev vs base)
Finished game 195 (dev vs base): 1/2-1/2 {Draw by 3-fold repetition}
Started game 200 of 4000 (base vs dev)
Finished game 199 (dev vs base): 1/2-1/2 {Draw by 3-fold repetition}
Started game 201 of 4000 (dev vs base)
Finished game 197 (dev vs base): 1/2-1/2 {Draw by 3-fold repetition}
Started game 202 of 4000 (base vs dev)
Finished game 196 (base vs dev): 1/2-1/2 {Draw by 3-fold repetition}
Started game 203 of 4000 (dev vs base)
Finished game 200 (base vs dev): 1-0 {White wins by adjudication}
--------------------------------------------------
Results of dev vs base (8+0.08, 1t, 64MB, 8moves_v3.pgn):
Elo: -20.87 +/- 24.82, nElo: -40.66 +/- 48.15
LOS: 4.89 %, DrawRatio: 55.00 %, PairsRatio: 0.67
Games: 200, Wins: 26, Losses: 38, Draws: 136, Points: 94.0 (47.00 %)
Ptnml(0-2): [3, 24, 55, 18, 0], WL/DD Ratio: 0.17
LLR: -0.76 (-26.0%) (-2.94, 2.94) [0.00, 10.00]
--------------------------------------------------
Started game 204 of 4000 (base vs dev)
Warning; Bestmove does not match beginning of last PV - move h3g2 from base
Info; info depth 19 score cp 0 nodes 29426 nps 397648 time 74 pv h3g4
Position; startpos
Moves; c2c4 g8f6 b1c3 g7g6 e2e4 d7d6 d2d4 f8g7 f1d3 e8g8 g1e2 c7c6 h2h3 b8a6 c1e3 e7e5 d4d5 c6d5 c4d5 a6c5 a1c1 c5d3 d1d3 c8d7 e1g1 a7a6 e3g5 b7b5 a2a3 h7h6 g5e3 f6h5 e2g3 h5f4 d3d2 d8h4 c3e2 f4g2 g1g2 d7h3 g2g1 h3f1 c1f1 h4h3 f2f3 f7f5 e4f5 g6f5 f3f4 f8f6 g1f2 f6g6 f1h1 h3g4 f2e1 a8e8 e1d1 e8c8 d2d3 e5e4 d3b3 h6h5 h1g1 g4h3 g1h1 h3g4 h1g1 g4h3 g1h1
Finished game 202 (base vs dev): 1/2-1/2 {Draw by 3-fold repetition}
Started game 205 of 4000 (dev vs base)
Finished game 203 (dev vs base): 0-1 {Black wins by adjudication}
Started game 206 of 4000 (base vs dev)
Finished game 201 (dev vs base): 1/2-1/2 {Draw by 3-fold repetition}
Started game 207 of 4000 (dev vs base)
Finished game 205 (dev vs base): 0-1 {Black wins by adjudication}
Started game 208 of 4000 (base vs dev)
Finished game 206 (base vs dev): 1-0 {White wins by adjudication}
Started game 209 of 4000 (dev vs base)
Warning; Bestmove does not match beginning of last PV - move h5h4 from dev
Info; info depth 11 score cp 111 nodes 44970 nps 1070714 time 42 pv c6b7 c4c3 b7a6 c3c4 h5g5 c4b4 h7g8 b4c3 g8a2 c3d3
Position; startpos
Moves; c2c4 g8f6 b1c3 g7g6 e2e4 d7d6 d2d4 f8g7 f1d3 e8g8 g1e2 c7c6 h2h3 b8a6 c1e3 e7e5 d4d5 c6d5 c4d5 a6c5 d3c2 a7a5 e1g1 c8d7 a2a4 d8b6 d1d2 f6h5 g1h2 b6b4 f1d1 f7f5 f2f3 a8c8 a1a3 g7f6 e4f5 g6f5 e3f2 h5g7 a3a1 c5b3 c2b3 b4b3 e2c1 b3c4 d2h6 f8f7 d1e1 e5e4 c1e2 c4b4 h6d2 e4f3 g2f3 c8c4 f3f4 g7h5 e1g1 f7g7 g1g7 h5g7 d2c2 h7h6 a1a3 c4c7 a3b3 d7a4 b3b4 a4c2 b4b6 c7d7 e2d4 c2d3 c3b5 g7e8 b5c3 d3c4 d4f5 f6d8 f5h6 g8f8 h6f5 d8b6 f2b6 d7f7 f5e3 c4d3 h2g3 e8f6 f4f5 f6h5 g3g4 h5g7 b6a5 g7f5 e3f5 d3f5 g4f4 f8e7 a5b4 f5h3 f4g3 h3f5 c3b5 f5e4 b5d6 f7f3 g3g4 f3b3 b4c5 e4d5 d6b7 e7e6 b7d6 e6e5 c5a3 d5e6 g4h5 b3h3 h5g6 h3g3 g6h6 g3g4 h6h5 g4g8 h5h4 e6b3 h4h5 g8g2 h5h4 b3d1 d6c4 e5e4 h4h3 g2c2 b2b3 c2c3 h3g2 c3d3 a3c1 d1g4 c1h6 d3h3 h6f8 e4f5 f8c5 f5g5 c5e3 g5h4 e3f2 h4h5 f2g3 h5g5 c4e5 g4e6 e5f3 g5g6 g3h4 e6c8 b3b4 g6h6 b4b5 c8g4 h4g3 h3h5 f3e5 g4e6 g2f3 h6g7 f3e4 g7g8 e5c6 e6h3 e4f4 h5b5 c6d4 b5a5 g3e1 a5a2 f4e5 g8f7 e1c3 a2a3 c3d2 a3d3 d2g5 h3g2 g5d8 g2h1 d8b6 d3h3 d4f5 h3h5 e5f4 h1d5 b6d4 d5a8 d4e5 h5h1 e5c3 f7e6 f5g7 e6d5 g7f5 a8b7 c3d4 h1b1 d4c3 b1c1 c3h8 c1c5 h8d4 c5a5 d4c3 a5a3 c3h8 a3a8 h8c3 a8a4 f4g5 a4a6 c3h8 b7a8 h8g7 d5e6 f5d4 e6f7 g7e5 a6a1 g5f5 a8g2 d4b5 g2h3 f5e4 a1h1 b5d4 h3g2 e4d3 h1h3 d3c4 h3h5 e5d6 g2f1 c4c3 f7e8 c3b4 e8d7 d6c5 h5h4 b4c3 h4h3 c3b4 h3h5 c5f8 f1g2 d4c2 d7c6 f8g7 g2e4 c2e3 e4g6 g7d4 g6h7 b4c4
Finished game 204 (base vs dev): 1/2-1/2 {Draw by fifty moves rule}
Started game 210 of 4000 (base vs dev)
Finished game 207 (dev vs base): 1/2-1/2 {Draw by 3-fold repetition}
Started game 211 of 4000 (dev vs base)
Finished game 208 (base vs dev): 1/2-1/2 {Draw by 3-fold repetition}
Started game 212 of 4000 (base vs dev)
Finished game 210 (base vs dev): 1/2-1/2 {Draw by 3-fold repetition}
Started game 213 of 4000 (dev vs base)
Finished game 212 (base vs dev): 0-1 {Black wins by adjudication}
Started game 214 of 4000 (base vs dev)
Finished game 209 (dev vs base): 1/2-1/2 {Draw by 3-fold repetition}
Started game 215 of 4000 (dev vs base)
Finished game 211 (dev vs base): 1/2-1/2 {Draw by insufficient mating material}
Started game 216 of 4000 (base vs dev)
Finished game 214 (base vs dev): 1/2-1/2 {Draw by 3-fold repetition}
Started game 217 of 4000 (dev vs base)
Finished game 215 (dev vs base): 1-0 {White wins by adjudication}
Started game 218 of 4000 (base vs dev)
Warning; Bestmove does not match beginning of last PV - move b4c4 from dev
Info; info depth 17 score cp -30 nodes 9718 nps 1619666 time 6 pv b4b5 f5g4 b5g5 g4h4 g5g6 h4h3 g6b6 h5h4 b6b4 a3a1 b4b2 a1a3 b2b4 a3a2 f2f3 a2a1 f3f2 a1a3 b4d4 a3a2 f2f3 a2a5
Position; startpos
Moves; d2d4 g8f6 c2c4 e7e6 g1f3 b7b6 a2a3 c8b7 b1c3 d7d5 c4d5 f6d5 d1c2 d5c3 c2c3 h7h6 g2g3 b8d7 f1g2 d7f6 e1g1 a7a5 f3e5 b7g2 g1g2 c7c5 c1e3 f8e7 d4c5 b6c5 a1c1 d8d5 f2f3 e8g8 e3c5 f8c8 b2b4 a5b4 a3b4 d5b7 c3d2 c8d8 d2f4 e7c5 b4c5 a8a2 f1e1 d8d2 g2f1 f6d5 c5c6 b7c7 f4f7 c7f7 e5f7 g8f7 c6c7 d5e7 c7c8q e7c8 c1c8 d2c2 c8b8 a2b2 b8a8 b2b5 f1f2 b5e5 a8a4 f7f6 a4f4 f6e7 f4g4 e7f7 g4b4 f7g6 b4d4 g6f6 h2h4 h6h5 d4d6 f6e7 d6d3 e7f6 d3b3 f6f7 b3b7 f7f6 b7d7 f6g6 d7d1 g6f6 d1d4 f6g6 d4f4 g6h7 f4b4 h7g6 f3f4 e5a5 e1d1 c2c7 d1d6 g6f7 f2f3 c7e7 b4b8 g7g6 e2e3 a5c5 b8b1 e7c7 b1b6 c7e7 b6a6 c5b5 d6c6 f7f6 c6c8 f6g7 a6a8 e6e5 c8g8 g7h7 g8h8 h7g7 a8g8 g7f7 h8h7 f7g8 h7e7 e5f4 g3f4 b5b4 e7a7 b4c4 a7e7 g8f8 e7b7 c4a4 b7b3 a4a2 e3e4 a2h2 f3g3 h2h1 e4e5 f8f7 b3b7 f7e6 b7b6 e6d5 b6f6 h1a1 g3f3 a1a3 f3e2 a3a2 e2d1 a2f2 d1e1 f2g2 f6d6 d5e4 d6b6 e4e3 b6b3 e3f4 e5e6 g2a2 e6e7 a2a8 e1f2 f4f5 f2f3 a8e8 b3b5 f5f6 b5b6 f6g7 b6e6 g7f7 e6e4 e8e7 e4f4 f7g7 f4c4 e7e5 f3g3 g7f6 c4f4 f6e6 f4a4 e5d5 g3f3 d5d3 f3f2 e6e5 a4a5 d3d5 a5a6 e5f5 a6a4 d5d2 f2g3 f5e5 a4a5 d2d5 a5a6 e5f5 a6a4 d5d3 g3f2 d3d7 f2g3 d7e7 a4f4 f5e5 f4f1 e5d6 f1d1 d6e6 d1e1 e6d7 e1d1 d7e8 d1d4 e7e5 g3f4 e5f5 f4g3 f5a5 g3g2 e8f7 g2f3 f7f6 d4b4 a5a3 f3f2 a3a6 f2g3 f6f5 g3f3 a6a3 f3f2 a3a5 f2g3 a5c5 b4f4 f5e6 f4a4 c5c3 g3g2 c3c6 g2g3 e6f6 g3g2 c6e6 a4f4 f6e5 f4b4 e6d6 b4b5 d6d5 b5b6 e5f5 b6b4 d5d2 g2g3 d2d3 g3f2 d3a3
Finished game 213 (dev vs base): 1/2-1/2 {Draw by fifty moves rule}
Started game 219 of 4000 (dev vs base)
Finished game 217 (dev vs base): 0-1 {Black wins by adjudication}
Started game 220 of 4000 (base vs dev)
Finished game 216 (base vs dev): 1/2-1/2 {Draw by adjudication}
Started game 221 of 4000 (dev vs base)
Finished game 218 (base vs dev): 1/2-1/2 {Draw by 3-fold repetition}
Started game 222 of 4000 (base vs dev)
Warning; Bestmove does not match beginning of last PV - move b8f4 from dev
Info; info depth 14 score cp 0 nodes 4889 nps 119243 time 41 pv h2f4
Position; startpos
Moves; d2d4 e7e6 c2c4 d7d5 b1c3 c7c6 e2e3 b8d7 f1d3 d5c4 d3c4 b7b5 c4d3 a7a6 g1f3 c6c5 e1g1 g8f6 a2a4 b5b4 c3e4 c8b7 e4f6 d7f6 d1e2 c5d4 e3e4 f6d7 f3d4 f8d6 d4b3 e8g8 f1d1 d8b8 h2h4 a6a5 h4h5 h7h6 c1e3 d7f6 e3d4 d6e5 d4b6 b7c6 b6a5 e5h2 g1f1 h2f4 f1g1 f4h2 g1f1
Warning; Bestmove does not match beginning of last PV - move c4b5 from dev
Info; info depth 18 score cp 372 nodes 26907 nps 768771 time 35 pv c4d5 c1d1 b7a7 d1d2 a7c7 d2d1 c7b7 d1d2 d5c4 d2c2 c4d3 c2c6 d3e4 c6e6 e4d5 e6d6 d5e5 d6a6 d4e3 a6a3 e5f6 a3a6 b7b6 a6b6 e3b6 g8h7 f6e6 f8g7 e6f7
Position; startpos
Moves; d2d4 e7e6 c2c4 d7d5 b1c3 c7c6 e2e3 b8d7 f1d3 d5c4 d3c4 b7b5 c4d3 a7a6 g1f3 c6c5 e1g1 g8f6 a2a4 b5b4 c3e4 c8b7 e4f6 d8f6 a4a5 h7h6 d3e2 a8c8 c1d2 f8d6 d4c5 d6c5 d1a4 b7c6 a4d1 e6e5 f3e1 c8b8 e2a6 e8g8 a6e2 f8d8 e1f3 f6g6 a1c1 c5f8 d1c2 g6c2 c1c2 d7c5 a5a6 c6e4 c2c4 e4d3 e2d3 c5d3 b2b3 b8b6 f1a1 d8a8 g1f1 d3b2 c4e4 f7f6 a1a2 b2d3 e4c4 b6a6 a2a6 a8a6 f1e2 f6f5 e2d3 e5e4 d3e2 e4f3 e2f3 a6b6 g2g3 g7g6 e3e4 f5e4 f3e4 h6h5 d2e3 b6a6 e3d4 g8f7 h2h4 f8e7 c4c7 f7e6 c7c8 e6f7 e4d5 a6a2 d4e3 e7f8 c8c7 f7g8 e3d4 a2d2 c7d7 d2d3 d5c4 d3d1 d7b7 d1c1
Finished game 219 (dev vs base): 1-0 {White wins by adjudication}
Started game 223 of 4000 (dev vs base)
Finished game 221 (dev vs base): 1-0 {White wins by adjudication}
Started game 224 of 4000 (base vs dev)
Finished game 222 (base vs dev): 1/2-1/2 {Draw by 3-fold repetition}
Started game 225 of 4000 (dev vs base)
Finished game 224 (base vs dev): 1/2-1/2 {Draw by 3-fold repetition}
Started game 226 of 4000 (base vs dev)
Warning; Bestmove does not match beginning of last PV - move b7b5 from base
Info; info depth 19 score cp 45 nodes 62054 nps 646395 time 96 pv d6e7 e1f2 b7b5 f2e1 e7d6 e2d2 d6d7 d2c2 d7d8 c2d2 d8e8 d2e2 e8d7 e2d2 d7e7 d2d1 e7f8 c4b5 c6b5
Position; startpos
Moves; c2c4 e7e5 b1c3 g8f6 g1f3 b8c6 e2e3 f8b4 d1b3 b4c3 b3c3 d8e7 f1e2 d7d5 e1g1 d5d4 e3d4 e5d4 c3c2 e8g8 d2d3 f8e8 f1e1 c8g4 c1d2 e7d6 c2d1 a7a5 h2h3 g4h5 f3h4 h5e2 e1e2 f6d7 e2e8 a8e8 d1h5 g7g6 h5g5 e8e2 a1d1 d6e7 g5e7 e2e7 h4f3 a5a4 d1e1 g8f8 e1e7 f8e7 g1f1 d7c5 f1e2 c5e6 b2b3 a4b3 a2b3 e7f6 b3b4 c6e5 f3e5 f6e5 g2g3 c7c6 f2f4 e5d6 d2e1
Finished game 220 (base vs dev): 1/2-1/2 {Draw by 3-fold repetition}
--------------------------------------------------
Results of dev vs base (8+0.08, 1t, 64MB, 8moves_v3.pgn):
Elo: -18.80 +/- 24.40, nElo: -35.34 +/- 45.70
LOS: 6.48 %, DrawRatio: 53.15 %, PairsRatio: 0.73
Games: 222, Wins: 30, Losses: 42, Draws: 150, Points: 105.0 (47.30 %)
Ptnml(0-2): [4, 26, 59, 22, 0], WL/DD Ratio: 0.16
LLR: -0.75 (-25.5%) (-2.94, 2.94) [0.00, 10.00]
--------------------------------------------------
Started game 227 of 4000 (dev vs base)
Finished game 223 (dev vs base): 0-1 {Black wins by adjudication}
Started game 228 of 4000 (base vs dev)
Finished game 226 (base vs dev): 1/2-1/2 {Draw by 3-fold repetition}
Started game 229 of 4000 (dev vs base)
Finished game 227 (dev vs base): 1-0 {White wins by adjudication}
Started game 230 of 4000 (base vs dev)
Finished game 228 (base vs dev): 1/2-1/2 {Draw by 3-fold repetition}
Started game 231 of 4000 (dev vs base)
Finished game 225 (dev vs base): 1/2-1/2 {Draw by 3-fold repetition}
Started game 232 of 4000 (base vs dev)
Finished game 229 (dev vs base): 1/2-1/2 {Draw by 3-fold repetition}
Started game 233 of 4000 (dev vs base)
Finished game 230 (base vs dev): 1/2-1/2 {Draw by 3-fold repetition}
Started game 234 of 4000 (base vs dev)
Finished game 232 (base vs dev): 0-1 {Black wins by adjudication}
Started game 235 of 4000 (dev vs base)
Finished game 231 (dev vs base): 0-1 {Black wins by adjudication}
Started game 236 of 4000 (base vs dev)
Finished game 233 (dev vs base): 1/2-1/2 {Draw by 3-fold repetition}
Started game 237 of 4000 (dev vs base)
Finished game 236 (base vs dev): 1/2-1/2 {Draw by 3-fold repetition}
Started game 238 of 4000 (base vs dev)
Finished game 234 (base vs dev): 1-0 {White wins by adjudication}
Started game 239 of 4000 (dev vs base)
Finished game 235 (dev vs base): 1-0 {White wins by adjudication}
Started game 240 of 4000 (base vs dev)
Finished game 237 (dev vs base): 1/2-1/2 {Draw by 3-fold repetition}
Started game 241 of 4000 (dev vs base)
Finished game 238 (base vs dev): 0-1 {Black wins by adjudication}
Started game 242 of 4000 (base vs dev)
Finished game 240 (base vs dev): 1/2-1/2 {Draw by 3-fold repetition}
Started game 243 of 4000 (dev vs base)
Finished game 239 (dev vs base): 1/2-1/2 {Draw by 3-fold repetition}
--------------------------------------------------
Results of dev vs base (8+0.08, 1t, 64MB, 8moves_v3.pgn):
Elo: -15.94 +/- 23.48, nElo: -29.92 +/- 43.96
LOS: 9.11 %, DrawRatio: 52.50 %, PairsRatio: 0.78
Games: 240, Wins: 34, Losses: 45, Draws: 161, Points: 114.5 (47.71 %)
Ptnml(0-2): [4, 28, 63, 25, 0], WL/DD Ratio: 0.17
LLR: -0.70 (-23.8%) (-2.94, 2.94) [0.00, 10.00]
--------------------------------------------------
Started game 244 of 4000 (base vs dev)
Warning; Bestmove does not match beginning of last PV - move c7c8 from base
Info; info depth 17 score cp 0 nodes 14776 nps 208112 time 71 pv c7b8
Position; startpos
Moves; e2e4 c7c5 g1f3 e7e6 d2d4 c5d4 f3d4 g8f6 b1c3 d7d6 f1e2 a7a6 a2a4 f8e7 c1e3 e8g8 a4a5 d8c7 e1g1 b8d7 d4b3 b7b6 a5b6 d7b6 d1d4 b6d7 d4c4 c7b8 b3a5 d7e5 c4b3 c8d7 f1e1 h7h6 h2h3 b8c7 e3b6 c7b8 b6d4 b8c7 d4b6
Finished game 242 (base vs dev): 1/2-1/2 {Draw by 3-fold repetition}
Started game 245 of 4000 (dev vs base)
Finished game 241 (dev vs base): 0-1 {Black wins by adjudication}
Started game 246 of 4000 (base vs dev)
Finished game 243 (dev vs base): 1/2-1/2 {Draw by 3-fold repetition}
Started game 247 of 4000 (dev vs base)
Finished game 244 (base vs dev): 1/2-1/2 {Draw by 3-fold repetition}
Started game 248 of 4000 (base vs dev)
Finished game 247 (dev vs base): 1/2-1/2 {Draw by 3-fold repetition}
Started game 249 of 4000 (dev vs base)
Finished game 245 (dev vs base): 0-1 {Black wins by adjudication}
Started game 250 of 4000 (base vs dev)
Finished game 246 (base vs dev): 1/2-1/2 {Draw by 3-fold repetition}
Started game 251 of 4000 (dev vs base)
Finished game 248 (base vs dev): 1/2-1/2 {Draw by 3-fold repetition}
Started game 252 of 4000 (base vs dev)
Finished game 249 (dev vs base): 1-0 {White wins by adjudication}
Started game 253 of 4000 (dev vs base)
Finished game 250 (base vs dev): 1/2-1/2 {Draw by 3-fold repetition}
Started game 254 of 4000 (base vs dev)
Finished game 251 (dev vs base): 1/2-1/2 {Draw by 3-fold repetition}
Started game 255 of 4000 (dev vs base)
Finished game 252 (base vs dev): 1-0 {White wins by adjudication}
Started game 256 of 4000 (base vs dev)
Finished game 253 (dev vs base): 1/2-1/2 {Draw by 3-fold repetition}
Started game 257 of 4000 (dev vs base)
Finished game 254 (base vs dev): 1/2-1/2 {Draw by adjudication}
Started game 258 of 4000 (base vs dev)
Finished game 255 (dev vs base): 1-0 {White wins by adjudication}
Started game 259 of 4000 (dev vs base)
Warning; Bestmove does not match beginning of last PV - move f3f4 from base
Info; info depth 14 score cp -102 nodes 34475 nps 749456 time 46 pv g3g2 c6d7 a2c2 c7b6 f3f4 d1g1 g2f3 g1h1 f3g3 h1f1 c2d2 d7e6 d2d3 b6c5 e2e3 f1g1 g3f3 g1h1 f3g2 h1h4
Position; startpos
Moves; d2d4 d7d5 c2c4 e7e6 g1f3 c7c5 c4d5 e6d5 g2g3 g8f6 f1g2 f8e7 e1g1 e8g8 c1e3 f6g4 e3f4 b8c6 b1c3 c5c4 b2b3 c4b3 d1b3 g4f6 f1d1 c6a5 b3b1 a7a6 h2h4 c8e6 f3g5 a8c8 c3a4 b7b5 f4e5 f6e4 g5e6 f7e6 g2e4 d5e4 a4c5 d8d5 c5e4 a5c4 f2f3 c4e3 d1c1 c8c1 b1c1 e3c4 g1h1 a6a5 c1c2 f8d8 a1c1 c4e5 d4e5 d5e5 c2c7 e5c7 c1c7 g8f8 c7b7 d8d1 h1g2 b5b4 b7a7 d1a1 a7a5 b4b3 a5a8 f8f7 a8b8 b3a2 b8a8 e7b4 g3g4 f7e7 a8a7 e7d8 g4g5 h7h6 g5h6 g7h6 a7a4 b4e1 a4a7 d8c8 e4c5 e6e5 c5d3 e1c3 a7a4 c3d4 g2h2 d4g1 h2h3 g1e3 h3h2 e3d2 h2g2 c8c7 d3e5 d2e3 e5g4 e3b6 g4f2 c7c6 f2d1 h6h5 g2g3 b6c7 g3g2 c7b6 g2g3 a1d1 a4a2 d1d4 g3h3 d4d1 h3g3 b6c7
Finished game 257 (dev vs base): 1/2-1/2 {Draw by 3-fold repetition}
Started game 260 of 4000 (base vs dev)
Finished game 256 (base vs dev): 0-1 {Black wins by adjudication}
Started game 261 of 4000 (dev vs base)
Finished game 258 (base vs dev): 1/2-1/2 {Draw by 3-fold repetition}
Started game 262 of 4000 (base vs dev)
Finished game 260 (base vs dev): 0-1 {Black wins by adjudication}
Started game 263 of 4000 (dev vs base)
Finished game 259 (dev vs base): 1/2-1/2 {Draw by 3-fold repetition}
--------------------------------------------------
Results of dev vs base (8+0.08, 1t, 64MB, 8moves_v3.pgn):
Elo: -13.37 +/- 23.08, nElo: -24.52 +/- 42.23
LOS: 12.76 %, DrawRatio: 51.54 %, PairsRatio: 0.80
Games: 260, Wins: 38, Losses: 48, Draws: 174, Points: 125.0 (48.08 %)
Ptnml(0-2): [4, 31, 67, 27, 1], WL/DD Ratio: 0.16
LLR: -0.64 (-21.6%) (-2.94, 2.94) [0.00, 10.00]
--------------------------------------------------
Started game 264 of 4000 (base vs dev)
Finished game 262 (base vs dev): 1-0 {White wins by adjudication}
Started game 265 of 4000 (dev vs base)
Finished game 261 (dev vs base): 1/2-1/2 {Draw by 3-fold repetition}
Started game 266 of 4000 (base vs dev)
Finished game 264 (base vs dev): 1-0 {White mates}
Started game 267 of 4000 (dev vs base)
Finished game 263 (dev vs base): 1-0 {Black loses on time (104ms overrun)}
Started game 268 of 4000 (base vs dev)
Finished game 266 (base vs dev): 1-0 {White wins by adjudication}
Started game 269 of 4000 (dev vs base)
Finished game 265 (dev vs base): 1/2-1/2 {Draw by 3-fold repetition}
Started game 270 of 4000 (base vs dev)
Finished game 268 (base vs dev): 1/2-1/2 {Draw by insufficient mating material}
Started game 271 of 4000 (dev vs base)
Finished game 270 (base vs dev): 1/2-1/2 {Draw by 3-fold repetition}
Started game 272 of 4000 (base vs dev)
Finished game 267 (dev vs base): 1/2-1/2 {Draw by adjudication}
Started game 273 of 4000 (dev vs base)
Finished game 269 (dev vs base): 1/2-1/2 {Draw by 3-fold repetition}
Started game 274 of 4000 (base vs dev)
Finished game 271 (dev vs base): 1-0 {White wins by adjudication}
Started game 275 of 4000 (dev vs base)
Finished game 272 (base vs dev): 0-1 {Black wins by adjudication}
Started game 276 of 4000 (base vs dev)
Finished game 274 (base vs dev): 1-0 {White wins by adjudication}
Started game 277 of 4000 (dev vs base)
Finished game 273 (dev vs base): 1/2-1/2 {Draw by 3-fold repetition}
Started game 278 of 4000 (base vs dev)
Finished game 276 (base vs dev): 1/2-1/2 {Draw by 3-fold repetition}
Started game 279 of 4000 (dev vs base)
Finished game 277 (dev vs base): 1/2-1/2 {Draw by 3-fold repetition}
Started game 280 of 4000 (base vs dev)
Finished game 278 (base vs dev): 1/2-1/2 {Draw by 3-fold repetition}
Started game 281 of 4000 (dev vs base)
Finished game 275 (dev vs base): 1-0 {White wins by adjudication}
Started game 282 of 4000 (base vs dev)
Finished game 282 (base vs dev): 1/2-1/2 {Draw by 3-fold repetition}
Started game 283 of 4000 (dev vs base)
Finished game 281 (dev vs base): 1/2-1/2 {Draw by 3-fold repetition}
Started game 284 of 4000 (base vs dev)
Finished game 280 (base vs dev): 1-0 {White wins by adjudication}
Started game 285 of 4000 (dev vs base)
Finished game 279 (dev vs base): 1/2-1/2 {Draw by 3-fold repetition}
--------------------------------------------------
Results of dev vs base (8+0.08, 1t, 64MB, 8moves_v3.pgn):
Elo: -13.56 +/- 22.48, nElo: -24.52 +/- 40.55
LOS: 11.80 %, DrawRatio: 51.06 %, PairsRatio: 0.77
Games: 282, Wins: 42, Losses: 53, Draws: 187, Points: 135.5 (48.05 %)
Ptnml(0-2): [4, 35, 72, 28, 2], WL/DD Ratio: 0.16
LLR: -0.69 (-23.3%) (-2.94, 2.94) [0.00, 10.00]
--------------------------------------------------
Started game 286 of 4000 (base vs dev)
Finished game 283 (dev vs base): 1/2-1/2 {Draw by 3-fold repetition}
Started game 287 of 4000 (dev vs base)
Finished game 284 (base vs dev): 0-1 {Black wins by adjudication}
Started game 288 of 4000 (base vs dev)
Finished game 285 (dev vs base): 1/2-1/2 {Draw by 3-fold repetition}
Started game 289 of 4000 (dev vs base)
Warning; Bestmove does not match beginning of last PV - move b8b7 from base
Info; info depth 16 score cp -173 nodes 26546 nps 915379 time 29 pv g7f6 b1b4 f6g7 b4b3 b8b6 b3b1 b6b8 h2h3 b8b7 b1b2 b7b8 b2b3 b8b7 b3b1 b7b6 d3d2 g7f6
Position; startpos
Moves; c2c4 c7c6 e2e4 d7d5 c4d5 c6d5 e4d5 g8f6 f1b5 b8d7 b1c3 a7a6 d1a4 a8b8 b5d7 d8d7 a4d7 c8d7 d2d4 b8d8 c1g5 g7g6 g1f3 d7f5 g5f6 e7f6 f3d2 f8b4 a2a3 b4c3 b2c3 h7h5 d2c4 f5e4 c4e3 b7b5 a3a4 f6f5 e1e2 e8g8 f2f3 e4d5 e3d5 d8d5 a4b5 a6b5 h1b1 h5h4 a1a5 f8b8 f3f4 g8g7 e2d3
Finished game 289 (dev vs base): 1/2-1/2 {Draw by 3-fold repetition}
Started game 290 of 4000 (base vs dev)
Finished game 287 (dev vs base): 1/2-1/2 {Draw by 3-fold repetition}
Started game 291 of 4000 (dev vs base)
Finished game 286 (base vs dev): 0-1 {Black wins by adjudication}
Started game 292 of 4000 (base vs dev)
Warning; Bestmove does not match beginning of last PV - move f4c4 from base
Info; info depth 13 score cp -739 nodes 62256 nps 1245120 time 50 pv f4f2 f7c7 f2c2 c7d7 b3b2 f5f4 b2c1 e5e4 c2d2 d7d2 c1d2 e4f3 d2e1 f3g2 e1e2 f4f3 e2e1
Position; startpos
Moves; c2c4 c7c6 e2e4 d7d5 c4d5 c6d5 e4d5 g8f6 f1b5 b8d7 b1c3 a7a6 d1a4 a8b8 b5d7 d8d7 a4d7 c8d7 d2d4 b8d8 c1g5 d7f5 g5f6 g7f6 g1e2 h7h5 f2f3 f8h6 f3f4 h5h4 e1f2 f5g4 f2e3 e7e5 h1e1 g4e2 c3e2 d8d5 a1d1 e5f4 e3f2 e8d8 e2c3 d5d6 d1d3 h6g5 e1e4 d6b6 b2b3 h4h3 d3h3 h8h3 g2h3 b6c6 c3a4 c6c1 e4e2 b7b5 a4c5 c1c3 c5e4 c3h3 f2g1 f4f3 e2e1 d8d7 a2a4 g5h4 e4f2 h4f2 g1f2 b5b4 a4a5 d7d6 e1c1 h3h2 f2f3 h2h3 f3e2 h3b3 c1f1 d6e6 e2d2 b3a3 f1b1 a3a4 d2d3 e6d5 b1f1 a4a3 d3c2 d5c4 f1f5 a3a2 c2c1 c4d4 c1b1 a2a3 b1b2 d4c4 f5f6 a3a5 f6f4 c4b5 f4f5 b5a4 f5f6 a5e5 f6a6 a4b5 a6f6 e5e7 b2b3 b5c5 f6f1 e7b7 f1d1 f7f5 d1f1 b7f7 f1f4 c5d5 b3c2 b4b3 c2b3 d5e5
Finished game 288 (base vs dev): 0-1 {Black wins by adjudication}
Started game 293 of 4000 (dev vs base)
