SPRT: dev=/Users/titojr/Documents/closed testing/Nature(v2)/engine-src/build/carelesschess
      base=/Users/titojr/Documents/closed testing/Nature(v2)/engine-src/tools/baselines/cc-c1-timeman
      tc=8+0.08  bounds=[0, 10]  alpha=0.05  beta=0.05
      rounds<=2000  concurrency=4  hash=64MB  threads=1

Indexing opening suite...
Started game 1 of 4000 (dev vs base)
Started game 3 of 4000 (dev vs base)
Started game 4 of 4000 (base vs dev)
Started game 2 of 4000 (base vs dev)
Finished game 4 (base vs dev): 1/2-1/2 {Draw by 3-fold repetition}
Started game 5 of 4000 (dev vs base)
Finished game 1 (dev vs base): 1/2-1/2 {Draw by 3-fold repetition}
Started game 6 of 4000 (base vs dev)
Finished game 3 (dev vs base): 1/2-1/2 {Draw by 3-fold repetition}
Started game 7 of 4000 (dev vs base)
Finished game 5 (dev vs base): 0-1 {Black wins by adjudication}
Started game 8 of 4000 (base vs dev)
Finished game 6 (base vs dev): 1/2-1/2 {Draw by 3-fold repetition}
Started game 9 of 4000 (dev vs base)
Finished game 2 (base vs dev): 1/2-1/2 {Draw by fifty moves rule}
Started game 10 of 4000 (base vs dev)
Finished game 7 (dev vs base): 0-1 {Black wins by adjudication}
Started game 11 of 4000 (dev vs base)
Finished game 8 (base vs dev): 0-1 {Black wins by adjudication}
Started game 12 of 4000 (base vs dev)
Finished game 9 (dev vs base): 1/2-1/2 {Draw by 3-fold repetition}
Started game 13 of 4000 (dev vs base)
Finished game 10 (base vs dev): 1-0 {White wins by adjudication}
Started game 14 of 4000 (base vs dev)
Finished game 13 (dev vs base): 1-0 {White wins by adjudication}
Started game 15 of 4000 (dev vs base)
Finished game 11 (dev vs base): 1-0 {White wins by adjudication}
Started game 16 of 4000 (base vs dev)
Finished game 12 (base vs dev): 1/2-1/2 {Draw by 3-fold repetition}
Started game 17 of 4000 (dev vs base)
Finished game 14 (base vs dev): 1-0 {White wins by adjudication}
Started game 18 of 4000 (base vs dev)
Finished game 15 (dev vs base): 1-0 {White wins by adjudication}
Started game 19 of 4000 (dev vs base)
Finished game 16 (base vs dev): 1/2-1/2 {Draw by 3-fold repetition}
Started game 20 of 4000 (base vs dev)
Finished game 17 (dev vs base): 1/2-1/2 {Draw by 3-fold repetition}
Started game 21 of 4000 (dev vs base)
Finished game 20 (base vs dev): 1/2-1/2 {Draw by 3-fold repetition}
Started game 22 of 4000 (base vs dev)
Finished game 21 (dev vs base): 1/2-1/2 {Draw by 3-fold repetition}
Started game 23 of 4000 (dev vs base)
Finished game 18 (base vs dev): 1/2-1/2 {Draw by fifty moves rule}
Started game 24 of 4000 (base vs dev)
Finished game 19 (dev vs base): 1-0 {White wins by adjudication}
--------------------------------------------------
Results of dev vs base (8+0.08, 1t, 64MB, 8moves_v3.pgn):
Elo: 17.39 +/- 76.79, nElo: 35.10 +/- 152.27
LOS: 67.43 %, DrawRatio: 50.00 %, PairsRatio: 1.50
Games: 20, Wins: 5, Losses: 4, Draws: 11, Points: 10.5 (52.50 %)
Ptnml(0-2): [0, 2, 5, 3, 0], WL/DD Ratio: 0.67
LLR: 0.05 (1.7%) (-2.94, 2.94) [0.00, 10.00]
--------------------------------------------------
Started game 25 of 4000 (dev vs base)
Finished game 23 (dev vs base): 1/2-1/2 {Draw by 3-fold repetition}
Started game 26 of 4000 (base vs dev)
Finished game 22 (base vs dev): 1/2-1/2 {Draw by 3-fold repetition}
Started game 27 of 4000 (dev vs base)
Finished game 24 (base vs dev): 1/2-1/2 {Draw by 3-fold repetition}
Started game 28 of 4000 (base vs dev)
Finished game 25 (dev vs base): 1/2-1/2 {Draw by 3-fold repetition}
Started game 29 of 4000 (dev vs base)
Warning; Bestmove does not match beginning of last PV - move a8a6 from dev
Info; info depth 12 score cp 0 nodes 27840 nps 224516 time 124 pv c6e5
Position; startpos
Moves; e2e4 c7c5 b1c3 b8c6 g2g3 g7g6 f1g2 f8g7 d2d3 g8f6 g1e2 e8g8 e1g1 d7d6 a1b1 a8b8 a2a3 b7b5 h2h3 a7a5 a3a4 b5a4 c3a4 f6e8 g1h2 e8c7 a4c3 c7e6 b2b3 e6d4 c1g5 h7h6 g5d2 c8d7 b1a1 d4e2 d1e2 e7e6 a1a3 h6h5 h3h4 b8a8 f1c1 d8b8 e2e1 c6e5 h2g1 e5c6 g1h2
Finished game 29 (dev vs base): 1-0 {White wins by adjudication}
Started game 30 of 4000 (base vs dev)
Finished game 28 (base vs dev): 1/2-1/2 {Draw by 3-fold repetition}
Started game 31 of 4000 (dev vs base)
Finished game 27 (dev vs base): 0-1 {Black wins by adjudication}
Started game 32 of 4000 (base vs dev)
Finished game 26 (base vs dev): 1/2-1/2 {Draw by 3-fold repetition}
Started game 33 of 4000 (dev vs base)
Finished game 31 (dev vs base): 1/2-1/2 {Draw by 3-fold repetition}
Started game 34 of 4000 (base vs dev)
Finished game 30 (base vs dev): 1/2-1/2 {Draw by 3-fold repetition}
Started game 35 of 4000 (dev vs base)
Finished game 35 (dev vs base): 1/2-1/2 {Draw by 3-fold repetition}
Started game 36 of 4000 (base vs dev)
Finished game 33 (dev vs base): 1/2-1/2 {Draw by 3-fold repetition}
Started game 37 of 4000 (dev vs base)
Finished game 32 (base vs dev): 1/2-1/2 {Draw by insufficient mating material}
Started game 38 of 4000 (base vs dev)
Finished game 34 (base vs dev): 0-1 {Black wins by adjudication}
Started game 39 of 4000 (dev vs base)
Finished game 36 (base vs dev): 0-1 {Black wins by adjudication}
Started game 40 of 4000 (base vs dev)
Finished game 38 (base vs dev): 1/2-1/2 {Draw by 3-fold repetition}
Started game 41 of 4000 (dev vs base)
Finished game 39 (dev vs base): 1/2-1/2 {Draw by 3-fold repetition}
Started game 42 of 4000 (base vs dev)
Finished game 42 (base vs dev): 1/2-1/2 {Draw by 3-fold repetition}
Started game 43 of 4000 (dev vs base)
Finished game 37 (dev vs base): 1/2-1/2 {Draw by 3-fold repetition}
Started game 44 of 4000 (base vs dev)
Finished game 41 (dev vs base): 1/2-1/2 {Draw by 3-fold repetition}
Started game 45 of 4000 (dev vs base)
Finished game 40 (base vs dev): 1/2-1/2 {Draw by fifty moves rule}
--------------------------------------------------
Results of dev vs base (8+0.08, 1t, 64MB, 8moves_v3.pgn):
Elo: 24.86 +/- 48.02, nElo: 54.93 +/- 105.07
LOS: 84.72 %, DrawRatio: 57.14 %, PairsRatio: 2.00
Games: 42, Wins: 8, Losses: 5, Draws: 29, Points: 22.5 (53.57 %)
Ptnml(0-2): [0, 3, 12, 6, 0], WL/DD Ratio: 0.20
LLR: 0.17 (5.7%) (-2.94, 2.94) [0.00, 10.00]
--------------------------------------------------
Started game 46 of 4000 (base vs dev)
Finished game 44 (base vs dev): 0-1 {Black wins by adjudication}
Started game 47 of 4000 (dev vs base)
Finished game 43 (dev vs base): 1/2-1/2 {Draw by fifty moves rule}
Started game 48 of 4000 (base vs dev)
Finished game 45 (dev vs base): 1/2-1/2 {Draw by 3-fold repetition}
Started game 49 of 4000 (dev vs base)
Finished game 46 (base vs dev): 1/2-1/2 {Draw by 3-fold repetition}
Started game 50 of 4000 (base vs dev)
Finished game 47 (dev vs base): 1/2-1/2 {Draw by fifty moves rule}
Started game 51 of 4000 (dev vs base)
Finished game 48 (base vs dev): 1/2-1/2 {Draw by 3-fold repetition}
Started game 52 of 4000 (base vs dev)
Finished game 50 (base vs dev): 1/2-1/2 {Draw by insufficient mating material}
Started game 53 of 4000 (dev vs base)
Finished game 49 (dev vs base): 1/2-1/2 {Draw by 3-fold repetition}
Started game 54 of 4000 (base vs dev)
Finished game 51 (dev vs base): 1-0 {White wins by adjudication}
Started game 55 of 4000 (dev vs base)
Finished game 52 (base vs dev): 1/2-1/2 {Draw by 3-fold repetition}
Started game 56 of 4000 (base vs dev)
Finished game 55 (dev vs base): 1/2-1/2 {Draw by 3-fold repetition}
Started game 57 of 4000 (dev vs base)
Finished game 53 (dev vs base): 1/2-1/2 {Draw by 3-fold repetition}
Started game 58 of 4000 (base vs dev)
Finished game 56 (base vs dev): 1/2-1/2 {Draw by 3-fold repetition}
Started game 59 of 4000 (dev vs base)
Finished game 54 (base vs dev): 1/2-1/2 {Draw by 3-fold repetition}
Started game 60 of 4000 (base vs dev)
Finished game 57 (dev vs base): 1/2-1/2 {Draw by 3-fold repetition}
Started game 61 of 4000 (dev vs base)
Finished game 59 (dev vs base): 1/2-1/2 {Draw by 3-fold repetition}
Started game 62 of 4000 (base vs dev)
Finished game 60 (base vs dev): 1/2-1/2 {Draw by 3-fold repetition}
--------------------------------------------------
Results of dev vs base (8+0.08, 1t, 64MB, 8moves_v3.pgn):
Elo: 30.03 +/- 37.81, nElo: 71.64 +/- 89.41
LOS: 94.18 %, DrawRatio: 62.07 %, PairsRatio: 2.67
Games: 58, Wins: 10, Losses: 5, Draws: 43, Points: 31.5 (54.31 %)
Ptnml(0-2): [0, 3, 18, 8, 0], WL/DD Ratio: 0.12
LLR: 0.31 (10.4%) (-2.94, 2.94) [0.00, 10.00]
--------------------------------------------------
Started game 63 of 4000 (dev vs base)
Finished game 58 (base vs dev): 1-0 {White wins by adjudication}
Started game 64 of 4000 (base vs dev)
Finished game 63 (dev vs base): 1/2-1/2 {Draw by 3-fold repetition}
Started game 65 of 4000 (dev vs base)
Warning; Bestmove does not match beginning of last PV - move e5e6 from base
Info; info depth 12 score cp -88 nodes 38501 nps 712981 time 54 pv f3f4 d2c2 e5e6 e1e6 f5f7 e6b6 h5f3 d4g1 f4g3 b6g6 g3f4 g1h2 f4f5 g6g3 f7c7 c2b2
Position; startpos
Moves; g1f3 c7c5 g2g3 g7g6 f1g2 f8g7 e1g1 b8c6 e2e4 e7e5 d2d3 g8e7 h2h4 d7d6 f3g5 h7h6 g5f3 f7f5 c2c3 e8g8 b2b4 c5b4 c3b4 a7a6 b1c3 f5f4 b4b5 c6d4 f3d4 e5d4 d1b3 g8h7 c3d5 f4f3 g2h1 a6b5 d5f4 c8g4 f4e6 g4e6 b3e6 e7c6 a1b1 b5b4 c1d2 f8f6 e6h3 d8f8 d2f4 a8a2 h1f3 c6e5 f4e5 d6e5 f3h1 h6h5 f2f4 f8c5 h1g2 a2a3 g3g4 h5g4 h3g4 a3d3 f4e5 c5e5 f1f6 g7f6 b1b4 h7h6 b4b7 d3c3 h4h5 g6h5 g4g8 f6g7 b7b6 h6g5 g8f7 c3c1 g2f1 e5g3 g1h1 g3h4 h1g1 h4g4 g1h1 g5h4 b6b3 c1c3 f7e7 g4g5 e7g5 h4g5 b3b5 g5g4 f1e2 g4g3 b5g5 g3f2 g5g2 f2e1 e2h5 c3h3 g2h2 h3c3 h2g2 g7e5 g2g5 c3c5 h1g2 c5a5 g5f5 d4d3 g2f3 a5b5 h5g4 b5c5 g4h5 e1d2 f5f8 e5d4 f8f5 c5c1 e4e5 c1e1
Finished game 61 (dev vs base): 0-1 {Black wins by adjudication}
Started game 66 of 4000 (base vs dev)
Finished game 62 (base vs dev): 1/2-1/2 {Draw by 3-fold repetition}
Started game 67 of 4000 (dev vs base)
Finished game 64 (base vs dev): 1/2-1/2 {Draw by 3-fold repetition}
Started game 68 of 4000 (base vs dev)
Finished game 66 (base vs dev): 1/2-1/2 {Draw by 3-fold repetition}
Started game 69 of 4000 (dev vs base)
Finished game 65 (dev vs base): 1/2-1/2 {Draw by 3-fold repetition}
Started game 70 of 4000 (base vs dev)
Finished game 67 (dev vs base): 0-1 {Black wins by adjudication}
Started game 71 of 4000 (dev vs base)
Finished game 68 (base vs dev): 0-1 {Black wins by adjudication}
Started game 72 of 4000 (base vs dev)
Finished game 69 (dev vs base): 1/2-1/2 {Draw by insufficient mating material}
Started game 73 of 4000 (dev vs base)
Finished game 70 (base vs dev): 1/2-1/2 {Draw by 3-fold repetition}
Started game 74 of 4000 (base vs dev)
Finished game 71 (dev vs base): 1/2-1/2 {Draw by insufficient mating material}
Started game 75 of 4000 (dev vs base)
Finished game 72 (base vs dev): 0-1 {Black wins by adjudication}
Started game 76 of 4000 (base vs dev)
Finished game 75 (dev vs base): 1/2-1/2 {Draw by 3-fold repetition}
Started game 77 of 4000 (dev vs base)
Finished game 73 (dev vs base): 1-0 {White wins by adjudication}
Started game 78 of 4000 (base vs dev)
Finished game 74 (base vs dev): 1/2-1/2 {Draw by fifty moves rule}
Started game 79 of 4000 (dev vs base)
Finished game 77 (dev vs base): 1/2-1/2 {Draw by 3-fold repetition}
Started game 80 of 4000 (base vs dev)
Finished game 76 (base vs dev): 1/2-1/2 {Draw by adjudication}
Started game 81 of 4000 (dev vs base)
Finished game 79 (dev vs base): 1/2-1/2 {Draw by 3-fold repetition}
Started game 82 of 4000 (base vs dev)
Finished game 78 (base vs dev): 1/2-1/2 {Draw by insufficient mating material}
Started game 83 of 4000 (dev vs base)
Warning; Bestmove does not match beginning of last PV - move e4f3 from base
Info; info depth 21 score cp 0 nodes 8022 nps 1146000 time 7 pv e4e5 a4a5
Position; startpos
Moves; e2e4 g8f6 e4e5 f6d5 g2g3 c7c5 f1g2 e7e6 g1f3 b8c6 e1g1 f8e7 b1c3 d5c3 b2c3 b7b6 d2d3 c8b7 f3d2 e8g8 d2c4 d7d6 e5d6 e7d6 a2a4 d6e7 c1d2 d8c7 g2e4 e7f6 d1f3 c6e5 c4e5 b7e4 f3e4 f6e5 f1b1 f7f5 e4e2 f8e8 a4a5 a8b8 a5b6 b8b6 b1c1 e5f6 a1a5 a7a6 e2f3 h7h6 c1a1 c7c8 a5a4 g8h7 a4c4 e8d8 d2e3 d8d5 f3e2 f6e7 h2h4 c8b7 g1h2 b7c6 h4h5 e7f6 d3d4 b6b5 c4c5 d5c5 d4c5 f6c3 a1d1 c3e5 f2f3 a6a5 e3f2 e5c7 d1e1 a5a4 e2e6 c6e6 e1e6 b5b2 e6a6 b2c2 h2g2 f5f4 g3g4 c7d8 g2f1 d8e7 a6a4 e7c5 f2c5 c2c5 a4f4 c5c8 f1e2 c8d8 f4a4 d8e8 e2f2 e8b8 f3f4 b8d8 f2e3 d8e8 e3f3 e8d8 f3e4 d8e8 e4f5 e8b8 f5e6 b8b6 e6d5 b6b5 d5e4 b5b8 a4d4 b8a8 e4f5 a8e8 d4b4 e8a8 f5e6 a8a6 e6e5 a6a5 e5e4 a5a8 b4d4 a8e8 e4f5 e8a8 f5e6 a8a6 e6e7 a6a7 e7d6 a7a6 d6e5 a6a5 d4d5 a5a8 e5f5 a8f8 f5e4 f8b8 d5a5 b8e8 e4f3 e8b8 a5a3 b8f8 f3g3 f8c8 a3a4 c8e8 g3g2 e8h8 g2f2 h8b8 a4c4 b8e8 c4c5 e8a8 c5c7 a8a4 f2f3 a4a3 f3e4 a3a4 e4e5 a4a5 e5d4 a5a1 c7c6 a1e1 c6g6 h7g8 d4d5 e1a1 d5e5 a1a5 e5e4 a5a4
Finished game 81 (dev vs base): 1/2-1/2 {Draw by 3-fold repetition}
Started game 84 of 4000 (base vs dev)
Finished game 80 (base vs dev): 1/2-1/2 {Draw by 3-fold repetition}
--------------------------------------------------
Results of dev vs base (8+0.08, 1t, 64MB, 8moves_v3.pgn):
Elo: 21.74 +/- 32.49, nElo: 51.23 +/- 76.13
LOS: 90.64 %, DrawRatio: 62.50 %, PairsRatio: 2.00
Games: 80, Wins: 13, Losses: 8, Draws: 59, Points: 42.5 (53.12 %)
Ptnml(0-2): [0, 5, 25, 10, 0], WL/DD Ratio: 0.14
LLR: 0.30 (10.2%) (-2.94, 2.94) [0.00, 10.00]
--------------------------------------------------
Started game 85 of 4000 (dev vs base)
Finished game 82 (base vs dev): 1/2-1/2 {Draw by 3-fold repetition}
Started game 86 of 4000 (base vs dev)
Finished game 84 (base vs dev): 0-1 {Black wins by adjudication}
Started game 87 of 4000 (dev vs base)
Finished game 83 (dev vs base): 1/2-1/2 {Draw by fifty moves rule}
Started game 88 of 4000 (base vs dev)
Finished game 86 (base vs dev): 0-1 {Black wins by adjudication}
Started game 89 of 4000 (dev vs base)
Finished game 85 (dev vs base): 1-0 {White wins by adjudication}
Started game 90 of 4000 (base vs dev)
Finished game 88 (base vs dev): 1/2-1/2 {Draw by 3-fold repetition}
Started game 91 of 4000 (dev vs base)
Finished game 89 (dev vs base): 1/2-1/2 {Draw by 3-fold repetition}
Started game 92 of 4000 (base vs dev)
Finished game 87 (dev vs base): 1/2-1/2 {Draw by 3-fold repetition}
Started game 93 of 4000 (dev vs base)
Finished game 90 (base vs dev): 1/2-1/2 {Draw by 3-fold repetition}
Started game 94 of 4000 (base vs dev)
Finished game 91 (dev vs base): 1/2-1/2 {Draw by 3-fold repetition}
Started game 95 of 4000 (dev vs base)
Finished game 93 (dev vs base): 1-0 {White wins by adjudication}
Started game 96 of 4000 (base vs dev)
Finished game 95 (dev vs base): 1/2-1/2 {Draw by 3-fold repetition}
Started game 97 of 4000 (dev vs base)
Warning; Bestmove does not match beginning of last PV - move g6f6 from dev
Info; info depth 16 score cp 0 nodes 28003 nps 636431 time 44 pv h1a8
Position; startpos
Moves; e2e4 e7e5 g1f3 b8c6 f1b5 g8f6 d2d3 f8c5 b5c6 d7c6 d1e2 c8g4 c1e3 c5d6 b1d2 c6c5 h2h3 g4e6 f3g5 e6d7 d2c4 b7b5 c4d6 c7d6 f2f4 h7h6 f4e5 h6g5 e5f6 d8f6 e1c1 f6e6 c1b1 f7f6 d3d4 c5d4 d1d4 d7c6 e3d2 a8d8 e2d3 e8f7 h1e1 h8e8 a2a4 e6e5 d2c3 a7a6 a4a5 e5h2 g2g4 e8e6 c3b4 f7g8 e1d1 d8e8 d4d6 h2e5 d3b3 g8h7 d6d4 e5h2 b4d6 h2g2 e4e5 f6e5 d4d2 g2f3 d2d3 f3g2 d6b4 e6f6 d3g3 g2e2 d1e1 f6f1 b3d3 e2d3 g3d3 c6g2 d3g3 f1e1 b4e1 g2h1 b2b3 e5e4 e1d2 h7g6 g3c3 e8e6 b1b2 h1g2 c3e3 e6d6 d2b4 d6c6 b4c3 c6d6 c3e5 d6d7 b2a3 d7d5 e5b2 d5c5 b2c3 c5c6 b3b4 g2f3 a3b3 c6c8 c3d4 c8d8 d4c5 d8h8 c2c4 b5c4 b3c4 h8h3 b4b5 a6b5 c4b4 f3g4 e3e4 g4f3 e4e3 h3h4 b4b5 g5g4 a5a6 h4h2 a6a7 f3h1 e3e7 h2h8 c5d4 h8g8 d4e5 h1a8 b5b4 a8h1 e5b8 h1a8 b8e5 a8h1 e5b8
Finished game 94 (base vs dev): 1/2-1/2 {Draw by 3-fold repetition}
Started game 98 of 4000 (base vs dev)
Finished game 92 (base vs dev): 1/2-1/2 {Draw by fifty moves rule}
Started game 99 of 4000 (dev vs base)
Finished game 96 (base vs dev): 1/2-1/2 {Draw by 3-fold repetition}
Started game 100 of 4000 (base vs dev)
Finished game 98 (base vs dev): 1/2-1/2 {Draw by 3-fold repetition}
Started game 101 of 4000 (dev vs base)
Finished game 99 (dev vs base): 1/2-1/2 {Draw by 3-fold repetition}
Started game 102 of 4000 (base vs dev)
Finished game 100 (base vs dev): 1/2-1/2 {Draw by 3-fold repetition}
--------------------------------------------------
Results of dev vs base (8+0.08, 1t, 64MB, 8moves_v3.pgn):
Elo: 32.00 +/- 30.91, nElo: 71.81 +/- 68.79
LOS: 97.96 %, DrawRatio: 63.27 %, PairsRatio: 2.60
Games: 98, Wins: 17, Losses: 8, Draws: 73, Points: 53.5 (54.59 %)
Ptnml(0-2): [0, 5, 31, 12, 1], WL/DD Ratio: 0.11
LLR: 0.54 (18.3%) (-2.94, 2.94) [0.00, 10.00]
--------------------------------------------------
Started game 103 of 4000 (dev vs base)
Finished game 97 (dev vs base): 1/2-1/2 {Draw by fifty moves rule}
Started game 104 of 4000 (base vs dev)
Warning; Bestmove does not match beginning of last PV - move a4a1 from base
Info; info depth 16 score cp -51 nodes 47923 nps 1064955 time 45 pv b6b5 f2g3 a4a1 h5b5 a1d1 g3g4 d1g1 g4f4 g1c1 f4g3 c1d1 b5a5 d1g1 g3f4 g1c1 a5g5 c1h1 g5f5 f6g6
Position; startpos
Moves; e2e4 e7e5 g1f3 b8c6 b1c3 g8f6 d2d4 e5d4 f3d4 f8c5 c1e3 c5b6 d1d2 e8g8 e1c1 f8e8 f2f3 d7d5 f1b5 c8d7 e4d5 c6d4 e3d4 d7b5 c3b5 d8d5 d4b6 d5a2 d2a5 a7b6 a5a2 a8a2 b5c7 e8c8 c7b5 a2a1 c1d2 a1a2 b5d6 c8c7 d1a1 a2a5 a1a5 b6a5 d2c1 b7b6 b2b3 g7g6 h1d1 g8f8 d1d2 f8e7 c2c4 h7h5 c1c2 h5h4 d6b5 c7d7 d2e2 e7d8 e2e3 f6e8 e3e4 h4h3 g2h3 e8d6 b5d6 d7d6 e4f4 d8e8 c2c3 e8e7 h3h4 d6e6 c3d3 e6d6 d3e3 d6c6 h4h5 g6h5 f4f5 a5a4 b3a4 c6c4 f5f4 c4c3 e3d4 c3c2 h2h4 f7f6 d4d3 c2b2 d3c3 b2a2 c3b3 a2a1 f4b4 e7d7 b3c4 d7c6 c4d4 a1e1 d4d3 e1a1 d3e3 c6c5 b4f4 c5d5 f4f6 a1a4 f6f5 d5e6 f5h5 e6f6 e3f2
Finished game 102 (base vs dev): 1/2-1/2 {Draw by insufficient mating material}
Started game 105 of 4000 (dev vs base)
Finished game 101 (dev vs base): 1/2-1/2 {Draw by 3-fold repetition}
Started game 106 of 4000 (base vs dev)
Finished game 105 (dev vs base): 1/2-1/2 {Draw by 3-fold repetition}
Started game 107 of 4000 (dev vs base)
Finished game 104 (base vs dev): 1/2-1/2 {Draw by fifty moves rule}
Started game 108 of 4000 (base vs dev)
Finished game 103 (dev vs base): 1/2-1/2 {Draw by 3-fold repetition}
Started game 109 of 4000 (dev vs base)
Finished game 107 (dev vs base): 1-0 {White wins by adjudication}
Started game 110 of 4000 (base vs dev)
Finished game 106 (base vs dev): 1/2-1/2 {Draw by adjudication}
Started game 111 of 4000 (dev vs base)
Finished game 108 (base vs dev): 0-1 {Black wins by adjudication}
Started game 112 of 4000 (base vs dev)
Finished game 109 (dev vs base): 1/2-1/2 {Draw by 3-fold repetition}
Started game 113 of 4000 (dev vs base)
Finished game 112 (base vs dev): 1/2-1/2 {Draw by 3-fold repetition}
Started game 114 of 4000 (base vs dev)
Finished game 111 (dev vs base): 1-0 {White wins by adjudication}
Started game 115 of 4000 (dev vs base)
Finished game 113 (dev vs base): 1/2-1/2 {Draw by 3-fold repetition}
Started game 116 of 4000 (base vs dev)
Finished game 114 (base vs dev): 1-0 {White wins by adjudication}
Started game 117 of 4000 (dev vs base)
Finished game 110 (base vs dev): 1-0 {White wins by adjudication}
Started game 118 of 4000 (base vs dev)
Finished game 115 (dev vs base): 1/2-1/2 {Draw by fifty moves rule}
Started game 119 of 4000 (dev vs base)
Warning; Bestmove does not match beginning of last PV - move f3f2 from base
Info; info depth 17 score cp -37 nodes 54898 nps 1444684 time 38 pv d8c8 g5g4 c8c7 g7g6 c7c8 g4a4 f3g3 g6g5 c8g8 g5f5 g8b8 a4a3 g3h4 a3e3 b8c8 e3d3 c8h8 f5f4 h8h5 f6f5 h5h6
Position; startpos
Moves; g1f3 g8f6 c2c4 e7e6 g2g3 b7b6 f1g2 c8b7 d2d4 c7c5 d4d5 e6d5 f3g5 h7h6 g5h3 b6b5 c4d5 d7d6 e1g1 b8d7 e2e4 f8e7 f2f4 b5b4 b1d2 d7b6 b2b3 a7a5 c1b2 a5a4 a2a3 a4b3 d1b3 b4a3 b2a3 e8g8 h3f2 c5c4 b3e3 f6d7 d2f3 f8e8 f3d4 e7f6 e3d2 d7c5 e4e5 d6e5 f4e5 f6g5 d2d1 c5b3 d4b3 c4b3 d1b3 b7d5 g2d5 b6d5 f1d1 e8e5 a3b2 a8b8 a1a8 b8b3 a8d8 g5d8 b2e5 b3b5 e5d4 g8h7 g1g2 d8e7 f2g4 f7f6 d1d2 e7a3 d2d3 a3c1 g4f2 d5e7 d3c3 c1b2 c3c5 b5b3 d4b2 b3b2 g2f1 b2b3 f1g2 e7g6 f2g4 b3b2 g2f3 h7g8 h2h4 b2b3 f3f2 b3b2 f2f1 b2b7 f1g2 b7a7 h4h5 g6e7 g4e3 g8f7 c5b5 f7e6 b5b6 e6e5 e3g4 e5d4 b6b4 d4c5 b4b3 a7a2 g2h3 a2e2 b3c3 c5d5 c3f3 e7c6 f3a3 d5e4 a3a4 e4f5 g4h2 c6e5 a4a7 g7g5 h5g6 f5g6 a7a3 e5f7 g3g4 f7g5 h3g3 g5e4 g3f3 e2h2 f3e4 h2h4 e4f4 h6h5 a3a8 h4g4 f4f3 g4g5 a8g8 g6h7 g8d8 h7g7
Finished game 117 (dev vs base): 1/2-1/2 {Draw by 3-fold repetition}
Started game 120 of 4000 (base vs dev)
Finished game 116 (base vs dev): 1/2-1/2 {Draw by 3-fold repetition}
Started game 121 of 4000 (dev vs base)
Finished game 118 (base vs dev): 0-1 {Black wins by adjudication}
Started game 122 of 4000 (base vs dev)
Finished game 120 (base vs dev): 1/2-1/2 {Draw by 3-fold repetition}
Started game 123 of 4000 (dev vs base)
Finished game 119 (dev vs base): 0-1 {Black wins by adjudication}
--------------------------------------------------
Results of dev vs base (8+0.08, 1t, 64MB, 8moves_v3.pgn):
Elo: 29.02 +/- 30.50, nElo: 59.58 +/- 62.16
LOS: 96.99 %, DrawRatio: 60.00 %, PairsRatio: 2.00
Games: 120, Wins: 21, Losses: 11, Draws: 88, Points: 65.0 (54.17 %)
Ptnml(0-2): [0, 8, 36, 14, 2], WL/DD Ratio: 0.09
LLR: 0.55 (18.8%) (-2.94, 2.94) [0.00, 10.00]
--------------------------------------------------
Started game 124 of 4000 (base vs dev)
Finished game 121 (dev vs base): 1/2-1/2 {Draw by 3-fold repetition}
Started game 125 of 4000 (dev vs base)
Finished game 122 (base vs dev): 1/2-1/2 {Draw by 3-fold repetition}
Started game 126 of 4000 (base vs dev)
Finished game 123 (dev vs base): 0-1 {Black wins by adjudication}
Started game 127 of 4000 (dev vs base)
Finished game 125 (dev vs base): 0-1 {Black wins by adjudication}
Started game 128 of 4000 (base vs dev)
Finished game 124 (base vs dev): 0-1 {Black wins by adjudication}
Started game 129 of 4000 (dev vs base)
Finished game 126 (base vs dev): 0-1 {Black wins by adjudication}
Started game 130 of 4000 (base vs dev)
Finished game 128 (base vs dev): 1/2-1/2 {Draw by 3-fold repetition}
Started game 131 of 4000 (dev vs base)
Finished game 127 (dev vs base): 1-0 {White wins by adjudication}
Started game 132 of 4000 (base vs dev)
Finished game 130 (base vs dev): 0-1 {Black wins by adjudication}
Started game 133 of 4000 (dev vs base)
Finished game 129 (dev vs base): 1/2-1/2 {Draw by 3-fold repetition}
Started game 134 of 4000 (base vs dev)
Finished game 131 (dev vs base): 1/2-1/2 {Draw by 3-fold repetition}
Started game 135 of 4000 (dev vs base)
Finished game 133 (dev vs base): 1/2-1/2 {Draw by 3-fold repetition}
Started game 136 of 4000 (base vs dev)
Finished game 134 (base vs dev): 1-0 {White wins by adjudication}
Started game 137 of 4000 (dev vs base)
Finished game 132 (base vs dev): 1/2-1/2 {Draw by insufficient mating material}
Started game 138 of 4000 (base vs dev)
Finished game 137 (dev vs base): 1/2-1/2 {Draw by 3-fold repetition}
Started game 139 of 4000 (dev vs base)
Finished game 135 (dev vs base): 1/2-1/2 {Draw by 3-fold repetition}
Started game 140 of 4000 (base vs dev)
Finished game 136 (base vs dev): 1/2-1/2 {Draw by fifty moves rule}
Started game 141 of 4000 (dev vs base)
Warning; Bestmove does not match beginning of last PV - move f6h7 from base
Info; info depth 14 score cp -242 nodes 7365 nps 1227500 time 6 pv f6d7 e5e4 g1g2 e2d1 d8c7 f7g7 g2b2 g6g5 c7c6 d1e2 d7c5 e4e3 b2b3 e3b3 c5b3 g7f6 b3d4 e2d3 c6d5 g5g4
Position; startpos
Moves; e2e4 e7e5 g1f3 b8c6 f1b5 a7a6 b5c6 d7c6 b1c3 f7f6 d2d4 e5d4 f3d4 c6c5 d4e2 d8d1 c3d1 c8e6 b2b3 g8e7 d1e3 e7c6 f2f3 f8d6 c1b2 e8g8 h2h4 c5c4 g2g4 f8e8 b2c3 c4b3 a2b3 d6c5 e3g2 c6b4 e1d2 e6f7 g2f4 a6a5 f4d3 e8d8 c3b4 c5b4 d2e3 b4f8 h1b1 d8d7 e2c3 b7b6 f3f4 a8e8 h4h5 d7d6 c3b5 d6d7 b5c3 e8e6 c3e2 e6c6 b1b2 g7g6 h5g6 h7g6 e2d4 c6d6 d4b5 d6e6 b5c3 e6e8 b2b1 d7d6 c3b5 d6e6 a1a4 f8b4 e4e5 f6e5 f4f5 e6c6 d3b4 a5b4 a4a7 e8e7 f5f6 c6f6 a7c7 e7c7 b5c7 f6c6 c7a6 c6c2 a6b4 c2c3 e3e4 c3g3 e4e5 g3g4 b4c6 g8g7 b3b4 g4g5 e5d6 g5d5 d6c7 b6b5 c6e7 d5d4 c7b6 f7c4 b1g1 d4e4 e7f5 g7f6 f5d6 e4e6 b6c7 c4e2 c7d7 e6e7 d7d8 e7e5 d6e8 f6f7 e8d6 f7g7 d6e8 g7f8 e8f6 f8f7
Finished game 138 (base vs dev): 0-1 {Black wins by adjudication}
Started game 142 of 4000 (base vs dev)
Finished game 140 (base vs dev): 0-1 {Black wins by adjudication}
Started game 143 of 4000 (dev vs base)
Finished game 139 (dev vs base): 1/2-1/2 {Draw by 3-fold repetition}
--------------------------------------------------
Results of dev vs base (8+0.08, 1t, 64MB, 8moves_v3.pgn):
Elo: 32.36 +/- 28.07, nElo: 66.87 +/- 57.55
LOS: 98.86 %, DrawRatio: 58.57 %, PairsRatio: 2.22
Games: 140, Wins: 27, Losses: 14, Draws: 99, Points: 76.5 (54.64 %)
Ptnml(0-2): [0, 9, 41, 18, 2], WL/DD Ratio: 0.14
LLR: 0.72 (24.5%) (-2.94, 2.94) [0.00, 10.00]
--------------------------------------------------
Started game 144 of 4000 (base vs dev)
Finished game 142 (base vs dev): 1/2-1/2 {Draw by 3-fold repetition}
Started game 145 of 4000 (dev vs base)
Finished game 141 (dev vs base): 0-1 {Black wins by adjudication}
Started game 146 of 4000 (base vs dev)
Finished game 146 (base vs dev): 1/2-1/2 {Draw by 3-fold repetition}
Started game 147 of 4000 (dev vs base)
Finished game 144 (base vs dev): 0-1 {Black wins by adjudication}
Started game 148 of 4000 (base vs dev)
Warning; Bestmove does not match beginning of last PV - move c1g5 from dev
Info; info depth 13 score cp 67 nodes 8482 nps 498941 time 17 pv c1e3 e8g8 b1d2 d8c7 f3e2 e7e6 d2f3 f8c8 a1c1 c7a5 a2a3 a5b6 f3h2
Position; startpos
Moves; e2e4 c7c5 g1f3 b8c6 f1b5 d7d6 e1g1 c8d7 c2c3 g8f6 d1e2 a7a6 b5a4 b7b5 a4c2 d7g4 d2d3 g7g6 h2h3 g4f3 e2f3 f8g7
Finished game 145 (dev vs base): 1-0 {White wins by adjudication}
Started game 149 of 4000 (dev vs base)
Finished game 143 (dev vs base): 1/2-1/2 {Draw by 3-fold repetition}
Started game 150 of 4000 (base vs dev)
Finished game 148 (base vs dev): 1/2-1/2 {Draw by 3-fold repetition}
Started game 151 of 4000 (dev vs base)
Finished game 147 (dev vs base): 1/2-1/2 {Draw by fifty moves rule}
Started game 152 of 4000 (base vs dev)
Finished game 149 (dev vs base): 1/2-1/2 {Draw by 3-fold repetition}
Started game 153 of 4000 (dev vs base)
Finished game 150 (base vs dev): 0-1 {Black wins by adjudication}
Started game 154 of 4000 (base vs dev)
Finished game 151 (dev vs base): 1/2-1/2 {Draw by 3-fold repetition}
Started game 155 of 4000 (dev vs base)
Finished game 152 (base vs dev): 1/2-1/2 {Draw by 3-fold repetition}
Started game 156 of 4000 (base vs dev)
Finished game 154 (base vs dev): 1/2-1/2 {Draw by 3-fold repetition}
Started game 157 of 4000 (dev vs base)
Finished game 153 (dev vs base): 1-0 {White wins by adjudication}
Started game 158 of 4000 (base vs dev)
Finished game 156 (base vs dev): 1/2-1/2 {Draw by 3-fold repetition}
Started game 159 of 4000 (dev vs base)
Finished game 155 (dev vs base): 1-0 {White wins by adjudication}
Started game 160 of 4000 (base vs dev)
Finished game 157 (dev vs base): 0-1 {Black wins by adjudication}
Started game 161 of 4000 (dev vs base)
Finished game 158 (base vs dev): 1/2-1/2 {Draw by 3-fold repetition}
Started game 162 of 4000 (base vs dev)
Finished game 161 (dev vs base): 1/2-1/2 {Draw by 3-fold repetition}
Started game 163 of 4000 (dev vs base)
Finished game 160 (base vs dev): 1/2-1/2 {Draw by 3-fold repetition}
Started game 164 of 4000 (base vs dev)
Finished game 159 (dev vs base): 1/2-1/2 {Draw by 3-fold repetition}
--------------------------------------------------
Results of dev vs base (8+0.08, 1t, 64MB, 8moves_v3.pgn):
Elo: 34.86 +/- 26.83, nElo: 70.55 +/- 53.83
LOS: 99.49 %, DrawRatio: 55.00 %, PairsRatio: 2.27
Games: 160, Wins: 32, Losses: 16, Draws: 112, Points: 88.0 (55.00 %)
Ptnml(0-2): [0, 11, 44, 23, 2], WL/DD Ratio: 0.13
LLR: 0.86 (29.4%) (-2.94, 2.94) [0.00, 10.00]
--------------------------------------------------
Started game 165 of 4000 (dev vs base)
Finished game 162 (base vs dev): 1/2-1/2 {Draw by 3-fold repetition}
Started game 166 of 4000 (base vs dev)
Finished game 164 (base vs dev): 1/2-1/2 {Draw by 3-fold repetition}
Started game 167 of 4000 (dev vs base)
Finished game 165 (dev vs base): 1-0 {White wins by adjudication}
Started game 168 of 4000 (base vs dev)
Finished game 163 (dev vs base): 1/2-1/2 {Draw by fifty moves rule}
Started game 169 of 4000 (dev vs base)
Finished game 167 (dev vs base): 1/2-1/2 {Draw by 3-fold repetition}
Started game 170 of 4000 (base vs dev)
Finished game 166 (base vs dev): 1/2-1/2 {Draw by 3-fold repetition}
Started game 171 of 4000 (dev vs base)
Finished game 168 (base vs dev): 1/2-1/2 {Draw by 3-fold repetition}
Started game 172 of 4000 (base vs dev)
Warning; Bestmove does not match beginning of last PV - move a6g6 from dev
Info; info depth 15 score cp -59 nodes 50772 nps 976384 time 52 pv f1b1 c2b2 b1b2 h2b2 g1f1 e5e4 f1e1 e4d3 a2a3 b2b1 e1f2 b1b3 f2e1 d3c2 e1e2 c2b2 a6a5 b2c1 a5a6 c1c2 a6a5 b3b2 e2f3
Position; startpos
Moves; e2e4 c7c5 g1f3 d7d6 d2d4 c5d4 f3d4 g8f6 b1c3 a7a6 c1e3 f6g4 e3c1 g4f6 c1g5 b8d7 f1e2 e7e6 f2f4 d8b6 d1d3 b6b2 a1b1 b2a3 f4f5 d7e5 d3h3 a3c5 d4b3 c5c7 g5f6 g7f6 e1g1 b7b5 f5e6 c8e6 h3g3 h7h5 c3d5 e6d5 e4d5 h5h4 g3f2 h4h3 g2h3 f8h6 h3h4 e8f8 b3d4 c7c5 d4f5 h8g8 g1h1 c5d5 e2f3 d5f3 f2f3 e5f3 f1f3 h6d2 b1f1 a8c8 f5d6 c8c2 f3f6 f8e7 d6e4 d2e3 f6f7 e7e6 e4g5 e3g5 h4g5 g8g5 f7f6 e6e5 f6a6 g5h5 h1g1 h5h2
Finished game 169 (dev vs base): 1/2-1/2 {Draw by 3-fold repetition}
Started game 173 of 4000 (dev vs base)
Finished game 170 (base vs dev): 1/2-1/2 {Draw by 3-fold repetition}
Started game 174 of 4000 (base vs dev)
Finished game 172 (base vs dev): 1/2-1/2 {Draw by 3-fold repetition}
Started game 175 of 4000 (dev vs base)
Finished game 171 (dev vs base): 1/2-1/2 {Draw by adjudication}
Started game 176 of 4000 (base vs dev)
Finished game 173 (dev vs base): 0-1 {Black wins by adjudication}
Started game 177 of 4000 (dev vs base)
Finished game 175 (dev vs base): 1/2-1/2 {Draw by 3-fold repetition}
Started game 178 of 4000 (base vs dev)
Finished game 174 (base vs dev): 1/2-1/2 {Draw by fifty moves rule}
Started game 179 of 4000 (dev vs base)
Finished game 177 (dev vs base): 1/2-1/2 {Draw by 3-fold repetition}
Started game 180 of 4000 (base vs dev)
Finished game 176 (base vs dev): 0-1 {Black wins by adjudication}
Started game 181 of 4000 (dev vs base)
Finished game 180 (base vs dev): 1/2-1/2 {Draw by 3-fold repetition}
Started game 182 of 4000 (base vs dev)
Finished game 178 (base vs dev): 1/2-1/2 {Draw by insufficient mating material}
Started game 183 of 4000 (dev vs base)
Finished game 182 (base vs dev): 1/2-1/2 {Draw by 3-fold repetition}
Started game 184 of 4000 (base vs dev)
Finished game 183 (dev vs base): 1/2-1/2 {Draw by 3-fold repetition}
Started game 185 of 4000 (dev vs base)
Finished game 179 (dev vs base): 1/2-1/2 {Draw by fifty moves rule}
--------------------------------------------------
Results of dev vs base (8+0.08, 1t, 64MB, 8moves_v3.pgn):
Elo: 32.91 +/- 24.72, nElo: 68.10 +/- 50.76
LOS: 99.57 %, DrawRatio: 56.67 %, PairsRatio: 2.25
Games: 180, Wins: 34, Losses: 17, Draws: 129, Points: 98.5 (54.72 %)
Ptnml(0-2): [0, 12, 51, 25, 2], WL/DD Ratio: 0.11
LLR: 0.94 (31.8%) (-2.94, 2.94) [0.00, 10.00]
--------------------------------------------------
Started game 186 of 4000 (base vs dev)
Finished game 184 (base vs dev): 1/2-1/2 {Draw by 3-fold repetition}
Started game 187 of 4000 (dev vs base)
Finished game 181 (dev vs base): 1/2-1/2 {Draw by 3-fold repetition}
Started game 188 of 4000 (base vs dev)
Finished game 188 (base vs dev): 1/2-1/2 {Draw by 3-fold repetition}
Started game 189 of 4000 (dev vs base)
Finished game 186 (base vs dev): 1/2-1/2 {Draw by 3-fold repetition}
Started game 190 of 4000 (base vs dev)
Finished game 190 (base vs dev): 1/2-1/2 {Draw by 3-fold repetition}
Started game 191 of 4000 (dev vs base)
Finished game 187 (dev vs base): 1-0 {White wins by adjudication}
Started game 192 of 4000 (base vs dev)
Finished game 185 (dev vs base): 1/2-1/2 {Draw by 3-fold repetition}
Started game 193 of 4000 (dev vs base)
Finished game 189 (dev vs base): 0-1 {Black wins by adjudication}
Started game 194 of 4000 (base vs dev)
Finished game 191 (dev vs base): 1-0 {White wins by adjudication}
Started game 195 of 4000 (dev vs base)
Finished game 192 (base vs dev): 1-0 {White wins by adjudication}
Started game 196 of 4000 (base vs dev)
Finished game 193 (dev vs base): 1/2-1/2 {Draw by 3-fold repetition}
Started game 197 of 4000 (dev vs base)
Finished game 194 (base vs dev): 1-0 {White wins by adjudication}
Started game 198 of 4000 (base vs dev)
Finished game 197 (dev vs base): 1/2-1/2 {Draw by 3-fold repetition}
Started game 199 of 4000 (dev vs base)
Finished game 195 (dev vs base): 1/2-1/2 {Draw by 3-fold repetition}
Started game 200 of 4000 (base vs dev)
Finished game 196 (base vs dev): 1-0 {White wins by adjudication}
Started game 201 of 4000 (dev vs base)
Finished game 199 (dev vs base): 1/2-1/2 {Draw by 3-fold repetition}
Started game 202 of 4000 (base vs dev)
Finished game 198 (base vs dev): 1/2-1/2 {Draw by 3-fold repetition}
Started game 203 of 4000 (dev vs base)
Finished game 201 (dev vs base): 1/2-1/2 {Draw by 3-fold repetition}
Started game 204 of 4000 (base vs dev)
Finished game 200 (base vs dev): 1/2-1/2 {Draw by 3-fold repetition}
--------------------------------------------------
Results of dev vs base (8+0.08, 1t, 64MB, 8moves_v3.pgn):
Elo: 26.11 +/- 23.45, nElo: 53.90 +/- 48.15
LOS: 98.59 %, DrawRatio: 57.00 %, PairsRatio: 1.87
Games: 200, Wins: 36, Losses: 21, Draws: 143, Points: 107.5 (53.75 %)
Ptnml(0-2): [0, 15, 57, 26, 2], WL/DD Ratio: 0.12
LLR: 0.81 (27.6%) (-2.94, 2.94) [0.00, 10.00]
--------------------------------------------------
Started game 205 of 4000 (dev vs base)
Finished game 203 (dev vs base): 1/2-1/2 {Draw by 3-fold repetition}
Started game 206 of 4000 (base vs dev)
Finished game 204 (base vs dev): 1/2-1/2 {Draw by 3-fold repetition}
Started game 207 of 4000 (dev vs base)
Finished game 202 (base vs dev): 1/2-1/2 {Draw by insufficient mating material}
Started game 208 of 4000 (base vs dev)
Finished game 205 (dev vs base): 1-0 {White wins by adjudication}
Started game 209 of 4000 (dev vs base)
Finished game 206 (base vs dev): 1/2-1/2 {Draw by 3-fold repetition}
Started game 210 of 4000 (base vs dev)
Finished game 208 (base vs dev): 1-0 {White wins by adjudication}
Started game 211 of 4000 (dev vs base)
Warning; Bestmove does not match beginning of last PV - move b6g6 from dev
Info; info depth 15 score cp 10 nodes 47683 nps 1014531 time 47 pv d4e5 b4c5 e5f6 c5c4 f6g7 c4c5 b6b5 c5b5 g7f6 b5a4 f6e7 a4b5 e7e6 b5a4 e6f7 a4b5 f7f6
Position; startpos
Moves; g1f3 g8f6 c2c4 g7g6 g2g3 f8g7 f1g2 d7d6 e1g1 e8g8 d2d4 c7c6 h2h3 c8e6 b2b3 d6d5 b1c3 b8a6 f3g5 e6f5 c1b2 a6c7 a1c1 h7h6 g5f3 f6e4 c3a4 h6h5 f3e5 d8d6 e2e3 a8d8 g3g4 h5g4 h3g4 f5c8 c4d5 c6d5 f2f3 e4g3 f1f2 g7f6 f3f4 g3e4 g2e4 d5e4 d1c2 f6e5 f4e5 d6c6 c2c6 b7c6 a4c3 c8g4 b2a3 f8e8 c3e4 c7d5 e4g5 d5e3 f2f7 d8d4 f7e7 e8e7 a3e7 g4f5 e5e6 e3d5 e7d8 g8f8 c1c6 f8e8 c6c8 d4d1 g1f2 f5e6 c8a8 e6f5 g5f3 e8d7 d8g5 d7c6 a8a7 d5c3 g5f4 c3e4 f2e3 c6b6 a7a4 e4c3 a4b4 b6a6 b4c4 d1d3 e3f2 c3e4 f2g2 d3c3 c4a4 a6b7 f3d4 f5g4 a4b4 b7a6 g2g1 g6g5 d4b5 g5f4 b5c3 e4c3 b4c4 c3d5 c4d4 g4f3 g1f1 a6b6 f1e1 f3h1 e1e2 d5c3 e2d3 c3d5 a2a4 h1g2 d3e2 d5c3 e2d3 c3d5 d3d2 b6a5 d4c4 a5a6 d2e1 g2h1 c4d4 a6a5 e1e2 d5c7 d4f4 h1d5 f4f5 a5b4 e2d3 d5e6 f5f4 b4b3 a4a5 c7a6 f4f6 e6c4 d3d4 c4b5 f6b6 b3b4
Finished game 209 (dev vs base): 0-1 {Black wins by adjudication}
Started game 212 of 4000 (base vs dev)
Finished game 207 (dev vs base): 1/2-1/2 {Draw by insufficient mating material}
Started game 213 of 4000 (dev vs base)
Finished game 210 (base vs dev): 1-0 {White wins by adjudication}
Started game 214 of 4000 (base vs dev)
Finished game 211 (dev vs base): 1/2-1/2 {Draw by 3-fold repetition}
Started game 215 of 4000 (dev vs base)
Finished game 212 (base vs dev): 0-1 {Black wins by adjudication}
Started game 216 of 4000 (base vs dev)
Finished game 214 (base vs dev): 1-0 {White wins by adjudication}
Started game 217 of 4000 (dev vs base)
Finished game 213 (dev vs base): 1/2-1/2 {Draw by 3-fold repetition}
Started game 218 of 4000 (base vs dev)
Finished game 215 (dev vs base): 1-0 {White wins by adjudication}
Started game 219 of 4000 (dev vs base)
Finished game 216 (base vs dev): 1/2-1/2 {Draw by 3-fold repetition}
Started game 220 of 4000 (base vs dev)
Finished game 217 (dev vs base): 1/2-1/2 {Draw by 3-fold repetition}
Started game 221 of 4000 (dev vs base)
Finished game 218 (base vs dev): 0-1 {Black wins by adjudication}
Started game 222 of 4000 (base vs dev)
Finished game 219 (dev vs base): 1/2-1/2 {Draw by 3-fold repetition}
Started game 223 of 4000 (dev vs base)
Finished game 223 (dev vs base): 1/2-1/2 {Draw by 3-fold repetition}
Started game 224 of 4000 (base vs dev)
Finished game 221 (dev vs base): 1/2-1/2 {Draw by 3-fold repetition}
Started game 225 of 4000 (dev vs base)
Finished game 220 (base vs dev): 1/2-1/2 {Draw by adjudication}
--------------------------------------------------
Results of dev vs base (8+0.08, 1t, 64MB, 8moves_v3.pgn):
Elo: 23.73 +/- 23.50, nElo: 46.56 +/- 45.91
LOS: 97.66 %, DrawRatio: 54.55 %, PairsRatio: 1.78
Games: 220, Wins: 40, Losses: 25, Draws: 155, Points: 117.5 (53.41 %)
Ptnml(0-2): [1, 17, 60, 30, 2], WL/DD Ratio: 0.11
LLR: 0.74 (25.0%) (-2.94, 2.94) [0.00, 10.00]
--------------------------------------------------
Started game 226 of 4000 (base vs dev)
Finished game 224 (base vs dev): 1/2-1/2 {Draw by 3-fold repetition}
Started game 227 of 4000 (dev vs base)
Finished game 222 (base vs dev): 0-1 {Black wins by adjudication}
Started game 228 of 4000 (base vs dev)
Finished game 225 (dev vs base): 1-0 {White wins by adjudication}
Started game 229 of 4000 (dev vs base)
Finished game 227 (dev vs base): 1/2-1/2 {Draw by 3-fold repetition}
Started game 230 of 4000 (base vs dev)
Finished game 228 (base vs dev): 1/2-1/2 {Draw by 3-fold repetition}
Started game 231 of 4000 (dev vs base)
Finished game 226 (base vs dev): 1/2-1/2 {Draw by 3-fold repetition}
Started game 232 of 4000 (base vs dev)
Finished game 229 (dev vs base): 1/2-1/2 {Draw by insufficient mating material}
Started game 233 of 4000 (dev vs base)
Finished game 230 (base vs dev): 1/2-1/2 {Draw by insufficient mating material}
Started game 234 of 4000 (base vs dev)
Finished game 232 (base vs dev): 1-0 {White wins by adjudication}
Started game 235 of 4000 (dev vs base)
Finished game 233 (dev vs base): 1/2-1/2 {Draw by 3-fold repetition}
Started game 236 of 4000 (base vs dev)
Finished game 235 (dev vs base): 1/2-1/2 {Draw by 3-fold repetition}
Started game 237 of 4000 (dev vs base)
Finished game 234 (base vs dev): 1/2-1/2 {Draw by 3-fold repetition}
Started game 238 of 4000 (base vs dev)
Finished game 236 (base vs dev): 1-0 {White wins by adjudication}
Started game 239 of 4000 (dev vs base)
Finished game 238 (base vs dev): 1/2-1/2 {Draw by 3-fold repetition}
Started game 240 of 4000 (base vs dev)
Finished game 231 (dev vs base): 1/2-1/2 {Draw by 3-fold repetition}
Started game 241 of 4000 (dev vs base)
Finished game 237 (dev vs base): 1/2-1/2 {Draw by 3-fold repetition}
Started game 242 of 4000 (base vs dev)
Finished game 239 (dev vs base): 1/2-1/2 {Draw by 3-fold repetition}
Started game 243 of 4000 (dev vs base)
Finished game 241 (dev vs base): 1/2-1/2 {Draw by 3-fold repetition}
Started game 244 of 4000 (base vs dev)
Finished game 240 (base vs dev): 1/2-1/2 {Draw by 3-fold repetition}
--------------------------------------------------
Results of dev vs base (8+0.08, 1t, 64MB, 8moves_v3.pgn):
Elo: 21.74 +/- 22.30, nElo: 43.03 +/- 43.96
LOS: 97.25 %, DrawRatio: 55.00 %, PairsRatio: 1.70
Games: 240, Wins: 42, Losses: 27, Draws: 171, Points: 127.5 (53.12 %)
Ptnml(0-2): [1, 19, 66, 32, 2], WL/DD Ratio: 0.10
LLR: 0.74 (25.1%) (-2.94, 2.94) [0.00, 10.00]
--------------------------------------------------
Started game 245 of 4000 (dev vs base)
Finished game 242 (base vs dev): 1-0 {White wins by adjudication}
Started game 246 of 4000 (base vs dev)
Finished game 243 (dev vs base): 0-1 {Black wins by adjudication}
Started game 247 of 4000 (dev vs base)
Warning; Bestmove does not match beginning of last PV - move c4c5 from base
Info; info depth 17 score cp 0 nodes 33678 nps 474338 time 71 pv f5e5 d5f4
Position; startpos
Moves; c2c4 c7c5 g1f3 g8f6 b1c3 b7b6 g2g3 c8b7 f1g2 g7g6 e1g1 f8g7 f1e1 f6e4 c3e4 b7e4 d2d3 e4b7 a2a3 e8g8 a1b1 d7d5 d1c2 d5c4 d3c4 d8c7 c1f4 c7c8 b2b4 b8d7 e1d1 d7f6 f3e1 c5b4 a3b4 b7g2 e1g2 c8e6 f4e3 f8c8 b1c1 f6g4 e3d4 g7d4 d1d4 a7a5 b4a5 a8a5 c2d3 g4e5 d3e4 c8c4 d4c4 e5c4 e4e6 f7e6 g2f4 c4d6 f4e6 a5e5 e6d4 e5c5 c1b1 b6b5 f2f4 g8f7 g1g2 f7f6 e2e3 h7h5 g2f3 e7e5 f4e5 f6e5 h2h4 c5c7 d4e2 c7c4 e2f4 e5f5 f4d5
Finished game 245 (dev vs base): 1/2-1/2 {Draw by 3-fold repetition}
Started game 248 of 4000 (base vs dev)
Finished game 244 (base vs dev): 1/2-1/2 {Draw by 3-fold repetition}
Started game 249 of 4000 (dev vs base)
Finished game 246 (base vs dev): 0-1 {Black wins by adjudication}
Started game 250 of 4000 (base vs dev)
Finished game 249 (dev vs base): 1/2-1/2 {Draw by 3-fold repetition}
Started game 251 of 4000 (dev vs base)
Finished game 247 (dev vs base): 1/2-1/2 {Draw by fifty moves rule}
Started game 252 of 4000 (base vs dev)
Finished game 248 (base vs dev): 1/2-1/2 {Draw by 3-fold repetition}
Started game 253 of 4000 (dev vs base)
Finished game 250 (base vs dev): 1/2-1/2 {Draw by 3-fold repetition}
Started game 254 of 4000 (base vs dev)
Finished game 251 (dev vs base): 1/2-1/2 {Draw by 3-fold repetition}
Started game 255 of 4000 (dev vs base)
Finished game 252 (base vs dev): 1/2-1/2 {Draw by 3-fold repetition}
Started game 256 of 4000 (base vs dev)
Finished game 255 (dev vs base): 1/2-1/2 {Draw by 3-fold repetition}
Started game 257 of 4000 (dev vs base)
Finished game 254 (base vs dev): 1/2-1/2 {Draw by 3-fold repetition}
Started game 258 of 4000 (base vs dev)
Finished game 257 (dev vs base): 1/2-1/2 {Draw by 3-fold repetition}
Started game 259 of 4000 (dev vs base)
Finished game 258 (base vs dev): 1/2-1/2 {Draw by 3-fold repetition}
Started game 260 of 4000 (base vs dev)
Finished game 253 (dev vs base): 1/2-1/2 {Draw by fifty moves rule}
Started game 261 of 4000 (dev vs base)
Finished game 256 (base vs dev): 1-0 {White wins by adjudication}
Started game 262 of 4000 (base vs dev)
Finished game 261 (dev vs base): 1/2-1/2 {Draw by 3-fold repetition}
Started game 263 of 4000 (dev vs base)
Finished game 259 (dev vs base): 1/2-1/2 {Draw by 3-fold repetition}
Started game 264 of 4000 (base vs dev)
Finished game 260 (base vs dev): 1/2-1/2 {Draw by 3-fold repetition}
--------------------------------------------------
Results of dev vs base (8+0.08, 1t, 64MB, 8moves_v3.pgn):
Elo: 17.39 +/- 21.31, nElo: 34.56 +/- 42.23
LOS: 94.56 %, DrawRatio: 55.38 %, PairsRatio: 1.52
Games: 260, Wins: 43, Losses: 30, Draws: 187, Points: 136.5 (52.50 %)
Ptnml(0-2): [1, 22, 72, 33, 2], WL/DD Ratio: 0.09
LLR: 0.63 (21.4%) (-2.94, 2.94) [0.00, 10.00]
--------------------------------------------------
Started game 265 of 4000 (dev vs base)
Finished game 262 (base vs dev): 1-0 {White wins by adjudication}
Started game 266 of 4000 (base vs dev)
Finished game 264 (base vs dev): 1/2-1/2 {Draw by 3-fold repetition}
Started game 267 of 4000 (dev vs base)
Finished game 263 (dev vs base): 1-0 {White wins by adjudication}
Started game 268 of 4000 (base vs dev)
Finished game 265 (dev vs base): 1-0 {White wins by adjudication}
Started game 269 of 4000 (dev vs base)
Finished game 266 (base vs dev): 1-0 {White wins by adjudication}
Started game 270 of 4000 (base vs dev)
Finished game 267 (dev vs base): 1-0 {White wins by adjudication}
Started game 271 of 4000 (dev vs base)
Finished game 268 (base vs dev): 1-0 {White wins by adjudication}
Started game 272 of 4000 (base vs dev)
Finished game 271 (dev vs base): 1/2-1/2 {Draw by 3-fold repetition}
Started game 273 of 4000 (dev vs base)
Finished game 270 (base vs dev): 0-1 {Black wins by adjudication}
Started game 274 of 4000 (base vs dev)
Finished game 272 (base vs dev): 1-0 {White wins by adjudication}
Started game 275 of 4000 (dev vs base)
Finished game 269 (dev vs base): 1/2-1/2 {Draw by 3-fold repetition}
Started game 276 of 4000 (base vs dev)
Finished game 273 (dev vs base): 1/2-1/2 {Draw by fifty moves rule}
Started game 277 of 4000 (dev vs base)
Finished game 274 (base vs dev): 1/2-1/2 {Draw by insufficient mating material}
Started game 278 of 4000 (base vs dev)
Finished game 275 (dev vs base): 0-1 {Black wins by adjudication}
Started game 279 of 4000 (dev vs base)
Finished game 278 (base vs dev): 1/2-1/2 {Draw by 3-fold repetition}
Started game 280 of 4000 (base vs dev)
Finished game 277 (dev vs base): 1-0 {White wins by adjudication}
Started game 281 of 4000 (dev vs base)
Finished game 276 (base vs dev): 1/2-1/2 {Draw by 3-fold repetition}
Started game 282 of 4000 (base vs dev)
Finished game 279 (dev vs base): 1-0 {White wins by adjudication}
Started game 283 of 4000 (dev vs base)
Finished game 280 (base vs dev): 1/2-1/2 {Draw by 3-fold repetition}
--------------------------------------------------
Results of dev vs base (8+0.08, 1t, 64MB, 8moves_v3.pgn):
Elo: 17.39 +/- 20.80, nElo: 34.12 +/- 40.70
LOS: 94.98 %, DrawRatio: 53.57 %, PairsRatio: 1.50
Games: 280, Wins: 49, Losses: 35, Draws: 196, Points: 147.0 (52.50 %)
Ptnml(0-2): [1, 25, 75, 37, 2], WL/DD Ratio: 0.12
LLR: 0.67 (22.7%) (-2.94, 2.94) [0.00, 10.00]
--------------------------------------------------
Started game 284 of 4000 (base vs dev)
Finished game 283 (dev vs base): 1/2-1/2 {Draw by 3-fold repetition}
Started game 285 of 4000 (dev vs base)
Finished game 281 (dev vs base): 1-0 {White wins by adjudication}
Started game 286 of 4000 (base vs dev)
Finished game 282 (base vs dev): 1/2-1/2 {Draw by 3-fold repetition}
Started game 287 of 4000 (dev vs base)
Finished game 284 (base vs dev): 1/2-1/2 {Draw by 3-fold repetition}
Started game 288 of 4000 (base vs dev)
Finished game 287 (dev vs base): 1/2-1/2 {Draw by adjudication}
Started game 289 of 4000 (dev vs base)
Finished game 286 (base vs dev): 1/2-1/2 {Draw by 3-fold repetition}
Started game 290 of 4000 (base vs dev)
Finished game 288 (base vs dev): 1/2-1/2 {Draw by adjudication}
Started game 291 of 4000 (dev vs base)
Finished game 285 (dev vs base): 1/2-1/2 {Draw by insufficient mating material}
Started game 292 of 4000 (base vs dev)
Finished game 289 (dev vs base): 1/2-1/2 {Draw by 3-fold repetition}
Started game 293 of 4000 (dev vs base)
Finished game 292 (base vs dev): 1/2-1/2 {Draw by 3-fold repetition}
Started game 294 of 4000 (base vs dev)
Finished game 290 (base vs dev): 1/2-1/2 {Draw by 3-fold repetition}
Started game 295 of 4000 (dev vs base)
Finished game 291 (dev vs base): 1-0 {White wins by adjudication}
Started game 296 of 4000 (base vs dev)
Finished game 293 (dev vs base): 1/2-1/2 {Draw by 3-fold repetition}
Started game 297 of 4000 (dev vs base)
Finished game 294 (base vs dev): 1/2-1/2 {Draw by 3-fold repetition}
Started game 298 of 4000 (base vs dev)
Finished game 296 (base vs dev): 1/2-1/2 {Draw by 3-fold repetition}
Started game 299 of 4000 (dev vs base)
Warning; Bestmove does not match beginning of last PV - move a6g6 from base
Info; info depth 17 score cp 0 nodes 6367 nps 1061166 time 6 pv e8d7
Position; startpos
Moves; d2d4 g8f6 g1f3 g7g6 g2g3 c7c5 d4c5 b8a6 f1g2 a6c5 e1g1 f8g7 c2c4 e8g8 b1c3 d7d6 c1e3 c5e4 c3e4 f6e4 a1b1 e4f6 b1c1 c8f5 b2b4 f6g4 e3d4 e7e5 d4b2 d8e7 d1b3 a8c8 f3d2 g4f6 f1d1 f8d8 a2a4 h7h5 d2f1 f5e6 f1e3 g7h6 c1c2 h5h4 e3d5 f6d5 g2d5 b7b6 b4b5 d8d7 b3f3 e6d5 d1d5 e7e6 f3d3 c8c7 e2e4 h6f8 b2a3 c7c8 g1g2 h4h3 g2f1 f7f5 f1e2 d7f7 e4f5 e6f5 d3f5 g6f5 e2d3 f7f6 f2f4 f6e6 a3b4 g8f7 a4a5 f8e7 a5a6 f7g6 b4d2 c8c7 c2c1 c7c8 d2e3 g6h5 f4e5 d6e5 d3e2 e7d6 c4c5 b6c5 c1d1 d6e7 d5d7 c8b8 d1b1 b8a8 b1f1 a8b8 f1f5 h5g6 d7b7 b8b7 a6b7 e6b6 f5e5 b6b7 e2d3 g6f6 d3e4 e7d6 e5d5 b7e7 e4d3 d6g3 h2g3 e7h7 d5c5 h3h2 c5c1 h2h1q c1h1 h7h1 e3a7 f6e7 a7e3 h1d1 d3c2 d1d5 b5b6 e7d7 e3f4 d7c6 f4c7 c6b7 c2c3 b7c6 c3c4 d5d2 c7f4 d2b2 c4d3 b2b6 d3e4 b6b4 e4f5 b4b3 g3g4 c6d7 g4g5 b3b6 f4h2 b6a6 h2f4 d7e8 f5g4 e8d7 g4f5 d7e8 f5g4
Finished game 298 (base vs dev): 1-0 {White wins by adjudication}
Started game 300 of 4000 (base vs dev)
Finished game 295 (dev vs base): 1/2-1/2 {Draw by insufficient mating material}
Started game 301 of 4000 (dev vs base)
Warning; Bestmove does not match beginning of last PV - move e3e4 from dev
Info; info depth 13 score cp 0 nodes 12305 nps 455740 time 27 pv g5f3
Position; startpos
Moves; c2c4 e7e5 b1c3 g8f6 g1f3 b8c6 e2e3 f8b4 d1c2 b4c3 c2c3 d8e7 a2a3 a7a5 f1e2 e8g8 b2b3 d7d5 d2d3 e5e4 d3e4 f6e4 c3c2 f8d8 c1b2 c8f5 c2c1 a5a4 b3b4 c6b4 a3b4 e7b4 e1f1 c7c5 h2h4 d5c4 b2a3 b4a5 c1c4 a8b8 c4b5 a5b5 e2b5 e4c3 b5e2 b7b5 a3c5 b5b4 c5d4 d8d4 f3d4 b4b3 f2f3 b3b2 f1f2 b2a1q h1a1 c3e2 d4f5 e2c3 f5d4 b8b2 f2g3 c3a2 h4h5 g8f8 g3h3 a4a3 g2g4 f7f6 f3f4 f8f7 h3h4 b2h2 h4g3 h2b2 g4g5 f6g5 f4g5 g7g6 h5g6 h7g6 g3f4 f7e7 f4e5 b2g2 e5d5 a2c3 d5c4 c3e4 a1a3 e4g5 c4d3 g2h2 a3a6 g5f7 d4f3 h2f2 d3e4 f7d6 e4f4 g6g5 f4g4 f2g2 g4h5 g2g3 f3g5 g3g1 g5f3 g1g3 f3g5 g3g1
Finished game 297 (dev vs base): 1/2-1/2 {Draw by insufficient mating material}
Started game 302 of 4000 (base vs dev)
